Archive member included to satisfy reference by file (symbol)

d:/facultate/vub_sem1/operating_systems/project/chibistudio_windows_2020-04/chibistudio/tools/gnu tools arm embedded/9.0 2019q4/bin/../lib/gcc/arm-none-eabi/9.2.1/../../../../arm-none-eabi/lib/thumb/v7e-m/nofp\libg.a(lib_a-memcmp.o)
                              C:\Users\baciu\AppData\Local\Temp\ch.elf.jPVN1l.ltrans0.ltrans.o (memcmp)
d:/facultate/vub_sem1/operating_systems/project/chibistudio_windows_2020-04/chibistudio/tools/gnu tools arm embedded/9.0 2019q4/bin/../lib/gcc/arm-none-eabi/9.2.1/../../../../arm-none-eabi/lib/thumb/v7e-m/nofp\libg.a(lib_a-memcpy.o)
                              C:\Users\baciu\AppData\Local\Temp\ch.elf.jPVN1l.ltrans0.ltrans.o (memcpy)
d:/facultate/vub_sem1/operating_systems/project/chibistudio_windows_2020-04/chibistudio/tools/gnu tools arm embedded/9.0 2019q4/bin/../lib/gcc/arm-none-eabi/9.2.1/../../../../arm-none-eabi/lib/thumb/v7e-m/nofp\libg.a(lib_a-memset.o)
                              C:\Users\baciu\AppData\Local\Temp\ch.elf.jPVN1l.ltrans0.ltrans.o (memset)
d:/facultate/vub_sem1/operating_systems/project/chibistudio_windows_2020-04/chibistudio/tools/gnu tools arm embedded/9.0 2019q4/bin/../lib/gcc/arm-none-eabi/9.2.1/../../../../arm-none-eabi/lib/thumb/v7e-m/nofp\libg.a(lib_a-strncmp.o)
                              C:\Users\baciu\AppData\Local\Temp\ch.elf.jPVN1l.ltrans0.ltrans.o (strncmp)
d:/facultate/vub_sem1/operating_systems/project/chibistudio_windows_2020-04/chibistudio/tools/gnu tools arm embedded/9.0 2019q4/bin/../lib/gcc/arm-none-eabi/9.2.1/../../../../arm-none-eabi/lib/thumb/v7e-m/nofp\libg.a(lib_a-strncpy.o)
                              C:\Users\baciu\AppData\Local\Temp\ch.elf.jPVN1l.ltrans0.ltrans.o (strncpy)

Discarded input sections

 .data          0x00000000        0x0 ./build/obj/crt0_v7m.o
 .bss           0x00000000        0x0 ./build/obj/crt0_v7m.o
 .data          0x00000000        0x0 ./build/obj/vectors.o
 .bss           0x00000000        0x0 ./build/obj/vectors.o
 .data          0x00000000        0x0 ./build/obj/chcoreasm_v7m.o
 .bss           0x00000000        0x0 ./build/obj/chcoreasm_v7m.o
 .text          0x00000000        0x0 C:\Users\baciu\AppData\Local\Temp\ch.elf.jPVN1l.ltrans0.ltrans.o
 .data          0x00000000        0x0 C:\Users\baciu\AppData\Local\Temp\ch.elf.jPVN1l.ltrans0.ltrans.o
 .bss           0x00000000        0x0 C:\Users\baciu\AppData\Local\Temp\ch.elf.jPVN1l.ltrans0.ltrans.o
 .comment       0x00000000       0x7a C:\Users\baciu\AppData\Local\Temp\ccdRl9DY.debug.temp.o
 .comment       0x00000000       0x7a C:\Users\baciu\AppData\Local\Temp\cccxm5fp.debug.temp.o
 .comment       0x00000000       0x7a C:\Users\baciu\AppData\Local\Temp\ccrzE65S.debug.temp.o
 .comment       0x00000000       0x7a C:\Users\baciu\AppData\Local\Temp\ccCXMEEm.debug.temp.o
 .comment       0x00000000       0x7a C:\Users\baciu\AppData\Local\Temp\ccPks45Q.debug.temp.o
 .comment       0x00000000       0x7a C:\Users\baciu\AppData\Local\Temp\ccCuTGfl.debug.temp.o
 .debug_info    0x00000000      0xfa4 C:\Users\baciu\AppData\Local\Temp\cctGmgXN.debug.temp.o
 .debug_abbrev  0x00000000      0x19a C:\Users\baciu\AppData\Local\Temp\cctGmgXN.debug.temp.o
 .debug_line    0x00000000      0x49e C:\Users\baciu\AppData\Local\Temp\cctGmgXN.debug.temp.o
 .debug_str     0x00000000      0x952 C:\Users\baciu\AppData\Local\Temp\cctGmgXN.debug.temp.o
 .comment       0x00000000       0x7a C:\Users\baciu\AppData\Local\Temp\cctGmgXN.debug.temp.o
 .comment       0x00000000       0x7a C:\Users\baciu\AppData\Local\Temp\ccSBk2mg.debug.temp.o
 .comment       0x00000000       0x7a C:\Users\baciu\AppData\Local\Temp\ccHAlkBJ.debug.temp.o
 .comment       0x00000000       0x7a C:\Users\baciu\AppData\Local\Temp\cc4kU5xc.debug.temp.o
 .comment       0x00000000       0x7a C:\Users\baciu\AppData\Local\Temp\ccL3O5II.debug.temp.o
 .comment       0x00000000       0x7a C:\Users\baciu\AppData\Local\Temp\ccWpWxGe.debug.temp.o
 .debug_info    0x00000000     0x1822 C:\Users\baciu\AppData\Local\Temp\ccl51TsL.debug.temp.o
 .debug_abbrev  0x00000000      0x1fd C:\Users\baciu\AppData\Local\Temp\ccl51TsL.debug.temp.o
 .debug_line    0x00000000      0x4bf C:\Users\baciu\AppData\Local\Temp\ccl51TsL.debug.temp.o
 .debug_str     0x00000000      0xd42 C:\Users\baciu\AppData\Local\Temp\ccl51TsL.debug.temp.o
 .comment       0x00000000       0x7a C:\Users\baciu\AppData\Local\Temp\ccl51TsL.debug.temp.o
 .debug_info    0x00000000      0xfa4 C:\Users\baciu\AppData\Local\Temp\ccIBFnXh.debug.temp.o
 .debug_abbrev  0x00000000      0x19a C:\Users\baciu\AppData\Local\Temp\ccIBFnXh.debug.temp.o
 .debug_line    0x00000000      0x49e C:\Users\baciu\AppData\Local\Temp\ccIBFnXh.debug.temp.o
 .debug_str     0x00000000      0x964 C:\Users\baciu\AppData\Local\Temp\ccIBFnXh.debug.temp.o
 .comment       0x00000000       0x7a C:\Users\baciu\AppData\Local\Temp\ccIBFnXh.debug.temp.o
 .debug_info    0x00000000      0xfa4 C:\Users\baciu\AppData\Local\Temp\ccbF2oZM.debug.temp.o
[...]
Memory Configuration

Name             Origin             Length             Attributes
flash0           0x08000000         0x00100000         xr
flash1           0x00000000         0x00000000         xr
flash2           0x00000000         0x00000000         xr
flash3           0x00000000         0x00000000         xr
flash4           0x00000000         0x00000000         xr
flash5           0x00000000         0x00000000         xr
flash6           0x00000000         0x00000000         xr
flash7           0x00000000         0x00000000         xr
ram0             0x20000000         0x00020000         xw
ram1             0x20000000         0x0001c000         xw
ram2             0x2001c000         0x00004000         xw
ram3             0x00000000         0x00000000         xw
ram4             0x10000000         0x00010000         xw
ram5             0x40024000         0x00001000         xw
ram6             0x00000000         0x00000000         xw
ram7             0x00000000         0x00000000         xw
*default*        0x00000000         0xffffffff

Linker script and memory map

LOAD ./build/obj/crt0_v7m.o
LOAD ./build/obj/vectors.o
LOAD ./build/obj/chcoreasm_v7m.o
LOAD C:\Users\baciu\AppData\Local\Temp\ch.elf.jPVN1l.ltrans0.ltrans.o
LOAD C:\Users\baciu\AppData\Local\Temp\ccdRl9DY.debug.temp.o
LOAD C:\Users\baciu\AppData\Local\Temp\cccxm5fp.debug.temp.o
LOAD C:\Users\baciu\AppData\Local\Temp\ccrzE65S.debug.temp.o
LOAD C:\Users\baciu\AppData\Local\Temp\ccCXMEEm.debug.temp.o
LOAD C:\Users\baciu\AppData\Local\Temp\ccPks45Q.debug.temp.o
LOAD C:\Users\baciu\AppData\Local\Temp\ccCuTGfl.debug.temp.o
LOAD C:\Users\baciu\AppData\Local\Temp\cctGmgXN.debug.temp.o
LOAD C:\Users\baciu\AppData\Local\Temp\ccSBk2mg.debug.temp.o
LOAD C:\Users\baciu\AppData\Local\Temp\ccHAlkBJ.debug.temp.o
LOAD C:\Users\baciu\AppData\Local\Temp\cc4kU5xc.debug.temp.o
LOAD C:\Users\baciu\AppData\Local\Temp\ccL3O5II.debug.temp.o
LOAD C:\Users\baciu\AppData\Local\Temp\ccWpWxGe.debug.temp.o
LOAD C:\Users\baciu\AppData\Local\Temp\ccl51TsL.debug.temp.o
LOAD C:\Users\baciu\AppData\Local\Temp\ccIBFnXh.debug.temp.o
LOAD C:\Users\baciu\AppData\Local\Temp\ccbF2oZM.debug.temp.o
LOAD C:\Users\baciu\AppData\Local\Temp\ccapDCJh.debug.temp.o
LOAD C:\Users\baciu\AppData\Local\Temp\ccZR9WmN.debug.temp.o
LOAD C:\Users\baciu\AppData\Local\Temp\ccUTQyIi.debug.temp.o
LOAD C:\Users\baciu\AppData\Local\Temp\ccrLAnMN.debug.temp.o
LOAD C:\Users\baciu\AppData\Local\Temp\ccexbH4l.debug.temp.o
LOAD C:\Users\baciu\AppData\Local\Temp\ccB5xd5T.debug.temp.o
LOAD C:\Users\baciu\AppData\Local\Temp\cc6LgCYs.debug.temp.o
LOAD C:\Users\baciu\AppData\Local\Temp\ccTPksA1.debug.temp.o
LOAD C:\Users\baciu\AppData\Local\Temp\ccImD6Jy.debug.temp.o
LOAD C:\Users\baciu\AppData\Local\Temp\ccHwBLB5.debug.temp.o
LOAD C:\Users\baciu\AppData\Local\Temp\ccGESymD.debug.temp.o
LOAD C:\Users\baciu\AppData\Local\Temp\ccB6WBPa.debug.temp.o
LOAD C:\Users\baciu\AppData\Local\Temp\ccw2CQwL.debug.temp.o
LOAD C:\Users\baciu\AppData\Local\Temp\ccZJQyWl.debug.temp.o
LOAD C:\Users\baciu\AppData\Local\Temp\ccKONafX.debug.temp.o
LOAD C:\Users\baciu\AppData\Local\Temp\cc7INZfy.debug.temp.o
LOAD C:\Users\baciu\AppData\Local\Temp\ccw61CO7.debug.temp.o
LOAD C:\Users\baciu\AppData\Local\Temp\ccbOkH5G.debug.temp.o
LOAD C:\Users\baciu\AppData\Local\Temp\ccgBZOfh.debug.temp.o
LOAD C:\Users\baciu\AppData\Local\Temp\ccf9nN3Q.debug.temp.o
LOAD C:\Users\baciu\AppData\Local\Temp\ccOxOT5t.debug.temp.o
LOAD C:\Users\baciu\AppData\Local\Temp\ccBHviQ6.debug.temp.o
LOAD C:\Users\baciu\AppData\Local\Temp\ccS03ttK.debug.temp.o
LOAD C:\Users\baciu\AppData\Local\Temp\cczT37On.debug.temp.o
LOAD C:\Users\baciu\AppData\Local\Temp\cckgwjIZ.debug.temp.o
LOAD C:\Users\baciu\AppData\Local\Temp\cc1WLKjB.debug.temp.o
LOAD C:\Users\baciu\AppData\Local\Temp\ccOK9kOd.debug.temp.o
LOAD C:\Users\baciu\AppData\Local\Temp\cc38WQWP.debug.temp.o
LOAD C:\Users\baciu\AppData\Local\Temp\ccul3Qjv.debug.temp.o
LOAD C:\Users\baciu\AppData\Local\Temp\cc5Gl0oa.debug.temp.o
LOAD C:\Users\baciu\AppData\Local\Temp\ccAP4ZmQ.debug.temp.o
LOAD C:\Users\baciu\AppData\Local\Temp\ccJQRWYv.debug.temp.o
LOAD C:\Users\baciu\AppData\Local\Temp\ccinCl89.debug.temp.o
LOAD C:\Users\baciu\AppData\Local\Temp\ccD0Pf0N.debug.temp.o
LOAD C:\Users\baciu\AppData\Local\Temp\cc4I81Ks.debug.temp.o
LOAD C:\Users\baciu\AppData\Local\Temp\ccB6E1Fa.debug.temp.o
LOAD C:\Users\baciu\AppData\Local\Temp\ccW5l7iS.debug.temp.o
LOAD C:\Users\baciu\AppData\Local\Temp\ccj4z4OA.debug.temp.o
LOAD C:\Users\baciu\AppData\Local\Temp\cciSQe3i.debug.temp.o
LOAD C:\Users\baciu\AppData\Local\Temp\ccxuhfPZ.debug.temp.o
LOAD C:\Users\baciu\AppData\Local\Temp\cceH7afG.debug.temp.o
LOAD C:\Users\baciu\AppData\Local\Temp\ccfOrSxn.debug.temp.o
LOAD C:\Users\baciu\AppData\Local\Temp\ccWSp4y4.debug.temp.o
LOAD C:\Users\baciu\AppData\Local\Temp\cc11hvOO.debug.temp.o
LOAD C:\Users\baciu\AppData\Local\Temp\ccwIy7Ly.debug.temp.o
LOAD C:\Users\baciu\AppData\Local\Temp\ccnS6DCj.debug.temp.o
LOAD C:\Users\baciu\AppData\Local\Temp\cceYgj73.debug.temp.o
LOAD C:\Users\baciu\AppData\Local\Temp\cc5rlv9M.debug.temp.o
LOAD C:\Users\baciu\AppData\Local\Temp\ccmvBTPv.debug.temp.o
LOAD C:\Users\baciu\AppData\Local\Temp\cc7FFNof.debug.temp.o
LOAD C:\Users\baciu\AppData\Local\Temp\ccCUVcGY.debug.temp.o
LOAD C:\Users\baciu\AppData\Local\Temp\ccbJlObL.debug.temp.o
LOAD C:\Users\baciu\AppData\Local\Temp\ccggMClx.debug.temp.o

.mstack         0x20000000      0x400
                0x20000000                . = ALIGN (0x8)
                0x20000000                __main_stack_base__ = .
                0x20000400                . = (. + __main_stack_size__)
 *fill*         0x20000000      0x400 
                0x20000400                . = ALIGN (0x8)
                0x20000400                __main_stack_end__ = .

.pstack         0x20000400      0x400
                0x20000400                . = ALIGN (0x8)
                0x20000400                __process_stack_base__ = .
                0x20000400                __main_thread_stack_base__ = .
                0x20000800                . = (. + __process_stack_size__)
 *fill*         0x20000400      0x400 
                0x20000800                . = ALIGN (0x8)
                0x20000800                __process_stack_end__ = .
                0x20000800                __main_thread_stack_end__ = .

.vectors        0x08000000      0x1e0
 *(.vectors)
 .vectors       0x08000000      0x1e0 ./build/obj/vectors.o
                0x08000000                _vectors

.xtors          0x080001e0        0x0
                0x080001e0                __init_array_base__ = .
 *(SORT_BY_NAME(.init_array.*))
 *(.init_array)
                0x080001e0                __init_array_end__ = .
                0x080001e0                __fini_array_base__ = .
 *(.fini_array)
 *(SORT_BY_NAME(.fini_array.*))
                0x080001e0                __fini_array_end__ = .

.text           0x080001e0     0x8e28
                0x080001e0                __text_base__ = .
 *(.text)
 .text          0x080001e0       0xd8 ./build/obj/crt0_v7m.o
                0x080001e0                _crt0_entry
 .text          0x080002b8        0x8 ./build/obj/vectors.o
                0x080002b8                Reset_Handler
                0x080002ba                VectorE8
                0x080002ba                Vector9C
                0x080002ba                VectorAC
                0x080002ba                DebugMon_Handler
                0x080002ba                Vector1A0
                0x080002ba                Vector5C
                0x080002ba                Vector11C
                0x080002ba                HardFault_Handler
                0x080002ba                Vector1B8
                0x080002ba                Vector19C
                0x080002ba                Vector8C
                0x080002ba                SysTick_Handler
                0x080002ba                VectorDC
                0x080002ba                PendSV_Handler
                0x080002ba                Vector168
                0x080002ba                NMI_Handler
                0x080002ba                Vector110
                0x080002ba                Vector120
                0x080002ba                Vector1D8
                0x080002ba                VectorC8
                0x080002ba                Vector94
                0x080002ba                VectorA8
                0x080002ba                VectorB4
                0x080002ba                Vector74
                0x080002ba                Vector160
                0x080002ba                Vector1B0
                0x080002ba                UsageFault_Handler
                0x080002ba                VectorEC
                0x080002ba                Vector40
                0x080002ba                VectorF8
                0x080002ba                Vector108
                0x080002ba                VectorBC
                0x080002ba                Vector190
                0x080002ba                Vector150
                0x080002ba                Vector124
                0x080002ba                Vector1C4
                0x080002ba                Vector1CC
                0x080002ba                Vector148
                0x080002ba                Vector188
                0x080002ba                Vector198
                0x080002ba                Vector118
                0x080002ba                Vector64
                0x080002ba                Vector58
                0x080002ba                VectorCC
                0x080002ba                Vector54
                0x080002ba                Vector98
                0x080002ba                Vector138
                0x080002ba                Vector24
                0x080002ba                Vector1AC
                0x080002ba                Vector178
                0x080002ba                Vector84
                0x080002ba                Vector1A4
                0x080002ba                VectorD0
                0x080002ba                Vector1B4
                0x080002ba                Vector140
                0x080002ba                VectorE4
                0x080002ba                VectorC0
                0x080002ba                Vector158
                0x080002ba                Vector130
                0x080002ba                Vector1C0
                0x080002ba                Vector134
                0x080002ba                Vector1D0
                0x080002ba                VectorF0
                0x080002ba                Vector12C
                0x080002ba                Vector13C
                0x080002ba                Vector100
                0x080002ba                VectorE0
                0x080002ba                VectorF4
                0x080002ba                MemManage_Handler
                0x080002ba                Vector6C
                0x080002ba                VectorA0
                0x080002ba                VectorC4
                0x080002ba                Vector7C
                0x080002ba                Vector180
                0x080002ba                Vector90
                0x080002ba                Vector114
                0x080002ba                Vector164
                0x080002ba                Vector60
                0x080002ba                Vector1C
                0x080002ba                Vector1BC
                0x080002ba                Vector1D4
                0x080002ba                Vector17C
                0x080002ba                Vector48
                0x080002ba                Vector1A8
                0x080002ba                Vector16C
                0x080002ba                Vector70
                0x080002ba                VectorD4
                0x080002ba                Vector4C
                0x080002ba                Vector144
                0x080002ba                Vector80
                0x080002ba                Vector15C
                0x080002ba                Vector68
                0x080002ba                Vector78
                0x080002ba                Vector18C
                0x080002ba                Vector170
                0x080002ba                Vector88
                0x080002ba                Vector104
                0x080002ba                Vector184
                0x080002ba                Vector10C
                0x080002ba                Vector14C
                0x080002ba                BusFault_Handler
                0x080002ba                Vector50
                0x080002ba                Vector1C8
                0x080002ba                Vector194
                0x080002ba                Vector1DC
                0x080002ba                Vector154
                0x080002ba                Vector44
                0x080002ba                Vector28
                0x080002ba                VectorB8
                0x080002ba                VectorFC
                0x080002ba                Vector34
                0x080002ba                Vector128
                0x080002ba                VectorA4
                0x080002ba                Vector20
                0x080002ba                Vector174
                0x080002be                _unhandled_exception
 .text          0x080002c0       0x2a ./build/obj/chcoreasm_v7m.o
                0x080002c0                _port_switch
                0x080002d0                _port_thread_start
                0x080002e2                _port_switch_from_isr
                0x080002e6                _port_exit_from_isr
 *fill*         0x080002ea        0x2 
 .text          0x080002ec      0x134 d:/facultate/vub_sem1/operating_systems/project/chibistudio_windows_2020-04/chibistudio/tools/gnu tools arm embedded/9.0 2019q4/bin/../lib/gcc/arm-none-eabi/9.2.1/../../../../arm-none-eabi/lib/thumb/v7e-m/nofp\libg.a(lib_a-memcpy.o)
                0x080002ec                memcpy
 *(.text.*)
 .text._pal_lld_setgroupmode.constprop.0
                0x08000420       0x90 C:\Users\baciu\AppData\Local\Temp\ch.elf.jPVN1l.ltrans0.ltrans.o
 .text.chMtxTryLock.constprop.0
                0x080004b0       0x34 C:\Users\baciu\AppData\Local\Temp\ch.elf.jPVN1l.ltrans0.ltrans.o
 *fill*         0x080004e4        0xc 
 .text.chEvtGetAndClearEvents.constprop.0
                0x080004f0       0x1c C:\Users\baciu\AppData\Local\Temp\ch.elf.jPVN1l.ltrans0.ltrans.o
 *fill*         0x0800050c        0x4 
 .text._test_assert_time_window.constprop.0
                0x08000510       0x34 C:\Users\baciu\AppData\Local\Temp\ch.elf.jPVN1l.ltrans0.ltrans.o
 *fill*         0x08000544        0xc 
 .text.chCoreAllocFromTop
                0x08000550       0x3c C:\Users\baciu\AppData\Local\Temp\ch.elf.jPVN1l.ltrans0.ltrans.o
 *fill*         0x0800058c        0x4 
 .text.notify2  0x08000590       0x10 C:\Users\baciu\AppData\Local\Temp\ch.elf.jPVN1l.ltrans0.ltrans.o
 .text.oslib_test_008_001_setup
                0x080005a0       0x38 C:\Users\baciu\AppData\Local\Temp\ch.elf.jPVN1l.ltrans0.ltrans.o
 *fill*         0x080005d8        0x8 
 .text.oslib_test_007_003_setup
                0x080005e0       0x1c C:\Users\baciu\AppData\Local\Temp\ch.elf.jPVN1l.ltrans0.ltrans.o
 *fill*         0x080005fc        0x4 
 .text.oslib_test_007_002_setup
                0x08000600        0x4 C:\Users\baciu\AppData\Local\Temp\ch.elf.jPVN1l.ltrans0.ltrans.o
 *fill*         0x08000604        0xc 
 .text.null_provider
                0x08000610        0x4 C:\Users\baciu\AppData\Local\Temp\ch.elf.jPVN1l.ltrans0.ltrans.o
 *fill*         0x08000614        0xc 
 .text.oslib_test_007_001_setup
                0x08000620       0x14 C:\Users\baciu\AppData\Local\Temp\ch.elf.jPVN1l.ltrans0.ltrans.o
 *fill*         0x08000634        0xc 
 .text.__ch_delegate_fn0
                0x08000640        0xc C:\Users\baciu\AppData\Local\Temp\ch.elf.jPVN1l.ltrans0.ltrans.o
 *fill*         0x0800064c        0x4 
 .text.__ch_delegate_fn1
                0x08000650       0x1c C:\Users\baciu\AppData\Local\Temp\ch.elf.jPVN1l.ltrans0.ltrans.o
 *fill*         0x0800066c        0x4 
 .text.__ch_delegate_fn2
                0x08000670       0x1c C:\Users\baciu\AppData\Local\Temp\ch.elf.jPVN1l.ltrans0.ltrans.o
 *fill*         0x0800068c        0x4 
 .text.__ch_delegate_fn3
                0x08000690       0x20 C:\Users\baciu\AppData\Local\Temp\ch.elf.jPVN1l.ltrans0.ltrans.o
 .text.__ch_delegate_fn4
                0x080006b0       0x20 C:\Users\baciu\AppData\Local\Temp\ch.elf.jPVN1l.ltrans0.ltrans.o
 .text.oslib_test_003_002_setup
                0x080006d0       0x48 C:\Users\baciu\AppData\Local\Temp\ch.elf.jPVN1l.ltrans0.ltrans.o
 *fill*         0x08000718        0x8 
 .text.oslib_test_003_001_setup
                0x08000720       0x48 C:\Users\baciu\AppData\Local\Temp\ch.elf.jPVN1l.ltrans0.ltrans.o
 *fill*         0x08000768        0x8 
 .text.oslib_test_002_003_setup
                0x08000770       0x34 C:\Users\baciu\AppData\Local\Temp\ch.elf.jPVN1l.ltrans0.ltrans.o
 *fill*         0x080007a4        0xc 
 .text.oslib_test_002_002_setup
                0x080007b0        0x4 C:\Users\baciu\AppData\Local\Temp\ch.elf.jPVN1l.ltrans0.ltrans.o
 *fill*         0x080007b4        0xc 
 .text.oslib_test_002_001_setup
                0x080007c0        0x4 C:\Users\baciu\AppData\Local\Temp\ch.elf.jPVN1l.ltrans0.ltrans.o
 *fill*         0x080007c4        0xc 
 .text.rt_test_011_011_setup
                0x080007d0       0x10 C:\Users\baciu\AppData\Local\Temp\ch.elf.jPVN1l.ltrans0.ltrans.o
 .text.rt_test_011_010_setup
                0x080007e0       0x10 C:\Users\baciu\AppData\Local\Temp\ch.elf.jPVN1l.ltrans0.ltrans.o
 .text.tmo      0x080007f0        0x4 C:\Users\baciu\AppData\Local\Temp\ch.elf.jPVN1l.ltrans0.ltrans.o
 *fill*         0x080007f4        0xc 
 .text.rt_test_011_007_setup
                0x08000800       0x10 C:\Users\baciu\AppData\Local\Temp\ch.elf.jPVN1l.ltrans0.ltrans.o
 .text.rt_test_010_002_setup
                0x08000810       0x18 C:\Users\baciu\AppData\Local\Temp\ch.elf.jPVN1l.ltrans0.ltrans.o
 *fill*         0x08000828        0x8 
 .text.rt_test_010_001_setup
                0x08000830       0x38 C:\Users\baciu\AppData\Local\Temp\ch.elf.jPVN1l.ltrans0.ltrans.o
 *fill*         0x08000868        0x8 
 .text.rt_test_009_007_setup
                0x08000870       0x18 C:\Users\baciu\AppData\Local\Temp\ch.elf.jPVN1l.ltrans0.ltrans.o
 *fill*         0x08000888        0x8 
 .text.rt_test_009_006_setup
                0x08000890        0x4 C:\Users\baciu\AppData\Local\Temp\ch.elf.jPVN1l.ltrans0.ltrans.o
 *fill*         0x08000894        0xc 
 .text.rt_test_009_005_setup
                0x080008a0        0x4 C:\Users\baciu\AppData\Local\Temp\ch.elf.jPVN1l.ltrans0.ltrans.o
 *fill*         0x080008a4        0xc 
 .text.rt_test_009_004_setup
                0x080008b0        0x4 C:\Users\baciu\AppData\Local\Temp\ch.elf.jPVN1l.ltrans0.ltrans.o
 *fill*         0x080008b4        0xc 
 .text.rt_test_009_003_setup
                0x080008c0        0x4 C:\Users\baciu\AppData\Local\Temp\ch.elf.jPVN1l.ltrans0.ltrans.o
 *fill*         0x080008c4        0xc 
 .text.rt_test_009_002_setup
                0x080008d0        0x4 C:\Users\baciu\AppData\Local\Temp\ch.elf.jPVN1l.ltrans0.ltrans.o
 *fill*         0x080008d4        0xc 
 .text.rt_test_007_009_setup
                0x080008e0       0x28 C:\Users\baciu\AppData\Local\Temp\ch.elf.jPVN1l.ltrans0.ltrans.o
 *fill*         0x08000908        0x8 
 .text.rt_test_007_008_setup
                0x08000910       0x1c C:\Users\baciu\AppData\Local\Temp\ch.elf.jPVN1l.ltrans0.ltrans.o
 *fill*         0x0800092c        0x4 
 .text.rt_test_007_007_setup
                0x08000930        0x4 C:\Users\baciu\AppData\Local\Temp\ch.elf.jPVN1l.ltrans0.ltrans.o
 *fill*         0x08000934        0xc 
 .text.rt_test_007_005_setup
                0x08000940       0x10 C:\Users\baciu\AppData\Local\Temp\ch.elf.jPVN1l.ltrans0.ltrans.o
 .text.rt_test_007_004_setup
                0x08000950       0x1c C:\Users\baciu\AppData\Local\Temp\ch.elf.jPVN1l.ltrans0.ltrans.o
 *fill*         0x0800096c        0x4 
 .text.rt_test_007_001_setup
                0x08000970        0x4 C:\Users\baciu\AppData\Local\Temp\ch.elf.jPVN1l.ltrans0.ltrans.o
 *fill*         0x08000974        0xc 
 .text.rt_test_006_005_setup
                0x08000980       0x10 C:\Users\baciu\AppData\Local\Temp\ch.elf.jPVN1l.ltrans0.ltrans.o
 .text.rt_test_006_004_setup
                0x08000990        0x4 C:\Users\baciu\AppData\Local\Temp\ch.elf.jPVN1l.ltrans0.ltrans.o
 *fill*         0x08000994        0xc 
 .text.rt_test_006_003_setup
                0x080009a0        0x4 C:\Users\baciu\AppData\Local\Temp\ch.elf.jPVN1l.ltrans0.ltrans.o
 *fill*         0x080009a4        0xc 
 .text.rt_test_006_002_setup
                0x080009b0        0x4 C:\Users\baciu\AppData\Local\Temp\ch.elf.jPVN1l.ltrans0.ltrans.o
 *fill*         0x080009b4        0xc 
 .text.rt_test_006_001_setup
                0x080009c0       0x10 C:\Users\baciu\AppData\Local\Temp\ch.elf.jPVN1l.ltrans0.ltrans.o
 .text.rt_test_005_001_setup
                0x080009d0        0xc C:\Users\baciu\AppData\Local\Temp\ch.elf.jPVN1l.ltrans0.ltrans.o
 *fill*         0x080009dc        0x4 
 .text._test_assert
                0x080009e0       0x28 C:\Users\baciu\AppData\Local\Temp\ch.elf.jPVN1l.ltrans0.ltrans.o
 *fill*         0x08000a08        0x8 
 .text.rt_test_003_002_execute
                0x08000a10        0xc C:\Users\baciu\AppData\Local\Temp\ch.elf.jPVN1l.ltrans0.ltrans.o
 *fill*         0x08000a1c        0x4 
 .text.rt_test_003_001_execute
                0x08000a20       0x18 C:\Users\baciu\AppData\Local\Temp\ch.elf.jPVN1l.ltrans0.ltrans.o
 *fill*         0x08000a38        0x8 
 .text.rt_test_002_003_execute
                0x08000a40       0x24 C:\Users\baciu\AppData\Local\Temp\ch.elf.jPVN1l.ltrans0.ltrans.o
 *fill*         0x08000a64        0xc 
 .text.test_terminate_threads
                0x08000a70       0x34 C:\Users\baciu\AppData\Local\Temp\ch.elf.jPVN1l.ltrans0.ltrans.o
 *fill*         0x08000aa4        0xc 
 .text.test_printn.part.0
                0x08000ab0       0x54 C:\Users\baciu\AppData\Local\Temp\ch.elf.jPVN1l.ltrans0.ltrans.o
 *fill*         0x08000b04        0xc 
 .text.test_printn
                0x08000b10       0x18 C:\Users\baciu\AppData\Local\Temp\ch.elf.jPVN1l.ltrans0.ltrans.o
 *fill*         0x08000b28        0x8 
 .text.test_emit_token
                0x08000b30       0x28 C:\Users\baciu\AppData\Local\Temp\ch.elf.jPVN1l.ltrans0.ltrans.o
 *fill*         0x08000b58        0x8 
 .text.obj_write
                0x08000b60       0x10 C:\Users\baciu\AppData\Local\Temp\ch.elf.jPVN1l.ltrans0.ltrans.o
 .text.dis_func0
                0x08000b70       0x10 C:\Users\baciu\AppData\Local\Temp\ch.elf.jPVN1l.ltrans0.ltrans.o
 .text.dis_func1
                0x08000b80       0x10 C:\Users\baciu\AppData\Local\Temp\ch.elf.jPVN1l.ltrans0.ltrans.o
 .text.dis_func2
                0x08000b90       0x18 C:\Users\baciu\AppData\Local\Temp\ch.elf.jPVN1l.ltrans0.ltrans.o
 *fill*         0x08000ba8        0x8 
 .text.dis_func3
                0x08000bb0       0x20 C:\Users\baciu\AppData\Local\Temp\ch.elf.jPVN1l.ltrans0.ltrans.o
 .text.dis_func4
                0x08000bd0       0x28 C:\Users\baciu\AppData\Local\Temp\ch.elf.jPVN1l.ltrans0.ltrans.o
 *fill*         0x08000bf8        0x8 
 .text.dis_func_end
                0x08000c00       0x18 C:\Users\baciu\AppData\Local\Temp\ch.elf.jPVN1l.ltrans0.ltrans.o
 *fill*         0x08000c18        0x8 
 .text.h3       0x08000c20        0x8 C:\Users\baciu\AppData\Local\Temp\ch.elf.jPVN1l.ltrans0.ltrans.o
 *fill*         0x08000c28        0x8 
 .text.h2       0x08000c30        0x8 C:\Users\baciu\AppData\Local\Temp\ch.elf.jPVN1l.ltrans0.ltrans.o
 *fill*         0x08000c38        0x8 
 .text.h1       0x08000c40        0x8 C:\Users\baciu\AppData\Local\Temp\ch.elf.jPVN1l.ltrans0.ltrans.o
 *fill*         0x08000c48        0x8 
 .text.thread   0x08000c50        0x8 C:\Users\baciu\AppData\Local\Temp\ch.elf.jPVN1l.ltrans0.ltrans.o
 *fill*         0x08000c58        0x8 
 .text.dyn_thread1
                0x08000c60        0x4 C:\Users\baciu\AppData\Local\Temp\ch.elf.jPVN1l.ltrans0.ltrans.o
 *fill*         0x08000c64        0xc 
 .text.test_println
                0x08000c70       0x38 C:\Users\baciu\AppData\Local\Temp\ch.elf.jPVN1l.ltrans0.ltrans.o
 *fill*         0x08000ca8        0x8 
 .text.test_print
                0x08000cb0       0x24 C:\Users\baciu\AppData\Local\Temp\ch.elf.jPVN1l.ltrans0.ltrans.o
 *fill*         0x08000cd4        0xc 
 .text._test_assert_sequence
                0x08000ce0       0x4c C:\Users\baciu\AppData\Local\Temp\ch.elf.jPVN1l.ltrans0.ltrans.o
 *fill*         0x08000d2c        0x4 
 .text.rt_test_009_002_execute
                0x08000d30       0x50 C:\Users\baciu\AppData\Local\Temp\ch.elf.jPVN1l.ltrans0.ltrans.o
 .text.print_line
                0x08000d80       0x2c C:\Users\baciu\AppData\Local\Temp\ch.elf.jPVN1l.ltrans0.ltrans.o
 *fill*         0x08000dac        0x4 
 .text._port_irq_epilogue
                0x08000db0       0x4c C:\Users\baciu\AppData\Local\Temp\ch.elf.jPVN1l.ltrans0.ltrans.o
 *fill*         0x08000dfc        0x4 
 .text.chCoreAllocAlignedI
                0x08000e00       0x28 C:\Users\baciu\AppData\Local\Temp\ch.elf.jPVN1l.ltrans0.ltrans.o
 *fill*         0x08000e28        0x8 
 .text.chPoolAlloc
                0x08000e30       0x30 C:\Users\baciu\AppData\Local\Temp\ch.elf.jPVN1l.ltrans0.ltrans.o
 .text.oslib_test_007_001_execute
                0x08000e60      0x110 C:\Users\baciu\AppData\Local\Temp\ch.elf.jPVN1l.ltrans0.ltrans.o
 .text.chEvtAddEvents
                0x08000f70       0x1c C:\Users\baciu\AppData\Local\Temp\ch.elf.jPVN1l.ltrans0.ltrans.o
 *fill*         0x08000f8c        0x4 
 .text.chEvtUnregister
                0x08000f90       0x2c C:\Users\baciu\AppData\Local\Temp\ch.elf.jPVN1l.ltrans0.ltrans.o
 *fill*         0x08000fbc        0x4 
 .text.rt_test_009_001_execute
                0x08000fc0       0xf4 C:\Users\baciu\AppData\Local\Temp\ch.elf.jPVN1l.ltrans0.ltrans.o
 *fill*         0x080010b4        0xc 
 .text.chTMStopMeasurementX
                0x080010c0       0x44 C:\Users\baciu\AppData\Local\Temp\ch.elf.jPVN1l.ltrans0.ltrans.o
 *fill*         0x08001104        0xc 
 .text.chTMStartMeasurementX
                0x08001110        0xc C:\Users\baciu\AppData\Local\Temp\ch.elf.jPVN1l.ltrans0.ltrans.o
 *fill*         0x0800111c        0x4 
 .text.chThdCreateSuspendedI
                0x08001120       0x78 C:\Users\baciu\AppData\Local\Temp\ch.elf.jPVN1l.ltrans0.ltrans.o
 *fill*         0x08001198        0x8 
 .text.wakeup   0x080011a0       0x6c C:\Users\baciu\AppData\Local\Temp\ch.elf.jPVN1l.ltrans0.ltrans.o
 *fill*         0x0800120c        0x4 
 .text.chSchReadyI
                0x08001210       0x24 C:\Users\baciu\AppData\Local\Temp\ch.elf.jPVN1l.ltrans0.ltrans.o
 *fill*         0x08001234        0xc 
 .text.chThdDequeueNextI.constprop.0
                0x08001240       0x18 C:\Users\baciu\AppData\Local\Temp\ch.elf.jPVN1l.ltrans0.ltrans.o
 *fill*         0x08001258        0x8 
 .text.chMBPostI.constprop.0
                0x08001260       0x48 C:\Users\baciu\AppData\Local\Temp\ch.elf.jPVN1l.ltrans0.ltrans.o
 *fill*         0x080012a8        0x8 
 .text.chMBPostAheadI.constprop.0
                0x080012b0       0x48 C:\Users\baciu\AppData\Local\Temp\ch.elf.jPVN1l.ltrans0.ltrans.o
 *fill*         0x080012f8        0x8 
 .text.chMBFetchI.constprop.0
                0x08001300       0x48 C:\Users\baciu\AppData\Local\Temp\ch.elf.jPVN1l.ltrans0.ltrans.o
 *fill*         0x08001348        0x8 
 .text.chThdDequeueAllI.constprop.0
                0x08001350       0x24 C:\Users\baciu\AppData\Local\Temp\ch.elf.jPVN1l.ltrans0.ltrans.o
 *fill*         0x08001374        0xc 
 .text.chCondSignalI.constprop.0
                0x08001380       0x1c C:\Users\baciu\AppData\Local\Temp\ch.elf.jPVN1l.ltrans0.ltrans.o
 *fill*         0x0800139c        0x4 
 .text.chEvtSignalI
                0x080013a0       0x2c C:\Users\baciu\AppData\Local\Temp\ch.elf.jPVN1l.ltrans0.ltrans.o
 *fill*         0x080013cc        0x4 
 .text.chEvtBroadcastFlagsI
                0x080013d0       0x2c C:\Users\baciu\AppData\Local\Temp\ch.elf.jPVN1l.ltrans0.ltrans.o
 *fill*         0x080013fc        0x4 
 .text.chMtxUnlockS
                0x08001400       0x4c C:\Users\baciu\AppData\Local\Temp\ch.elf.jPVN1l.ltrans0.ltrans.o
 *fill*         0x0800144c        0x4 
 .text.chSemSignalI
                0x08001450       0x20 C:\Users\baciu\AppData\Local\Temp\ch.elf.jPVN1l.ltrans0.ltrans.o
 .text.chCacheReleaseObjectI
                0x08001470       0x80 C:\Users\baciu\AppData\Local\Temp\ch.elf.jPVN1l.ltrans0.ltrans.o
 .text.chVTDoResetI
                0x080014f0       0x80 C:\Users\baciu\AppData\Local\Temp\ch.elf.jPVN1l.ltrans0.ltrans.o
 .text.chVTDoSetI
                0x08001570       0x84 C:\Users\baciu\AppData\Local\Temp\ch.elf.jPVN1l.ltrans0.ltrans.o
 *fill*         0x080015f4        0xc 
 .text.chSysGetStatusAndLockX.part.0
                0x08001600        0xc C:\Users\baciu\AppData\Local\Temp\ch.elf.jPVN1l.ltrans0.ltrans.o
 *fill*         0x0800160c        0x4 
 .text.chSysIntegrityCheckI
                0x08001610       0xb4 C:\Users\baciu\AppData\Local\Temp\ch.elf.jPVN1l.ltrans0.ltrans.o
 *fill*         0x080016c4        0xc 
 .text.rt_test_002_001_execute
                0x080016d0       0xa8 C:\Users\baciu\AppData\Local\Temp\ch.elf.jPVN1l.ltrans0.ltrans.o
 *fill*         0x08001778        0x8 
 .text._idle_thread
                0x08001780        0x4 C:\Users\baciu\AppData\Local\Temp\ch.elf.jPVN1l.ltrans0.ltrans.o
 *fill*         0x08001784        0xc 
 .text._ctl     0x08001790        0x4 C:\Users\baciu\AppData\Local\Temp\ch.elf.jPVN1l.ltrans0.ltrans.o
 *fill*         0x08001794        0xc 
 .text.oslib_test_001_003_execute
                0x080017a0      0x178 C:\Users\baciu\AppData\Local\Temp\ch.elf.jPVN1l.ltrans0.ltrans.o
 *fill*         0x08001918        0x8 
 .text.oslib_test_001_002_execute
                0x08001920       0x8c C:\Users\baciu\AppData\Local\Temp\ch.elf.jPVN1l.ltrans0.ltrans.o
 *fill*         0x080019ac        0x4 
 .text.rt_test_011_012_execute
                0x080019b0       0xfc C:\Users\baciu\AppData\Local\Temp\ch.elf.jPVN1l.ltrans0.ltrans.o
 *fill*         0x08001aac        0x4 
 .text.rt_test_001_003_execute
                0x08001ab0      0x2d8 C:\Users\baciu\AppData\Local\Temp\ch.elf.jPVN1l.ltrans0.ltrans.o
 *fill*         0x08001d88        0x8 
 .text.rt_test_001_002_execute
                0x08001d90       0x8c C:\Users\baciu\AppData\Local\Temp\ch.elf.jPVN1l.ltrans0.ltrans.o
 *fill*         0x08001e1c        0x4 
 .text.rt_test_001_001_execute
                0x08001e20       0xa8 C:\Users\baciu\AppData\Local\Temp\ch.elf.jPVN1l.ltrans0.ltrans.o
 *fill*         0x08001ec8        0x8 
 .text.oslib_test_001_001_execute
                0x08001ed0        0x4 C:\Users\baciu\AppData\Local\Temp\ch.elf.jPVN1l.ltrans0.ltrans.o
 *fill*         0x08001ed4        0xc 
 .text.dyn_find_object
                0x08001ee0       0x34 C:\Users\baciu\AppData\Local\Temp\ch.elf.jPVN1l.ltrans0.ltrans.o
 *fill*         0x08001f14        0xc 
 .text.dyn_create_object_pool
                0x08001f20       0x50 C:\Users\baciu\AppData\Local\Temp\ch.elf.jPVN1l.ltrans0.ltrans.o
 .text.chThdYield
                0x08001f70       0x58 C:\Users\baciu\AppData\Local\Temp\ch.elf.jPVN1l.ltrans0.ltrans.o
 *fill*         0x08001fc8        0x8 
 .text.bmk_thread8
                0x08001fd0       0x2c C:\Users\baciu\AppData\Local\Temp\ch.elf.jPVN1l.ltrans0.ltrans.o
 *fill*         0x08001ffc        0x4 
 .text.chSchWakeupS
                0x08002000       0x5c C:\Users\baciu\AppData\Local\Temp\ch.elf.jPVN1l.ltrans0.ltrans.o
 *fill*         0x0800205c        0x4 
 .text.chThdCreateStatic.constprop.0
                0x08002060       0x80 C:\Users\baciu\AppData\Local\Temp\ch.elf.jPVN1l.ltrans0.ltrans.o
 .text.chThdResume.constprop.0
                0x080020e0       0x20 C:\Users\baciu\AppData\Local\Temp\ch.elf.jPVN1l.ltrans0.ltrans.o
 .text.Thread1.lto_priv.2
                0x08002100       0x34 C:\Users\baciu\AppData\Local\Temp\ch.elf.jPVN1l.ltrans0.ltrans.o
 *fill*         0x08002134        0xc 
 .text.chCondSignal.constprop.0
                0x08002140       0x28 C:\Users\baciu\AppData\Local\Temp\ch.elf.jPVN1l.ltrans0.ltrans.o
 *fill*         0x08002168        0x8 
 .text.chThdCreateFromMemoryPool.constprop.0
                0x08002170       0x60 C:\Users\baciu\AppData\Local\Temp\ch.elf.jPVN1l.ltrans0.ltrans.o
 .text.chSemSignal
                0x080021d0       0x34 C:\Users\baciu\AppData\Local\Temp\ch.elf.jPVN1l.ltrans0.ltrans.o
 *fill*         0x08002204        0xc 
 .text.chThdCreate
                0x08002210       0x20 C:\Users\baciu\AppData\Local\Temp\ch.elf.jPVN1l.ltrans0.ltrans.o
 .text.chSchGoSleepS
                0x08002230       0x28 C:\Users\baciu\AppData\Local\Temp\ch.elf.jPVN1l.ltrans0.ltrans.o
 *fill*         0x08002258        0x8 
 .text.chEvtWaitOne.constprop.0
                0x08002260       0x38 C:\Users\baciu\AppData\Local\Temp\ch.elf.jPVN1l.ltrans0.ltrans.o
 *fill*         0x08002298        0x8 
 .text.chEvtWaitAny.constprop.0
                0x080022a0       0x38 C:\Users\baciu\AppData\Local\Temp\ch.elf.jPVN1l.ltrans0.ltrans.o
 *fill*         0x080022d8        0x8 
 .text.chEvtWaitAll.constprop.0
                0x080022e0       0x38 C:\Users\baciu\AppData\Local\Temp\ch.elf.jPVN1l.ltrans0.ltrans.o
 *fill*         0x08002318        0x8 
 .text.bmk_thread4
                0x08002320       0x24 C:\Users\baciu\AppData\Local\Temp\ch.elf.jPVN1l.ltrans0.ltrans.o
 *fill*         0x08002344        0xc 
 .text.chSchGoSleepTimeoutS
                0x08002350       0x44 C:\Users\baciu\AppData\Local\Temp\ch.elf.jPVN1l.ltrans0.ltrans.o
 *fill*         0x08002394        0xc 
 .text.chSemWaitTimeout.constprop.0
                0x080023a0       0x50 C:\Users\baciu\AppData\Local\Temp\ch.elf.jPVN1l.ltrans0.ltrans.o
 .text.rt_test_009_006_execute
                0x080023f0      0x170 C:\Users\baciu\AppData\Local\Temp\ch.elf.jPVN1l.ltrans0.ltrans.o
 .text.chGuardedPoolAllocTimeout
                0x08002560       0x68 C:\Users\baciu\AppData\Local\Temp\ch.elf.jPVN1l.ltrans0.ltrans.o
 *fill*         0x080025c8        0x8 
 .text.oslib_test_007_003_execute
                0x080025d0       0x30 C:\Users\baciu\AppData\Local\Temp\ch.elf.jPVN1l.ltrans0.ltrans.o
 .text.chThdEnqueueTimeoutS
                0x08002600       0x28 C:\Users\baciu\AppData\Local\Temp\ch.elf.jPVN1l.ltrans0.ltrans.o
 *fill*         0x08002628        0x8 
 .text.oqWriteTimeout
                0x08002630       0xd4 C:\Users\baciu\AppData\Local\Temp\ch.elf.jPVN1l.ltrans0.ltrans.o
 *fill*         0x08002704        0xc 
 .text._writet  0x08002710        0x8 C:\Users\baciu\AppData\Local\Temp\ch.elf.jPVN1l.ltrans0.ltrans.o
 *fill*         0x08002718        0x8 
 .text._write   0x08002720        0xc C:\Users\baciu\AppData\Local\Temp\ch.elf.jPVN1l.ltrans0.ltrans.o
 *fill*         0x0800272c        0x4 
 .text.oqPutTimeout
                0x08002730       0x50 C:\Users\baciu\AppData\Local\Temp\ch.elf.jPVN1l.ltrans0.ltrans.o
 .text._putt    0x08002780        0x8 C:\Users\baciu\AppData\Local\Temp\ch.elf.jPVN1l.ltrans0.ltrans.o
 *fill*         0x08002788        0x8 
 .text._put     0x08002790        0xc C:\Users\baciu\AppData\Local\Temp\ch.elf.jPVN1l.ltrans0.ltrans.o
 *fill*         0x0800279c        0x4 
 .text.iqReadTimeout
                0x080027a0       0xd4 C:\Users\baciu\AppData\Local\Temp\ch.elf.jPVN1l.ltrans0.ltrans.o
 *fill*         0x08002874        0xc 
 .text._readt   0x08002880        0x8 C:\Users\baciu\AppData\Local\Temp\ch.elf.jPVN1l.ltrans0.ltrans.o
 *fill*         0x08002888        0x8 
 .text._read    0x08002890        0xc C:\Users\baciu\AppData\Local\Temp\ch.elf.jPVN1l.ltrans0.ltrans.o
 *fill*         0x0800289c        0x4 
 .text.iqGetTimeout
                0x080028a0       0x54 C:\Users\baciu\AppData\Local\Temp\ch.elf.jPVN1l.ltrans0.ltrans.o
 *fill*         0x080028f4        0xc 
 .text._gett    0x08002900        0x8 C:\Users\baciu\AppData\Local\Temp\ch.elf.jPVN1l.ltrans0.ltrans.o
 *fill*         0x08002908        0x8 
 .text._get     0x08002910        0xc C:\Users\baciu\AppData\Local\Temp\ch.elf.jPVN1l.ltrans0.ltrans.o
 *fill*         0x0800291c        0x4 
 .text.chThdSleep
                0x08002920       0x18 C:\Users\baciu\AppData\Local\Temp\ch.elf.jPVN1l.ltrans0.ltrans.o
 *fill*         0x08002938        0x8 
 .text.test_execute.constprop.0
                0x08002940      0x454 C:\Users\baciu\AppData\Local\Temp\ch.elf.jPVN1l.ltrans0.ltrans.o
 *fill*         0x08002d94        0xc 
 .text.Thread2  0x08002da0       0x24 C:\Users\baciu\AppData\Local\Temp\ch.elf.jPVN1l.ltrans0.ltrans.o
 *fill*         0x08002dc4        0xc 
 .text.job_slow
                0x08002dd0       0x14 C:\Users\baciu\AppData\Local\Temp\ch.elf.jPVN1l.ltrans0.ltrans.o
 *fill*         0x08002de4        0xc 
 .text.rt_test_004_001_execute
                0x08002df0       0xb8 C:\Users\baciu\AppData\Local\Temp\ch.elf.jPVN1l.ltrans0.ltrans.o
 *fill*         0x08002ea8        0x8 
 .text.test_wait_tick
                0x08002eb0       0x1c C:\Users\baciu\AppData\Local\Temp\ch.elf.jPVN1l.ltrans0.ltrans.o
 *fill*         0x08002ecc        0x4 
 .text.rt_test_011_009_execute
                0x08002ed0       0x9c C:\Users\baciu\AppData\Local\Temp\ch.elf.jPVN1l.ltrans0.ltrans.o
 *fill*         0x08002f6c        0x4 
 .text.chMsgWaitS
                0x08002f70       0x34 C:\Users\baciu\AppData\Local\Temp\ch.elf.jPVN1l.ltrans0.ltrans.o
 *fill*         0x08002fa4        0xc 
 .text.bmk_thread1
                0x08002fb0       0x28 C:\Users\baciu\AppData\Local\Temp\ch.elf.jPVN1l.ltrans0.ltrans.o
 *fill*         0x08002fd8        0x8 
 .text.chMsgSend
                0x08002fe0       0x40 C:\Users\baciu\AppData\Local\Temp\ch.elf.jPVN1l.ltrans0.ltrans.o
 .text.msg_loop_test
                0x08003020       0x3c C:\Users\baciu\AppData\Local\Temp\ch.elf.jPVN1l.ltrans0.ltrans.o
 *fill*         0x0800305c        0x4 
 .text.msg_thread1
                0x08003060       0x28 C:\Users\baciu\AppData\Local\Temp\ch.elf.jPVN1l.ltrans0.ltrans.o
 *fill*         0x08003088        0x8 
 .text.chDelegateCallVeneer
                0x08003090       0x24 C:\Users\baciu\AppData\Local\Temp\ch.elf.jPVN1l.ltrans0.ltrans.o
 *fill*         0x080030b4        0xc 
 .text.chMtxLockS
                0x080030c0       0xc0 C:\Users\baciu\AppData\Local\Temp\ch.elf.jPVN1l.ltrans0.ltrans.o
 .text.chMtxLock
                0x08003180       0x14 C:\Users\baciu\AppData\Local\Temp\ch.elf.jPVN1l.ltrans0.ltrans.o
 *fill*         0x08003194        0xc 
 .text.chSemWaitS.part.0
                0x080031a0       0x24 C:\Users\baciu\AppData\Local\Temp\ch.elf.jPVN1l.ltrans0.ltrans.o
 *fill*         0x080031c4        0xc 
 .text.chCacheGetObject.constprop.0
                0x080031d0      0x100 C:\Users\baciu\AppData\Local\Temp\ch.elf.jPVN1l.ltrans0.ltrans.o
 .text.chSemWait
                0x080032d0       0x28 C:\Users\baciu\AppData\Local\Temp\ch.elf.jPVN1l.ltrans0.ltrans.o
 *fill*         0x080032f8        0x8 
 .text.rt_test_011_010_execute
                0x08003300       0x8c C:\Users\baciu\AppData\Local\Temp\ch.elf.jPVN1l.ltrans0.ltrans.o
 *fill*         0x0800338c        0x4 
 .text.bmk_thread7
                0x08003390       0x2c C:\Users\baciu\AppData\Local\Temp\ch.elf.jPVN1l.ltrans0.ltrans.o
 *fill*         0x080033bc        0x4 
 .text.thread3  0x080033c0       0x18 C:\Users\baciu\AppData\Local\Temp\ch.elf.jPVN1l.ltrans0.ltrans.o
 *fill*         0x080033d8        0x8 
 .text.thread1.lto_priv.1
                0x080033e0       0x18 C:\Users\baciu\AppData\Local\Temp\ch.elf.jPVN1l.ltrans0.ltrans.o
 *fill*         0x080033f8        0x8 
 .text.startup.main
                0x08003400      0x3e4 C:\Users\baciu\AppData\Local\Temp\ch.elf.jPVN1l.ltrans0.ltrans.o
                0x08003400                main
 *fill*         0x080037e4        0xc 
 .text.SVC_Handler
                0x080037f0       0x14 C:\Users\baciu\AppData\Local\Temp\ch.elf.jPVN1l.ltrans0.ltrans.o
                0x080037f0                SVC_Handler
 *fill*         0x08003804        0xc 
 .text.chThdExit
                0x08003810       0x4c C:\Users\baciu\AppData\Local\Temp\ch.elf.jPVN1l.ltrans0.ltrans.o
                0x08003810                chThdExit
 *fill*         0x0800385c        0x4 
 .text.Thread1.lto_priv.1
                0x08003860       0x48 C:\Users\baciu\AppData\Local\Temp\ch.elf.jPVN1l.ltrans0.ltrans.o
 *fill*         0x080038a8        0x8 
 .text.bmk_thread3
                0x080038b0        0x4 C:\Users\baciu\AppData\Local\Temp\ch.elf.jPVN1l.ltrans0.ltrans.o
 *fill*         0x080038b4        0xc 
 .text.chSchDoRescheduleAhead
                0x080038c0       0x3c C:\Users\baciu\AppData\Local\Temp\ch.elf.jPVN1l.ltrans0.ltrans.o
                0x080038c0                chSchDoReschedule
 *fill*         0x080038fc        0x4 
 .text.chSchRescheduleS
                0x08003900       0x18 C:\Users\baciu\AppData\Local\Temp\ch.elf.jPVN1l.ltrans0.ltrans.o
 *fill*         0x08003918        0x8 
 .text.chSemResetWithMessage.constprop.0
                0x08003920       0x38 C:\Users\baciu\AppData\Local\Temp\ch.elf.jPVN1l.ltrans0.ltrans.o
 *fill*         0x08003958        0x8 
 .text.rt_test_006_001_execute
                0x08003960       0xc0 C:\Users\baciu\AppData\Local\Temp\ch.elf.jPVN1l.ltrans0.ltrans.o
 .text.rt_test_006_001_teardown
                0x08003a20        0xc C:\Users\baciu\AppData\Local\Temp\ch.elf.jPVN1l.ltrans0.ltrans.o
 *fill*         0x08003a2c        0x4 
 .text.chSemSignalWait.constprop.0
                0x08003a30       0x68 C:\Users\baciu\AppData\Local\Temp\ch.elf.jPVN1l.ltrans0.ltrans.o
 *fill*         0x08003a98        0x8 
 .text.rt_test_006_005_execute
                0x08003aa0       0x9c C:\Users\baciu\AppData\Local\Temp\ch.elf.jPVN1l.ltrans0.ltrans.o
 *fill*         0x08003b3c        0x4 
 .text.chMBReset.constprop.0
                0x08003b40       0x38 C:\Users\baciu\AppData\Local\Temp\ch.elf.jPVN1l.ltrans0.ltrans.o
 *fill*         0x08003b78        0x8 
 .text.oslib_test_002_003_teardown
                0x08003b80        0x4 C:\Users\baciu\AppData\Local\Temp\ch.elf.jPVN1l.ltrans0.ltrans.o
 *fill*         0x08003b84        0xc 
 .text.oslib_test_002_002_teardown
                0x08003b90        0x4 C:\Users\baciu\AppData\Local\Temp\ch.elf.jPVN1l.ltrans0.ltrans.o
 *fill*         0x08003b94        0xc 
 .text.oslib_test_002_001_teardown
                0x08003ba0        0x4 C:\Users\baciu\AppData\Local\Temp\ch.elf.jPVN1l.ltrans0.ltrans.o
 *fill*         0x08003ba4        0xc 
 .text.chMBPostAheadTimeout.constprop.0
                0x08003bb0       0x74 C:\Users\baciu\AppData\Local\Temp\ch.elf.jPVN1l.ltrans0.ltrans.o
 *fill*         0x08003c24        0xc 
 .text.oslib_test_006_001_execute
                0x08003c30      0x378 C:\Users\baciu\AppData\Local\Temp\ch.elf.jPVN1l.ltrans0.ltrans.o
 *fill*         0x08003fa8        0x8 
 .text.obj_read
                0x08003fb0       0x3c C:\Users\baciu\AppData\Local\Temp\ch.elf.jPVN1l.ltrans0.ltrans.o
 *fill*         0x08003fec        0x4 
 .text.evt_thread7
                0x08003ff0       0x40 C:\Users\baciu\AppData\Local\Temp\ch.elf.jPVN1l.ltrans0.ltrans.o
 .text.evt_thread3
                0x08004030       0x28 C:\Users\baciu\AppData\Local\Temp\ch.elf.jPVN1l.ltrans0.ltrans.o
 *fill*         0x08004058        0x8 
 .text.thread4B
                0x08004060       0x30 C:\Users\baciu\AppData\Local\Temp\ch.elf.jPVN1l.ltrans0.ltrans.o
 .text.rt_test_006_006_execute
                0x08004090      0x1b4 C:\Users\baciu\AppData\Local\Temp\ch.elf.jPVN1l.ltrans0.ltrans.o
 *fill*         0x08004244        0xc 
 .text.thread2  0x08004250       0x28 C:\Users\baciu\AppData\Local\Temp\ch.elf.jPVN1l.ltrans0.ltrans.o
 *fill*         0x08004278        0x8 
 .text.thread4  0x08004280       0x2c C:\Users\baciu\AppData\Local\Temp\ch.elf.jPVN1l.ltrans0.ltrans.o
 *fill*         0x080042ac        0x4 
 .text.thread1.lto_priv.0
                0x080042b0       0x34 C:\Users\baciu\AppData\Local\Temp\ch.elf.jPVN1l.ltrans0.ltrans.o
 *fill*         0x080042e4        0xc 
 .text.chGuardedPoolLoadArray
                0x080042f0       0x34 C:\Users\baciu\AppData\Local\Temp\ch.elf.jPVN1l.ltrans0.ltrans.o
 *fill*         0x08004324        0xc 
 .text.oslib_test_007_002_execute
                0x08004330       0xe4 C:\Users\baciu\AppData\Local\Temp\ch.elf.jPVN1l.ltrans0.ltrans.o
 *fill*         0x08004414        0xc 
 .text.chMBFetchTimeout
                0x08004420       0x64 C:\Users\baciu\AppData\Local\Temp\ch.elf.jPVN1l.ltrans0.ltrans.o
 *fill*         0x08004484        0xc 
 .text.Thread1.lto_priv.0
                0x08004490       0x50 C:\Users\baciu\AppData\Local\Temp\ch.elf.jPVN1l.ltrans0.ltrans.o
 .text.chMBPostTimeout
                0x080044e0       0x70 C:\Users\baciu\AppData\Local\Temp\ch.elf.jPVN1l.ltrans0.ltrans.o
 .text.oslib_test_002_003_execute
                0x08004550      0x120 C:\Users\baciu\AppData\Local\Temp\ch.elf.jPVN1l.ltrans0.ltrans.o
 .text.oslib_test_002_002_execute
                0x08004670      0x2f8 C:\Users\baciu\AppData\Local\Temp\ch.elf.jPVN1l.ltrans0.ltrans.o
 *fill*         0x08004968        0x8 
 .text.oslib_test_002_001_execute
                0x08004970      0x32c C:\Users\baciu\AppData\Local\Temp\ch.elf.jPVN1l.ltrans0.ltrans.o
 *fill*         0x08004c9c        0x4 
 .text.chMtxUnlock
                0x08004ca0       0x60 C:\Users\baciu\AppData\Local\Temp\ch.elf.jPVN1l.ltrans0.ltrans.o
 .text.chHeapAllocAligned.constprop.0
                0x08004d00       0xec C:\Users\baciu\AppData\Local\Temp\ch.elf.jPVN1l.ltrans0.ltrans.o
 *fill*         0x08004dec        0x4 
 .text.chThdCreateFromHeap.constprop.0
                0x08004df0       0x5c C:\Users\baciu\AppData\Local\Temp\ch.elf.jPVN1l.ltrans0.ltrans.o
 *fill*         0x08004e4c        0x4 
 .text.dyn_create_object_heap
                0x08004e50       0x54 C:\Users\baciu\AppData\Local\Temp\ch.elf.jPVN1l.ltrans0.ltrans.o
 *fill*         0x08004ea4        0xc 
 .text.chPipeWriteTimeout.constprop.0
                0x08004eb0       0xec C:\Users\baciu\AppData\Local\Temp\ch.elf.jPVN1l.ltrans0.ltrans.o
 *fill*         0x08004f9c        0x4 
 .text.chPipeReadTimeout.constprop.0
                0x08004fa0       0xcc C:\Users\baciu\AppData\Local\Temp\ch.elf.jPVN1l.ltrans0.ltrans.o
 *fill*         0x0800506c        0x4 
 .text.oslib_test_003_002_execute
                0x08005070       0x9c C:\Users\baciu\AppData\Local\Temp\ch.elf.jPVN1l.ltrans0.ltrans.o
 *fill*         0x0800510c        0x4 
 .text.chFactoryRegisterObject.constprop.0
                0x08005110       0x30 C:\Users\baciu\AppData\Local\Temp\ch.elf.jPVN1l.ltrans0.ltrans.o
 .text.chFactoryFindObject.constprop.0
                0x08005140       0x28 C:\Users\baciu\AppData\Local\Temp\ch.elf.jPVN1l.ltrans0.ltrans.o
 *fill*         0x08005168        0x8 
 .text.chFactoryCreateBuffer.constprop.0
                0x08005170       0x38 C:\Users\baciu\AppData\Local\Temp\ch.elf.jPVN1l.ltrans0.ltrans.o
 *fill*         0x080051a8        0x8 
 .text.chFactoryFindBuffer.constprop.0
                0x080051b0       0x28 C:\Users\baciu\AppData\Local\Temp\ch.elf.jPVN1l.ltrans0.ltrans.o
 *fill*         0x080051d8        0x8 
 .text.chFactoryCreateSemaphore.constprop.0
                0x080051e0       0x38 C:\Users\baciu\AppData\Local\Temp\ch.elf.jPVN1l.ltrans0.ltrans.o
 *fill*         0x08005218        0x8 
 .text.chFactoryFindSemaphore.constprop.0
                0x08005220       0x28 C:\Users\baciu\AppData\Local\Temp\ch.elf.jPVN1l.ltrans0.ltrans.o
 *fill*         0x08005248        0x8 
 .text.chFactoryCreateMailbox.constprop.0
                0x08005250       0x54 C:\Users\baciu\AppData\Local\Temp\ch.elf.jPVN1l.ltrans0.ltrans.o
 *fill*         0x080052a4        0xc 
 .text.chFactoryFindMailbox.constprop.0
                0x080052b0       0x28 C:\Users\baciu\AppData\Local\Temp\ch.elf.jPVN1l.ltrans0.ltrans.o
 *fill*         0x080052d8        0x8 
 .text.chFactoryCreateObjectsFIFO.constprop.0
                0x080052e0       0x70 C:\Users\baciu\AppData\Local\Temp\ch.elf.jPVN1l.ltrans0.ltrans.o
 .text.chFactoryFindObjectsFIFO.constprop.0
                0x08005350       0x28 C:\Users\baciu\AppData\Local\Temp\ch.elf.jPVN1l.ltrans0.ltrans.o
 *fill*         0x08005378        0x8 
 .text.chFactoryCreatePipe.constprop.0
                0x08005380       0x64 C:\Users\baciu\AppData\Local\Temp\ch.elf.jPVN1l.ltrans0.ltrans.o
 *fill*         0x080053e4        0xc 
 .text.chFactoryFindPipe.constprop.0
                0x080053f0       0x28 C:\Users\baciu\AppData\Local\Temp\ch.elf.jPVN1l.ltrans0.ltrans.o
 *fill*         0x08005418        0x8 
 .text.oslib_test_003_001_execute
                0x08005420      0x4f0 C:\Users\baciu\AppData\Local\Temp\ch.elf.jPVN1l.ltrans0.ltrans.o
 .text.rt_test_011_011_execute
                0x08005910       0x8c C:\Users\baciu\AppData\Local\Temp\ch.elf.jPVN1l.ltrans0.ltrans.o
 *fill*         0x0800599c        0x4 
 .text.thread8  0x080059a0       0x84 C:\Users\baciu\AppData\Local\Temp\ch.elf.jPVN1l.ltrans0.ltrans.o
 *fill*         0x08005a24        0xc 
 .text.thread6  0x08005a30       0x6c C:\Users\baciu\AppData\Local\Temp\ch.elf.jPVN1l.ltrans0.ltrans.o
 *fill*         0x08005a9c        0x4 
 .text.thread9  0x08005aa0       0x20 C:\Users\baciu\AppData\Local\Temp\ch.elf.jPVN1l.ltrans0.ltrans.o
 .text.rt_test_007_005_execute
                0x08005ac0      0x164 C:\Users\baciu\AppData\Local\Temp\ch.elf.jPVN1l.ltrans0.ltrans.o
 *fill*         0x08005c24        0xc 
 .text.rt_test_007_004_execute
                0x08005c30      0x140 C:\Users\baciu\AppData\Local\Temp\ch.elf.jPVN1l.ltrans0.ltrans.o
 .text.thread4A
                0x08005d70       0x20 C:\Users\baciu\AppData\Local\Temp\ch.elf.jPVN1l.ltrans0.ltrans.o
 .text.thread1.lto_priv.2
                0x08005d90       0x20 C:\Users\baciu\AppData\Local\Temp\ch.elf.jPVN1l.ltrans0.ltrans.o
 .text.chFactoryReleaseSemaphore
                0x08005db0       0x58 C:\Users\baciu\AppData\Local\Temp\ch.elf.jPVN1l.ltrans0.ltrans.o
 *fill*         0x08005e08        0x8 
 .text.oslib_test_009_003_execute
                0x08005e10      0x12c C:\Users\baciu\AppData\Local\Temp\ch.elf.jPVN1l.ltrans0.ltrans.o
 *fill*         0x08005f3c        0x4 
 .text.oslib_test_009_003_teardown
                0x08005f40       0x1c C:\Users\baciu\AppData\Local\Temp\ch.elf.jPVN1l.ltrans0.ltrans.o
 *fill*         0x08005f5c        0x4 
 .text.chFactoryReleaseObject
                0x08005f60       0x58 C:\Users\baciu\AppData\Local\Temp\ch.elf.jPVN1l.ltrans0.ltrans.o
 *fill*         0x08005fb8        0x8 
 .text.oslib_test_009_001_execute
                0x08005fc0      0x170 C:\Users\baciu\AppData\Local\Temp\ch.elf.jPVN1l.ltrans0.ltrans.o
 .text.oslib_test_009_001_teardown
                0x08006130       0x1c C:\Users\baciu\AppData\Local\Temp\ch.elf.jPVN1l.ltrans0.ltrans.o
 *fill*         0x0800614c        0x4 
 .text.chHeapStatus
                0x08006150       0x68 C:\Users\baciu\AppData\Local\Temp\ch.elf.jPVN1l.ltrans0.ltrans.o
 *fill*         0x080061b8        0x8 
 .text.chHeapFree
                0x080061c0       0x94 C:\Users\baciu\AppData\Local\Temp\ch.elf.jPVN1l.ltrans0.ltrans.o
 *fill*         0x08006254        0xc 
 .text.oslib_test_008_002_execute
                0x08006260       0x68 C:\Users\baciu\AppData\Local\Temp\ch.elf.jPVN1l.ltrans0.ltrans.o
 *fill*         0x080062c8        0x8 
 .text.oslib_test_008_001_execute
                0x080062d0      0x328 C:\Users\baciu\AppData\Local\Temp\ch.elf.jPVN1l.ltrans0.ltrans.o
 *fill*         0x080065f8        0x8 
 .text.dyn_release_object_heap.part.0
                0x08006600       0x20 C:\Users\baciu\AppData\Local\Temp\ch.elf.jPVN1l.ltrans0.ltrans.o
 .text.chFactoryReleasePipe
                0x08006620       0x2c C:\Users\baciu\AppData\Local\Temp\ch.elf.jPVN1l.ltrans0.ltrans.o
 *fill*         0x0800664c        0x4 
 .text.oslib_test_009_006_execute
                0x08006650      0x12c C:\Users\baciu\AppData\Local\Temp\ch.elf.jPVN1l.ltrans0.ltrans.o
 *fill*         0x0800677c        0x4 
 .text.oslib_test_009_006_teardown
                0x08006780       0x1c C:\Users\baciu\AppData\Local\Temp\ch.elf.jPVN1l.ltrans0.ltrans.o
 *fill*         0x0800679c        0x4 
 .text.chFactoryReleaseObjectsFIFO
                0x080067a0       0x2c C:\Users\baciu\AppData\Local\Temp\ch.elf.jPVN1l.ltrans0.ltrans.o
 *fill*         0x080067cc        0x4 
 .text.oslib_test_009_005_execute
                0x080067d0      0x12c C:\Users\baciu\AppData\Local\Temp\ch.elf.jPVN1l.ltrans0.ltrans.o
 *fill*         0x080068fc        0x4 
 .text.oslib_test_009_005_teardown
                0x08006900       0x1c C:\Users\baciu\AppData\Local\Temp\ch.elf.jPVN1l.ltrans0.ltrans.o
 *fill*         0x0800691c        0x4 
 .text.chFactoryReleaseMailbox
                0x08006920       0x2c C:\Users\baciu\AppData\Local\Temp\ch.elf.jPVN1l.ltrans0.ltrans.o
 *fill*         0x0800694c        0x4 
 .text.oslib_test_009_004_execute
                0x08006950      0x12c C:\Users\baciu\AppData\Local\Temp\ch.elf.jPVN1l.ltrans0.ltrans.o
 *fill*         0x08006a7c        0x4 
 .text.oslib_test_009_004_teardown
                0x08006a80       0x1c C:\Users\baciu\AppData\Local\Temp\ch.elf.jPVN1l.ltrans0.ltrans.o
 *fill*         0x08006a9c        0x4 
 .text.chFactoryReleaseBuffer
                0x08006aa0       0x2c C:\Users\baciu\AppData\Local\Temp\ch.elf.jPVN1l.ltrans0.ltrans.o
 *fill*         0x08006acc        0x4 
 .text.oslib_test_009_002_execute
                0x08006ad0      0x12c C:\Users\baciu\AppData\Local\Temp\ch.elf.jPVN1l.ltrans0.ltrans.o
 *fill*         0x08006bfc        0x4 
 .text.oslib_test_009_002_teardown
                0x08006c00       0x1c C:\Users\baciu\AppData\Local\Temp\ch.elf.jPVN1l.ltrans0.ltrans.o
 *fill*         0x08006c1c        0x4 
 .text.chThdRelease
                0x08006c20       0x64 C:\Users\baciu\AppData\Local\Temp\ch.elf.jPVN1l.ltrans0.ltrans.o
 *fill*         0x08006c84        0xc 
 .text.rt_test_011_006_execute
                0x08006c90       0x7c C:\Users\baciu\AppData\Local\Temp\ch.elf.jPVN1l.ltrans0.ltrans.o
 *fill*         0x08006d0c        0x4 
 .text.chThdWait
                0x08006d10       0x38 C:\Users\baciu\AppData\Local\Temp\ch.elf.jPVN1l.ltrans0.ltrans.o
 *fill*         0x08006d48        0x8 
 .text.oslib_test_005_001_execute
                0x08006d50      0x188 C:\Users\baciu\AppData\Local\Temp\ch.elf.jPVN1l.ltrans0.ltrans.o
 *fill*         0x08006ed8        0x8 
 .text.oslib_test_004_001_execute
                0x08006ee0      0x15c C:\Users\baciu\AppData\Local\Temp\ch.elf.jPVN1l.ltrans0.ltrans.o
 *fill*         0x0800703c        0x4 
 .text.rt_test_011_005_execute
                0x08007040       0x7c C:\Users\baciu\AppData\Local\Temp\ch.elf.jPVN1l.ltrans0.ltrans.o
 *fill*         0x080070bc        0x4 
 .text.test_wait_threads
                0x080070c0       0x24 C:\Users\baciu\AppData\Local\Temp\ch.elf.jPVN1l.ltrans0.ltrans.o
 *fill*         0x080070e4        0xc 
 .text.rt_test_011_008_execute
                0x080070f0       0xd4 C:\Users\baciu\AppData\Local\Temp\ch.elf.jPVN1l.ltrans0.ltrans.o
 *fill*         0x080071c4        0xc 
 .text.rt_test_011_007_execute
                0x080071d0      0x110 C:\Users\baciu\AppData\Local\Temp\ch.elf.jPVN1l.ltrans0.ltrans.o
 .text.rt_test_011_004_execute
                0x080072e0       0xcc C:\Users\baciu\AppData\Local\Temp\ch.elf.jPVN1l.ltrans0.ltrans.o
 *fill*         0x080073ac        0x4 
 .text.rt_test_011_003_execute
                0x080073b0       0xe0 C:\Users\baciu\AppData\Local\Temp\ch.elf.jPVN1l.ltrans0.ltrans.o
 .text.rt_test_011_002_execute
                0x08007490       0x74 C:\Users\baciu\AppData\Local\Temp\ch.elf.jPVN1l.ltrans0.ltrans.o
 *fill*         0x08007504        0xc 
 .text.rt_test_011_001_execute
                0x08007510       0x74 C:\Users\baciu\AppData\Local\Temp\ch.elf.jPVN1l.ltrans0.ltrans.o
 *fill*         0x08007584        0xc 
 .text.rt_test_010_002_execute
                0x08007590      0x168 C:\Users\baciu\AppData\Local\Temp\ch.elf.jPVN1l.ltrans0.ltrans.o
 *fill*         0x080076f8        0x8 
 .text.rt_test_010_001_execute
                0x08007700      0x14c C:\Users\baciu\AppData\Local\Temp\ch.elf.jPVN1l.ltrans0.ltrans.o
 *fill*         0x0800784c        0x4 
 .text.rt_test_009_007_execute
                0x08007850      0x114 C:\Users\baciu\AppData\Local\Temp\ch.elf.jPVN1l.ltrans0.ltrans.o
 *fill*         0x08007964        0xc 
 .text.rt_test_009_005_execute
                0x08007970       0xc8 C:\Users\baciu\AppData\Local\Temp\ch.elf.jPVN1l.ltrans0.ltrans.o
 *fill*         0x08007a38        0x8 
 .text.rt_test_009_004_execute
                0x08007a40       0xc4 C:\Users\baciu\AppData\Local\Temp\ch.elf.jPVN1l.ltrans0.ltrans.o
 *fill*         0x08007b04        0xc 
 .text.rt_test_009_003_execute
                0x08007b10       0xf4 C:\Users\baciu\AppData\Local\Temp\ch.elf.jPVN1l.ltrans0.ltrans.o
 *fill*         0x08007c04        0xc 
 .text.rt_test_008_001_execute
                0x08007c10       0x78 C:\Users\baciu\AppData\Local\Temp\ch.elf.jPVN1l.ltrans0.ltrans.o
 *fill*         0x08007c88        0x8 
 .text.rt_test_007_009_execute
                0x08007c90       0xac C:\Users\baciu\AppData\Local\Temp\ch.elf.jPVN1l.ltrans0.ltrans.o
 *fill*         0x08007d3c        0x4 
 .text.rt_test_007_008_execute
                0x08007d40       0xe8 C:\Users\baciu\AppData\Local\Temp\ch.elf.jPVN1l.ltrans0.ltrans.o
 *fill*         0x08007e28        0x8 
 .text.rt_test_007_007_execute
                0x08007e30       0xe4 C:\Users\baciu\AppData\Local\Temp\ch.elf.jPVN1l.ltrans0.ltrans.o
 *fill*         0x08007f14        0xc 
 .text.rt_test_006_006_teardown
                0x08007f20        0x4 C:\Users\baciu\AppData\Local\Temp\ch.elf.jPVN1l.ltrans0.ltrans.o
 *fill*         0x08007f24        0xc 
 .text.rt_test_007_004_teardown
                0x08007f30        0x4 C:\Users\baciu\AppData\Local\Temp\ch.elf.jPVN1l.ltrans0.ltrans.o
 *fill*         0x08007f34        0xc 
 .text.rt_test_007_001_execute
                0x08007f40       0xf0 C:\Users\baciu\AppData\Local\Temp\ch.elf.jPVN1l.ltrans0.ltrans.o
 .text.rt_test_006_005_teardown
                0x08008030        0x4 C:\Users\baciu\AppData\Local\Temp\ch.elf.jPVN1l.ltrans0.ltrans.o
 *fill*         0x08008034        0xc 
 .text.rt_test_006_004_execute
                0x08008040       0xb4 C:\Users\baciu\AppData\Local\Temp\ch.elf.jPVN1l.ltrans0.ltrans.o
 *fill*         0x080080f4        0xc 
 .text.rt_test_006_003_execute
                0x08008100      0x160 C:\Users\baciu\AppData\Local\Temp\ch.elf.jPVN1l.ltrans0.ltrans.o
 .text.rt_test_006_002_execute
                0x08008260       0xe8 C:\Users\baciu\AppData\Local\Temp\ch.elf.jPVN1l.ltrans0.ltrans.o
 *fill*         0x08008348        0x8 
 .text.rt_test_005_001_execute
                0x08008350       0xec C:\Users\baciu\AppData\Local\Temp\ch.elf.jPVN1l.ltrans0.ltrans.o
 *fill*         0x0800843c        0x4 
 .text.rt_test_004_002_execute
                0x08008440      0x1ac C:\Users\baciu\AppData\Local\Temp\ch.elf.jPVN1l.ltrans0.ltrans.o
 *fill*         0x080085ec        0x4 
 .text.chThdSetPriority
                0x080085f0       0x30 C:\Users\baciu\AppData\Local\Temp\ch.elf.jPVN1l.ltrans0.ltrans.o
 .text.rt_test_004_004_execute
                0x08008620       0xdc C:\Users\baciu\AppData\Local\Temp\ch.elf.jPVN1l.ltrans0.ltrans.o
 *fill*         0x080086fc        0x4 
 .text.rt_test_004_003_execute
                0x08008700       0x8c C:\Users\baciu\AppData\Local\Temp\ch.elf.jPVN1l.ltrans0.ltrans.o
 *fill*         0x0800878c        0x4 
 .text.chSysRestoreStatusX.part.0
                0x08008790       0x20 C:\Users\baciu\AppData\Local\Temp\ch.elf.jPVN1l.ltrans0.ltrans.o
 .text.rt_test_002_002_execute
                0x080087b0       0xd4 C:\Users\baciu\AppData\Local\Temp\ch.elf.jPVN1l.ltrans0.ltrans.o
 *fill*         0x08008884        0xc 
 .text.vtcb     0x08008890       0x28 C:\Users\baciu\AppData\Local\Temp\ch.elf.jPVN1l.ltrans0.ltrans.o
 *fill*         0x080088b8        0x8 
 .text.__early_init
                0x080088c0      0x268 C:\Users\baciu\AppData\Local\Temp\ch.elf.jPVN1l.ltrans0.ltrans.o
                0x080088c0                __early_init
 *fill*         0x08008b28        0x8 
 .text.VectorD8
                0x08008b30      0x19c C:\Users\baciu\AppData\Local\Temp\ch.elf.jPVN1l.ltrans0.ltrans.o
                0x08008b30                VectorD8
 *fill*         0x08008ccc        0x4 
 .text.VectorB0
                0x08008cd0       0xb8 C:\Users\baciu\AppData\Local\Temp\ch.elf.jPVN1l.ltrans0.ltrans.o
                0x08008cd0                VectorB0
 *fill*         0x08008d88        0x8 
 .text.__init_ram_areas
                0x08008d90       0x68 C:\Users\baciu\AppData\Local\Temp\ch.elf.jPVN1l.ltrans0.ltrans.o
                0x08008d90                __init_ram_areas
 *fill*         0x08008df8        0x8 
 .text.__default_exit
                0x08008e00        0x4 C:\Users\baciu\AppData\Local\Temp\ch.elf.jPVN1l.ltrans0.ltrans.o
                0x08008e00                __default_exit
 *fill*         0x08008e04        0xc 
 .text.__late_init
                0x08008e10        0x4 C:\Users\baciu\AppData\Local\Temp\ch.elf.jPVN1l.ltrans0.ltrans.o
                0x08008e10                __late_init
 *fill*         0x08008e14        0xc 
 .text.__core_init
                0x08008e20        0x4 C:\Users\baciu\AppData\Local\Temp\ch.elf.jPVN1l.ltrans0.ltrans.o
                0x08008e20                __core_init
 .text.memcmp   0x08008e24       0x60 d:/facultate/vub_sem1/operating_systems/project/chibistudio_windows_2020-04/chibistudio/tools/gnu tools arm embedded/9.0 2019q4/bin/../lib/gcc/arm-none-eabi/9.2.1/../../../../arm-none-eabi/lib/thumb/v7e-m/nofp\libg.a(lib_a-memcmp.o)
                0x08008e24                memcmp
 .text.memset   0x08008e84       0xa0 d:/facultate/vub_sem1/operating_systems/project/chibistudio_windows_2020-04/chibistudio/tools/gnu tools arm embedded/9.0 2019q4/bin/../lib/gcc/arm-none-eabi/9.2.1/../../../../arm-none-eabi/lib/thumb/v7e-m/nofp\libg.a(lib_a-memset.o)
                0x08008e84                memset
 .text.strncmp  0x08008f24       0x7c d:/facultate/vub_sem1/operating_systems/project/chibistudio_windows_2020-04/chibistudio/tools/gnu tools arm embedded/9.0 2019q4/bin/../lib/gcc/arm-none-eabi/9.2.1/../../../../arm-none-eabi/lib/thumb/v7e-m/nofp\libg.a(lib_a-strncmp.o)
                0x08008f24                strncmp
 .text.strncpy  0x08008fa0       0x68 d:/facultate/vub_sem1/operating_systems/project/chibistudio_windows_2020-04/chibistudio/tools/gnu tools arm embedded/9.0 2019q4/bin/../lib/gcc/arm-none-eabi/9.2.1/../../../../arm-none-eabi/lib/thumb/v7e-m/nofp\libg.a(lib_a-strncpy.o)
                0x08008fa0                strncpy
 *(.glue_7t)
 .glue_7t       0x08009008        0x0 linker stubs
 *(.glue_7)
 .glue_7        0x08009008        0x0 linker stubs
 *(.gcc*)
                0x08009008                __text_end__ = .

.vfp11_veneer   0x08009008        0x0
 .vfp11_veneer  0x08009008        0x0 linker stubs

.v4_bx          0x08009008        0x0
 .v4_bx         0x08009008        0x0 linker stubs

.iplt           0x08009008        0x0
 .iplt          0x08009008        0x0 ./build/obj/crt0_v7m.o

.rodata         0x08009008     0x2680
                0x08009008                __rodata_base__ = .
 *(.rodata)
 *(.rodata.*)
 .rodata._test_assert_time_window.constprop.0.str1.4
                0x08009008       0x13 C:\Users\baciu\AppData\Local\Temp\ch.elf.jPVN1l.ltrans0.ltrans.o
 *fill*         0x0800901b        0x1 
 .rodata.test_println.str1.4
                0x0800901c        0x3 C:\Users\baciu\AppData\Local\Temp\ch.elf.jPVN1l.ltrans0.ltrans.o
 *fill*         0x0800901f        0x1 
 .rodata.rt_test_009_002_execute.str1.4
                0x08009020       0x18 C:\Users\baciu\AppData\Local\Temp\ch.elf.jPVN1l.ltrans0.ltrans.o
 .rodata.oslib_test_007_001_execute.str1.4
                0x08009038       0x35 C:\Users\baciu\AppData\Local\Temp\ch.elf.jPVN1l.ltrans0.ltrans.o
 *fill*         0x0800906d        0x3 
 .rodata.rt_test_009_001_execute.str1.4
                0x08009070       0x1b C:\Users\baciu\AppData\Local\Temp\ch.elf.jPVN1l.ltrans0.ltrans.o
 *fill*         0x0800908b        0x1 
 .rodata.rt_test_002_001_execute.str1.4
                0x0800908c       0x70 C:\Users\baciu\AppData\Local\Temp\ch.elf.jPVN1l.ltrans0.ltrans.o
 .rodata.oslib_test_001_003_execute.str1.4
                0x080090fc      0x2bd C:\Users\baciu\AppData\Local\Temp\ch.elf.jPVN1l.ltrans0.ltrans.o
                                0x2c1 (size before relaxing)
 *fill*         0x080093b9        0x3 
 .rodata.oslib_test_001_002_execute.str1.4
                0x080093bc      0x115 C:\Users\baciu\AppData\Local\Temp\ch.elf.jPVN1l.ltrans0.ltrans.o
 *fill*         0x080094d1        0x3 
 .rodata.rt_test_011_012_execute.str1.4
                0x080094d4       0x95 C:\Users\baciu\AppData\Local\Temp\ch.elf.jPVN1l.ltrans0.ltrans.o
 *fill*         0x08009569        0x3 
 .rodata.rt_test_001_003_execute.str1.4
                0x0800956c      0x57d C:\Users\baciu\AppData\Local\Temp\ch.elf.jPVN1l.ltrans0.ltrans.o
 *fill*         0x08009ae9        0x3 
 .rodata.rt_test_001_002_execute.str1.4
                0x08009aec       0x3a C:\Users\baciu\AppData\Local\Temp\ch.elf.jPVN1l.ltrans0.ltrans.o
 *fill*         0x08009b26        0x2 
 .rodata.rt_test_001_001_execute.str1.4
                0x08009b28      0x1a1 C:\Users\baciu\AppData\Local\Temp\ch.elf.jPVN1l.ltrans0.ltrans.o
 *fill*         0x08009cc9        0x3 
 .rodata.chThdCreateStatic.constprop.0.str1.4
                0x08009ccc        0x7 C:\Users\baciu\AppData\Local\Temp\ch.elf.jPVN1l.ltrans0.ltrans.o
 *fill*         0x08009cd3        0x1 
 .rodata.Thread1.lto_priv.2.str1.4
                0x08009cd4        0x8 C:\Users\baciu\AppData\Local\Temp\ch.elf.jPVN1l.ltrans0.ltrans.o
 .rodata.rt_test_009_006_execute.str1.4
                0x08009cdc        0xf C:\Users\baciu\AppData\Local\Temp\ch.elf.jPVN1l.ltrans0.ltrans.o
 *fill*         0x08009ceb        0x1 
 .rodata.test_execute.constprop.0.str1.4
                0x08009cec      0x190 C:\Users\baciu\AppData\Local\Temp\ch.elf.jPVN1l.ltrans0.ltrans.o
                                0x198 (size before relaxing)
 .rodata.Thread2.str1.4
                0x08009e7c        0x7 C:\Users\baciu\AppData\Local\Temp\ch.elf.jPVN1l.ltrans0.ltrans.o
 *fill*         0x08009e83        0x1 
 .rodata.rt_test_011_009_execute.str1.4
                0x08009e84       0x1a C:\Users\baciu\AppData\Local\Temp\ch.elf.jPVN1l.ltrans0.ltrans.o
 *fill*         0x08009e9e        0x2 
 .rodata.rt_test_011_010_execute.str1.4
                0x08009ea0        0xf C:\Users\baciu\AppData\Local\Temp\ch.elf.jPVN1l.ltrans0.ltrans.o
 *fill*         0x08009eaf        0x1 
 .rodata.rt_test_006_001_execute.str1.4
                0x08009eb0       0x2b C:\Users\baciu\AppData\Local\Temp\ch.elf.jPVN1l.ltrans0.ltrans.o
 *fill*         0x08009edb        0x1 
 .rodata.rt_test_006_005_execute.str1.4
                0x08009edc       0x21 C:\Users\baciu\AppData\Local\Temp\ch.elf.jPVN1l.ltrans0.ltrans.o
 *fill*         0x08009efd        0x3 
 .rodata.oslib_test_006_001_execute.str1.4
                0x08009f00       0x5d C:\Users\baciu\AppData\Local\Temp\ch.elf.jPVN1l.ltrans0.ltrans.o
                                 0x65 (size before relaxing)
 *fill*         0x08009f5d        0x3 
 .rodata.rt_test_006_006_execute.str1.4
                0x08009f60       0x3f C:\Users\baciu\AppData\Local\Temp\ch.elf.jPVN1l.ltrans0.ltrans.o
                                 0x46 (size before relaxing)
 *fill*         0x08009f9f        0x1 
 .rodata.oslib_test_002_003_execute.str1.4
                0x08009fa0       0x16 C:\Users\baciu\AppData\Local\Temp\ch.elf.jPVN1l.ltrans0.ltrans.o
 *fill*         0x08009fb6        0x2 
 .rodata.oslib_test_002_002_execute.str1.4
                0x08009fb8       0xb5 C:\Users\baciu\AppData\Local\Temp\ch.elf.jPVN1l.ltrans0.ltrans.o
 *fill*         0x0800a06d        0x3 
 .rodata.oslib_test_002_001_execute.str1.4
                0x0800a070       0x13 C:\Users\baciu\AppData\Local\Temp\ch.elf.jPVN1l.ltrans0.ltrans.o
 *fill*         0x0800a083        0x1 
 .rodata.oslib_test_003_002_execute.str1.4
                0x0800a084       0x13 C:\Users\baciu\AppData\Local\Temp\ch.elf.jPVN1l.ltrans0.ltrans.o
 *fill*         0x0800a097        0x1 
 .rodata.chFactoryRegisterObject.constprop.0.str1.4
                0x0800a098        0x6 C:\Users\baciu\AppData\Local\Temp\ch.elf.jPVN1l.ltrans0.ltrans.o
 *fill*         0x0800a09e        0x2 
 .rodata.chFactoryCreateBuffer.constprop.0.str1.4
                0x0800a0a0        0x6 C:\Users\baciu\AppData\Local\Temp\ch.elf.jPVN1l.ltrans0.ltrans.o
 *fill*         0x0800a0a6        0x2 
 .rodata.chFactoryCreateSemaphore.constprop.0.str1.4
                0x0800a0a8        0x6 C:\Users\baciu\AppData\Local\Temp\ch.elf.jPVN1l.ltrans0.ltrans.o
 *fill*         0x0800a0ae        0x2 
 .rodata.chFactoryCreateMailbox.constprop.0.str1.4
                0x0800a0b0        0x6 C:\Users\baciu\AppData\Local\Temp\ch.elf.jPVN1l.ltrans0.ltrans.o
 *fill*         0x0800a0b6        0x2 
 .rodata.chFactoryCreateObjectsFIFO.constprop.0.str1.4
                0x0800a0b8        0x7 C:\Users\baciu\AppData\Local\Temp\ch.elf.jPVN1l.ltrans0.ltrans.o
 *fill*         0x0800a0bf        0x1 
 .rodata.chFactoryCreatePipe.constprop.0.str1.4
                0x0800a0c0        0x7 C:\Users\baciu\AppData\Local\Temp\ch.elf.jPVN1l.ltrans0.ltrans.o
 *fill*         0x0800a0c7        0x1 
 .rodata.oslib_test_003_001_execute.str1.4
                0x0800a0c8       0x1d C:\Users\baciu\AppData\Local\Temp\ch.elf.jPVN1l.ltrans0.ltrans.o
 *fill*         0x0800a0e5        0x3 
 .rodata.rt_test_011_011_execute.str1.4
                0x0800a0e8        0xf C:\Users\baciu\AppData\Local\Temp\ch.elf.jPVN1l.ltrans0.ltrans.o
 *fill*         0x0800a0f7        0x1 
 .rodata.rt_test_007_005_execute.str1.4
                0x0800a0f8       0x3d C:\Users\baciu\AppData\Local\Temp\ch.elf.jPVN1l.ltrans0.ltrans.o
 *fill*         0x0800a135        0x3 
 .rodata.rt_test_007_004_execute.str1.4
                0x0800a138        0x6 C:\Users\baciu\AppData\Local\Temp\ch.elf.jPVN1l.ltrans0.ltrans.o
 *fill*         0x0800a13e        0x2 
 .rodata.oslib_test_009_003_execute.str1.4
                0x0800a140       0x58 C:\Users\baciu\AppData\Local\Temp\ch.elf.jPVN1l.ltrans0.ltrans.o
                                 0x60 (size before relaxing)
 .rodata.oslib_test_009_001_execute.str1.4
                0x0800a198       0x30 C:\Users\baciu\AppData\Local\Temp\ch.elf.jPVN1l.ltrans0.ltrans.o
 .rodata.oslib_test_008_002_execute.str1.4
                0x0800a1c8       0x2a C:\Users\baciu\AppData\Local\Temp\ch.elf.jPVN1l.ltrans0.ltrans.o
 *fill*         0x0800a1f2        0x2 
 .rodata.oslib_test_008_001_execute.str1.4
                0x0800a1f4       0x59 C:\Users\baciu\AppData\Local\Temp\ch.elf.jPVN1l.ltrans0.ltrans.o
 *fill*         0x0800a24d        0x3 
 .rodata.rt_test_011_006_execute.str1.4
                0x0800a250        0xb C:\Users\baciu\AppData\Local\Temp\ch.elf.jPVN1l.ltrans0.ltrans.o
 *fill*         0x0800a25b        0x1 
 .rodata.oslib_test_005_001_execute.str1.4
                0x0800a25c       0x46 C:\Users\baciu\AppData\Local\Temp\ch.elf.jPVN1l.ltrans0.ltrans.o
 *fill*         0x0800a2a2        0x2 
 .rodata.oslib_test_004_001_execute.str1.4
                0x0800a2a4       0x18 C:\Users\baciu\AppData\Local\Temp\ch.elf.jPVN1l.ltrans0.ltrans.o
 .rodata.rt_test_011_008_execute.str1.4
                0x0800a2bc        0xa C:\Users\baciu\AppData\Local\Temp\ch.elf.jPVN1l.ltrans0.ltrans.o
 *fill*         0x0800a2c6        0x2 
 .rodata.rt_test_011_007_execute.str1.4
                0x0800a2c8       0x11 C:\Users\baciu\AppData\Local\Temp\ch.elf.jPVN1l.ltrans0.ltrans.o
 *fill*         0x0800a2d9        0x3 
 .rodata.rt_test_011_003_execute.str1.4
                0x0800a2dc        0xa C:\Users\baciu\AppData\Local\Temp\ch.elf.jPVN1l.ltrans0.ltrans.o
 *fill*         0x0800a2e6        0x2 
 .rodata.rt_test_010_002_execute.str1.4
                0x0800a2e8       0x88 C:\Users\baciu\AppData\Local\Temp\ch.elf.jPVN1l.ltrans0.ltrans.o
                                 0x8c (size before relaxing)
 .rodata.rt_test_010_001_execute.str1.4
                0x0800a370       0x56 C:\Users\baciu\AppData\Local\Temp\ch.elf.jPVN1l.ltrans0.ltrans.o
 *fill*         0x0800a3c6        0x2 
 .rodata.rt_test_009_007_execute.str1.4
                0x0800a3c8        0xc C:\Users\baciu\AppData\Local\Temp\ch.elf.jPVN1l.ltrans0.ltrans.o
 .rodata.rt_test_009_005_execute.str1.4
                0x0800a3d4       0x2a C:\Users\baciu\AppData\Local\Temp\ch.elf.jPVN1l.ltrans0.ltrans.o
 *fill*         0x0800a3fe        0x2 
 .rodata.rt_test_009_004_execute.str1.4
                0x0800a400       0x11 C:\Users\baciu\AppData\Local\Temp\ch.elf.jPVN1l.ltrans0.ltrans.o
 *fill*         0x0800a411        0x3 
 .rodata.rt_test_009_003_execute.str1.4
                0x0800a414       0x13 C:\Users\baciu\AppData\Local\Temp\ch.elf.jPVN1l.ltrans0.ltrans.o
 *fill*         0x0800a427        0x1 
 .rodata.rt_test_007_008_execute.str1.4
                0x0800a428        0x6 C:\Users\baciu\AppData\Local\Temp\ch.elf.jPVN1l.ltrans0.ltrans.o
 *fill*         0x0800a42e        0x2 
 .rodata.rt_test_006_004_execute.str1.4
                0x0800a430       0x10 C:\Users\baciu\AppData\Local\Temp\ch.elf.jPVN1l.ltrans0.ltrans.o
 .rodata.rt_test_005_001_execute.str1.4
                0x0800a440        0x9 C:\Users\baciu\AppData\Local\Temp\ch.elf.jPVN1l.ltrans0.ltrans.o
 *fill*         0x0800a449        0x3 
 .rodata.rt_test_004_004_execute.str1.4
                0x0800a44c       0x87 C:\Users\baciu\AppData\Local\Temp\ch.elf.jPVN1l.ltrans0.ltrans.o
 *fill*         0x0800a4d3        0x1 
 .rodata.rt_test_002_002_execute.str1.4
                0x0800a4d4       0x12 C:\Users\baciu\AppData\Local\Temp\ch.elf.jPVN1l.ltrans0.ltrans.o
 *fill*         0x0800a4e6        0x2 
 .rodata.str1.4
                0x0800a4e8      0x9d6 C:\Users\baciu\AppData\Local\Temp\ch.elf.jPVN1l.ltrans0.ltrans.o
 *fill*         0x0800aebe        0x2 
 .rodata.ch_debug
                0x0800aec0       0x16 C:\Users\baciu\AppData\Local\Temp\ch.elf.jPVN1l.ltrans0.ltrans.o
 *fill*         0x0800aed6        0x2 
 .rodata.evhndl
                0x0800aed8        0xc C:\Users\baciu\AppData\Local\Temp\ch.elf.jPVN1l.ltrans0.ltrans.o
 .rodata.idle_descriptor.7242
                0x0800aee4       0x18 C:\Users\baciu\AppData\Local\Temp\ch.elf.jPVN1l.ltrans0.ltrans.o
 .rodata.oslib_test_001_001
                0x0800aefc       0x10 C:\Users\baciu\AppData\Local\Temp\ch.elf.jPVN1l.ltrans0.ltrans.o
 .rodata.oslib_test_001_002
                0x0800af0c       0x10 C:\Users\baciu\AppData\Local\Temp\ch.elf.jPVN1l.ltrans0.ltrans.o
 .rodata.oslib_test_001_003
                0x0800af1c       0x10 C:\Users\baciu\AppData\Local\Temp\ch.elf.jPVN1l.ltrans0.ltrans.o
 .rodata.oslib_test_002_001
                0x0800af2c       0x10 C:\Users\baciu\AppData\Local\Temp\ch.elf.jPVN1l.ltrans0.ltrans.o
 .rodata.oslib_test_002_002
                0x0800af3c       0x10 C:\Users\baciu\AppData\Local\Temp\ch.elf.jPVN1l.ltrans0.ltrans.o
 .rodata.oslib_test_002_003
                0x0800af4c       0x10 C:\Users\baciu\AppData\Local\Temp\ch.elf.jPVN1l.ltrans0.ltrans.o
 .rodata.oslib_test_003_001
                0x0800af5c       0x10 C:\Users\baciu\AppData\Local\Temp\ch.elf.jPVN1l.ltrans0.ltrans.o
 .rodata.oslib_test_003_002
                0x0800af6c       0x10 C:\Users\baciu\AppData\Local\Temp\ch.elf.jPVN1l.ltrans0.ltrans.o
 .rodata.oslib_test_004_001
                0x0800af7c       0x10 C:\Users\baciu\AppData\Local\Temp\ch.elf.jPVN1l.ltrans0.ltrans.o
 .rodata.oslib_test_005_001
                0x0800af8c       0x10 C:\Users\baciu\AppData\Local\Temp\ch.elf.jPVN1l.ltrans0.ltrans.o
 .rodata.oslib_test_006_001
                0x0800af9c       0x10 C:\Users\baciu\AppData\Local\Temp\ch.elf.jPVN1l.ltrans0.ltrans.o
 .rodata.oslib_test_007_001
                0x0800afac       0x10 C:\Users\baciu\AppData\Local\Temp\ch.elf.jPVN1l.ltrans0.ltrans.o
 .rodata.oslib_test_007_002
                0x0800afbc       0x10 C:\Users\baciu\AppData\Local\Temp\ch.elf.jPVN1l.ltrans0.ltrans.o
 .rodata.oslib_test_007_003
                0x0800afcc       0x10 C:\Users\baciu\AppData\Local\Temp\ch.elf.jPVN1l.ltrans0.ltrans.o
 .rodata.oslib_test_008_001
                0x0800afdc       0x10 C:\Users\baciu\AppData\Local\Temp\ch.elf.jPVN1l.ltrans0.ltrans.o
 .rodata.oslib_test_008_002
                0x0800afec       0x10 C:\Users\baciu\AppData\Local\Temp\ch.elf.jPVN1l.ltrans0.ltrans.o
 .rodata.oslib_test_009_001
                0x0800affc       0x10 C:\Users\baciu\AppData\Local\Temp\ch.elf.jPVN1l.ltrans0.ltrans.o
 .rodata.oslib_test_009_002
                0x0800b00c       0x10 C:\Users\baciu\AppData\Local\Temp\ch.elf.jPVN1l.ltrans0.ltrans.o
 .rodata.oslib_test_009_003
                0x0800b01c       0x10 C:\Users\baciu\AppData\Local\Temp\ch.elf.jPVN1l.ltrans0.ltrans.o
 .rodata.oslib_test_009_004
                0x0800b02c       0x10 C:\Users\baciu\AppData\Local\Temp\ch.elf.jPVN1l.ltrans0.ltrans.o
 .rodata.oslib_test_009_005
                0x0800b03c       0x10 C:\Users\baciu\AppData\Local\Temp\ch.elf.jPVN1l.ltrans0.ltrans.o
 .rodata.oslib_test_009_006
                0x0800b04c       0x10 C:\Users\baciu\AppData\Local\Temp\ch.elf.jPVN1l.ltrans0.ltrans.o
 .rodata.oslib_test_sequence_001
                0x0800b05c        0x8 C:\Users\baciu\AppData\Local\Temp\ch.elf.jPVN1l.ltrans0.ltrans.o
 .rodata.oslib_test_sequence_001_array
                0x0800b064       0x10 C:\Users\baciu\AppData\Local\Temp\ch.elf.jPVN1l.ltrans0.ltrans.o
 .rodata.oslib_test_sequence_002
                0x0800b074        0x8 C:\Users\baciu\AppData\Local\Temp\ch.elf.jPVN1l.ltrans0.ltrans.o
 .rodata.oslib_test_sequence_002_array
                0x0800b07c       0x10 C:\Users\baciu\AppData\Local\Temp\ch.elf.jPVN1l.ltrans0.ltrans.o
 .rodata.oslib_test_sequence_003
                0x0800b08c        0x8 C:\Users\baciu\AppData\Local\Temp\ch.elf.jPVN1l.ltrans0.ltrans.o
 .rodata.oslib_test_sequence_003_array
                0x0800b094        0xc C:\Users\baciu\AppData\Local\Temp\ch.elf.jPVN1l.ltrans0.ltrans.o
 .rodata.oslib_test_sequence_004
                0x0800b0a0        0x8 C:\Users\baciu\AppData\Local\Temp\ch.elf.jPVN1l.ltrans0.ltrans.o
 .rodata.oslib_test_sequence_004_array
                0x0800b0a8        0x8 C:\Users\baciu\AppData\Local\Temp\ch.elf.jPVN1l.ltrans0.ltrans.o
 .rodata.oslib_test_sequence_005
                0x0800b0b0        0x8 C:\Users\baciu\AppData\Local\Temp\ch.elf.jPVN1l.ltrans0.ltrans.o
 .rodata.oslib_test_sequence_005_array
                0x0800b0b8        0x8 C:\Users\baciu\AppData\Local\Temp\ch.elf.jPVN1l.ltrans0.ltrans.o
 .rodata.oslib_test_sequence_006
                0x0800b0c0        0x8 C:\Users\baciu\AppData\Local\Temp\ch.elf.jPVN1l.ltrans0.ltrans.o
 .rodata.oslib_test_sequence_006_array
                0x0800b0c8        0x8 C:\Users\baciu\AppData\Local\Temp\ch.elf.jPVN1l.ltrans0.ltrans.o
 .rodata.oslib_test_sequence_007
                0x0800b0d0        0x8 C:\Users\baciu\AppData\Local\Temp\ch.elf.jPVN1l.ltrans0.ltrans.o
 .rodata.oslib_test_sequence_007_array
                0x0800b0d8       0x10 C:\Users\baciu\AppData\Local\Temp\ch.elf.jPVN1l.ltrans0.ltrans.o
 .rodata.oslib_test_sequence_008
                0x0800b0e8        0x8 C:\Users\baciu\AppData\Local\Temp\ch.elf.jPVN1l.ltrans0.ltrans.o
 .rodata.oslib_test_sequence_008_array
                0x0800b0f0        0xc C:\Users\baciu\AppData\Local\Temp\ch.elf.jPVN1l.ltrans0.ltrans.o
 .rodata.oslib_test_sequence_009
                0x0800b0fc        0x8 C:\Users\baciu\AppData\Local\Temp\ch.elf.jPVN1l.ltrans0.ltrans.o
 .rodata.oslib_test_sequence_009_array
                0x0800b104       0x1c C:\Users\baciu\AppData\Local\Temp\ch.elf.jPVN1l.ltrans0.ltrans.o
 .rodata.oslib_test_suite
                0x0800b120        0x8 C:\Users\baciu\AppData\Local\Temp\ch.elf.jPVN1l.ltrans0.ltrans.o
 .rodata.oslib_test_suite_array
                0x0800b128       0x28 C:\Users\baciu\AppData\Local\Temp\ch.elf.jPVN1l.ltrans0.ltrans.o
 .rodata.pipe_pattern
                0x0800b150       0x11 C:\Users\baciu\AppData\Local\Temp\ch.elf.jPVN1l.ltrans0.ltrans.o
 *fill*         0x0800b161        0x3 
 .rodata.ram_areas
                0x0800b164       0x80 C:\Users\baciu\AppData\Local\Temp\ch.elf.jPVN1l.ltrans0.ltrans.o
 .rodata.rt_test_001_001
                0x0800b1e4       0x10 C:\Users\baciu\AppData\Local\Temp\ch.elf.jPVN1l.ltrans0.ltrans.o
 .rodata.rt_test_001_002
                0x0800b1f4       0x10 C:\Users\baciu\AppData\Local\Temp\ch.elf.jPVN1l.ltrans0.ltrans.o
 .rodata.rt_test_001_003
                0x0800b204       0x10 C:\Users\baciu\AppData\Local\Temp\ch.elf.jPVN1l.ltrans0.ltrans.o
 .rodata.rt_test_002_001
                0x0800b214       0x10 C:\Users\baciu\AppData\Local\Temp\ch.elf.jPVN1l.ltrans0.ltrans.o
 .rodata.rt_test_002_002
                0x0800b224       0x10 C:\Users\baciu\AppData\Local\Temp\ch.elf.jPVN1l.ltrans0.ltrans.o
 .rodata.rt_test_002_003
                0x0800b234       0x10 C:\Users\baciu\AppData\Local\Temp\ch.elf.jPVN1l.ltrans0.ltrans.o
 .rodata.rt_test_003_001
                0x0800b244       0x10 C:\Users\baciu\AppData\Local\Temp\ch.elf.jPVN1l.ltrans0.ltrans.o
 .rodata.rt_test_003_002
                0x0800b254       0x10 C:\Users\baciu\AppData\Local\Temp\ch.elf.jPVN1l.ltrans0.ltrans.o
 .rodata.rt_test_004_001
                0x0800b264       0x10 C:\Users\baciu\AppData\Local\Temp\ch.elf.jPVN1l.ltrans0.ltrans.o
 .rodata.rt_test_004_002
                0x0800b274       0x10 C:\Users\baciu\AppData\Local\Temp\ch.elf.jPVN1l.ltrans0.ltrans.o
 .rodata.rt_test_004_003
                0x0800b284       0x10 C:\Users\baciu\AppData\Local\Temp\ch.elf.jPVN1l.ltrans0.ltrans.o
 .rodata.rt_test_004_004
                0x0800b294       0x10 C:\Users\baciu\AppData\Local\Temp\ch.elf.jPVN1l.ltrans0.ltrans.o
 .rodata.rt_test_005_001
                0x0800b2a4       0x10 C:\Users\baciu\AppData\Local\Temp\ch.elf.jPVN1l.ltrans0.ltrans.o
 .rodata.rt_test_006_001
                0x0800b2b4       0x10 C:\Users\baciu\AppData\Local\Temp\ch.elf.jPVN1l.ltrans0.ltrans.o
 .rodata.rt_test_006_002
                0x0800b2c4       0x10 C:\Users\baciu\AppData\Local\Temp\ch.elf.jPVN1l.ltrans0.ltrans.o
 .rodata.rt_test_006_003
                0x0800b2d4       0x10 C:\Users\baciu\AppData\Local\Temp\ch.elf.jPVN1l.ltrans0.ltrans.o
 .rodata.rt_test_006_004
                0x0800b2e4       0x10 C:\Users\baciu\AppData\Local\Temp\ch.elf.jPVN1l.ltrans0.ltrans.o
 .rodata.rt_test_006_005
                0x0800b2f4       0x10 C:\Users\baciu\AppData\Local\Temp\ch.elf.jPVN1l.ltrans0.ltrans.o
 .rodata.rt_test_006_006
                0x0800b304       0x10 C:\Users\baciu\AppData\Local\Temp\ch.elf.jPVN1l.ltrans0.ltrans.o
 .rodata.rt_test_007_001
                0x0800b314       0x10 C:\Users\baciu\AppData\Local\Temp\ch.elf.jPVN1l.ltrans0.ltrans.o
 .rodata.rt_test_007_004
                0x0800b324       0x10 C:\Users\baciu\AppData\Local\Temp\ch.elf.jPVN1l.ltrans0.ltrans.o
 .rodata.rt_test_007_005
                0x0800b334       0x10 C:\Users\baciu\AppData\Local\Temp\ch.elf.jPVN1l.ltrans0.ltrans.o
 .rodata.rt_test_007_007
                0x0800b344       0x10 C:\Users\baciu\AppData\Local\Temp\ch.elf.jPVN1l.ltrans0.ltrans.o
 .rodata.rt_test_007_008
                0x0800b354       0x10 C:\Users\baciu\AppData\Local\Temp\ch.elf.jPVN1l.ltrans0.ltrans.o
 .rodata.rt_test_007_009
                0x0800b364       0x10 C:\Users\baciu\AppData\Local\Temp\ch.elf.jPVN1l.ltrans0.ltrans.o
 .rodata.rt_test_008_001
                0x0800b374       0x10 C:\Users\baciu\AppData\Local\Temp\ch.elf.jPVN1l.ltrans0.ltrans.o
 .rodata.rt_test_009_001
                0x0800b384       0x10 C:\Users\baciu\AppData\Local\Temp\ch.elf.jPVN1l.ltrans0.ltrans.o
 .rodata.rt_test_009_002
                0x0800b394       0x10 C:\Users\baciu\AppData\Local\Temp\ch.elf.jPVN1l.ltrans0.ltrans.o
 .rodata.rt_test_009_003
                0x0800b3a4       0x10 C:\Users\baciu\AppData\Local\Temp\ch.elf.jPVN1l.ltrans0.ltrans.o
 .rodata.rt_test_009_004
                0x0800b3b4       0x10 C:\Users\baciu\AppData\Local\Temp\ch.elf.jPVN1l.ltrans0.ltrans.o
 .rodata.rt_test_009_005
                0x0800b3c4       0x10 C:\Users\baciu\AppData\Local\Temp\ch.elf.jPVN1l.ltrans0.ltrans.o
 .rodata.rt_test_009_006
                0x0800b3d4       0x10 C:\Users\baciu\AppData\Local\Temp\ch.elf.jPVN1l.ltrans0.ltrans.o
 .rodata.rt_test_009_007
                0x0800b3e4       0x10 C:\Users\baciu\AppData\Local\Temp\ch.elf.jPVN1l.ltrans0.ltrans.o
 .rodata.rt_test_010_001
                0x0800b3f4       0x10 C:\Users\baciu\AppData\Local\Temp\ch.elf.jPVN1l.ltrans0.ltrans.o
 .rodata.rt_test_010_002
                0x0800b404       0x10 C:\Users\baciu\AppData\Local\Temp\ch.elf.jPVN1l.ltrans0.ltrans.o
 .rodata.rt_test_011_001
                0x0800b414       0x10 C:\Users\baciu\AppData\Local\Temp\ch.elf.jPVN1l.ltrans0.ltrans.o
 .rodata.rt_test_011_002
                0x0800b424       0x10 C:\Users\baciu\AppData\Local\Temp\ch.elf.jPVN1l.ltrans0.ltrans.o
 .rodata.rt_test_011_003
                0x0800b434       0x10 C:\Users\baciu\AppData\Local\Temp\ch.elf.jPVN1l.ltrans0.ltrans.o
 .rodata.rt_test_011_004
                0x0800b444       0x10 C:\Users\baciu\AppData\Local\Temp\ch.elf.jPVN1l.ltrans0.ltrans.o
 .rodata.rt_test_011_005
                0x0800b454       0x10 C:\Users\baciu\AppData\Local\Temp\ch.elf.jPVN1l.ltrans0.ltrans.o
 .rodata.rt_test_011_006
                0x0800b464       0x10 C:\Users\baciu\AppData\Local\Temp\ch.elf.jPVN1l.ltrans0.ltrans.o
 .rodata.rt_test_011_007
                0x0800b474       0x10 C:\Users\baciu\AppData\Local\Temp\ch.elf.jPVN1l.ltrans0.ltrans.o
 .rodata.rt_test_011_008
                0x0800b484       0x10 C:\Users\baciu\AppData\Local\Temp\ch.elf.jPVN1l.ltrans0.ltrans.o
 .rodata.rt_test_011_009
                0x0800b494       0x10 C:\Users\baciu\AppData\Local\Temp\ch.elf.jPVN1l.ltrans0.ltrans.o
 .rodata.rt_test_011_010
                0x0800b4a4       0x10 C:\Users\baciu\AppData\Local\Temp\ch.elf.jPVN1l.ltrans0.ltrans.o
 .rodata.rt_test_011_011
                0x0800b4b4       0x10 C:\Users\baciu\AppData\Local\Temp\ch.elf.jPVN1l.ltrans0.ltrans.o
 .rodata.rt_test_011_012
                0x0800b4c4       0x10 C:\Users\baciu\AppData\Local\Temp\ch.elf.jPVN1l.ltrans0.ltrans.o
 .rodata.rt_test_sequence_001
                0x0800b4d4        0x8 C:\Users\baciu\AppData\Local\Temp\ch.elf.jPVN1l.ltrans0.ltrans.o
 .rodata.rt_test_sequence_001_array
                0x0800b4dc       0x10 C:\Users\baciu\AppData\Local\Temp\ch.elf.jPVN1l.ltrans0.ltrans.o
 .rodata.rt_test_sequence_002
                0x0800b4ec        0x8 C:\Users\baciu\AppData\Local\Temp\ch.elf.jPVN1l.ltrans0.ltrans.o
 .rodata.rt_test_sequence_002_array
                0x0800b4f4       0x10 C:\Users\baciu\AppData\Local\Temp\ch.elf.jPVN1l.ltrans0.ltrans.o
 .rodata.rt_test_sequence_003
                0x0800b504        0x8 C:\Users\baciu\AppData\Local\Temp\ch.elf.jPVN1l.ltrans0.ltrans.o
 .rodata.rt_test_sequence_003_array
                0x0800b50c        0xc C:\Users\baciu\AppData\Local\Temp\ch.elf.jPVN1l.ltrans0.ltrans.o
 .rodata.rt_test_sequence_004
                0x0800b518        0x8 C:\Users\baciu\AppData\Local\Temp\ch.elf.jPVN1l.ltrans0.ltrans.o
 .rodata.rt_test_sequence_004_array
                0x0800b520       0x14 C:\Users\baciu\AppData\Local\Temp\ch.elf.jPVN1l.ltrans0.ltrans.o
 .rodata.rt_test_sequence_005
                0x0800b534        0x8 C:\Users\baciu\AppData\Local\Temp\ch.elf.jPVN1l.ltrans0.ltrans.o
 .rodata.rt_test_sequence_005_array
                0x0800b53c        0x8 C:\Users\baciu\AppData\Local\Temp\ch.elf.jPVN1l.ltrans0.ltrans.o
 .rodata.rt_test_sequence_006
                0x0800b544        0x8 C:\Users\baciu\AppData\Local\Temp\ch.elf.jPVN1l.ltrans0.ltrans.o
 .rodata.rt_test_sequence_006_array
                0x0800b54c       0x1c C:\Users\baciu\AppData\Local\Temp\ch.elf.jPVN1l.ltrans0.ltrans.o
 .rodata.rt_test_sequence_007
                0x0800b568        0x8 C:\Users\baciu\AppData\Local\Temp\ch.elf.jPVN1l.ltrans0.ltrans.o
 .rodata.rt_test_sequence_007_array
                0x0800b570       0x1c C:\Users\baciu\AppData\Local\Temp\ch.elf.jPVN1l.ltrans0.ltrans.o
 .rodata.rt_test_sequence_008
                0x0800b58c        0x8 C:\Users\baciu\AppData\Local\Temp\ch.elf.jPVN1l.ltrans0.ltrans.o
 .rodata.rt_test_sequence_008_array
                0x0800b594        0x8 C:\Users\baciu\AppData\Local\Temp\ch.elf.jPVN1l.ltrans0.ltrans.o
 .rodata.rt_test_sequence_009
                0x0800b59c        0x8 C:\Users\baciu\AppData\Local\Temp\ch.elf.jPVN1l.ltrans0.ltrans.o
 .rodata.rt_test_sequence_009_array
                0x0800b5a4       0x20 C:\Users\baciu\AppData\Local\Temp\ch.elf.jPVN1l.ltrans0.ltrans.o
 .rodata.rt_test_sequence_010
                0x0800b5c4        0x8 C:\Users\baciu\AppData\Local\Temp\ch.elf.jPVN1l.ltrans0.ltrans.o
 .rodata.rt_test_sequence_010_array
                0x0800b5cc        0xc C:\Users\baciu\AppData\Local\Temp\ch.elf.jPVN1l.ltrans0.ltrans.o
 .rodata.rt_test_sequence_011
                0x0800b5d8        0x8 C:\Users\baciu\AppData\Local\Temp\ch.elf.jPVN1l.ltrans0.ltrans.o
 .rodata.rt_test_sequence_011_array
                0x0800b5e0       0x34 C:\Users\baciu\AppData\Local\Temp\ch.elf.jPVN1l.ltrans0.ltrans.o
 .rodata.rt_test_suite
                0x0800b614        0x8 C:\Users\baciu\AppData\Local\Temp\ch.elf.jPVN1l.ltrans0.ltrans.o
 .rodata.rt_test_suite_array
                0x0800b61c       0x30 C:\Users\baciu\AppData\Local\Temp\ch.elf.jPVN1l.ltrans0.ltrans.o
 .rodata.vmt    0x0800b64c       0x28 C:\Users\baciu\AppData\Local\Temp\ch.elf.jPVN1l.ltrans0.ltrans.o
 .rodata.wa     0x0800b674       0x14 C:\Users\baciu\AppData\Local\Temp\ch.elf.jPVN1l.ltrans0.ltrans.o
                0x0800b688                . = ALIGN (0x4)
                0x0800b688                __rodata_end__ = .

.rel.dyn        0x0800b688        0x0
 .rel.iplt      0x0800b688        0x0 ./build/obj/crt0_v7m.o

.ARM.extab
 *(.ARM.extab* .gnu.linkonce.armextab.*)

.ARM.exidx      0x0800b688        0x0
                0x0800b688                __exidx_base__ = .
                0x0800b688                __exidx_start = .
 *(.ARM.exidx* .gnu.linkonce.armexidx.*)
                0x0800b688                __exidx_end__ = .
                0x0800b688                __exidx_end = .

.eh_frame_hdr
 *(.eh_frame_hdr)

.eh_frame
 *(.eh_frame)

.data           0x20000800       0xdc load address 0x0800b688
                [!provide]                PROVIDE (_textdata = LOADADDR (.data))
                [!provide]                PROVIDE (_data = .)
                0x0800b688                __textdata_base__ = LOADADDR (.data)
                0x20000800                __data_base__ = .
 *(.data)
 *(.data.*)
 .data.c1       0x20000800        0x8 C:\Users\baciu\AppData\Local\Temp\ch.elf.jPVN1l.ltrans0.ltrans.o
 .data.es1      0x20000808        0x4 C:\Users\baciu\AppData\Local\Temp\ch.elf.jPVN1l.ltrans0.ltrans.o
 .data.es2      0x2000080c        0x4 C:\Users\baciu\AppData\Local\Temp\ch.elf.jPVN1l.ltrans0.ltrans.o
 .data.gmp1     0x20000810       0x1c C:\Users\baciu\AppData\Local\Temp\ch.elf.jPVN1l.ltrans0.ltrans.o
 .data.m1       0x2000082c       0x10 C:\Users\baciu\AppData\Local\Temp\ch.elf.jPVN1l.ltrans0.ltrans.o
 .data.m2       0x2000083c       0x10 C:\Users\baciu\AppData\Local\Temp\ch.elf.jPVN1l.ltrans0.ltrans.o
 .data.mb1      0x2000084c       0x28 C:\Users\baciu\AppData\Local\Temp\ch.elf.jPVN1l.ltrans0.ltrans.o
 .data.mp1.lto_priv.1
                0x20000874       0x10 C:\Users\baciu\AppData\Local\Temp\ch.elf.jPVN1l.ltrans0.ltrans.o
 .data.myobj.8113
                0x20000884        0x4 C:\Users\baciu\AppData\Local\Temp\ch.elf.jPVN1l.ltrans0.ltrans.o
 .data.myobj.8115
                0x20000888        0x4 C:\Users\baciu\AppData\Local\Temp\ch.elf.jPVN1l.ltrans0.ltrans.o
 .data.pipe1    0x2000088c       0x50 C:\Users\baciu\AppData\Local\Temp\ch.elf.jPVN1l.ltrans0.ltrans.o
 *(.ramtext)
                0x200008dc                . = ALIGN (0x4)
                [!provide]                PROVIDE (_edata = .)
                0x200008dc                __data_end__ = .

.igot.plt       0x200008dc        0x0 load address 0x0800b764
 .igot.plt      0x200008dc        0x0 ./build/obj/crt0_v7m.o

.bss            0x200008e0     0x1400 load address 0x0800b764
                0x200008e0                __bss_base__ = .
 *(.bss)
 *(.bss.*)
 .bss.SD2       0x200008e0       0x7c C:\Users\baciu\AppData\Local\Temp\ch.elf.jPVN1l.ltrans0.ltrans.o
 .bss.buffer    0x2000095c       0x10 C:\Users\baciu\AppData\Local\Temp\ch.elf.jPVN1l.ltrans0.ltrans.o
 .bss.cache1    0x2000096c       0x44 C:\Users\baciu\AppData\Local\Temp\ch.elf.jPVN1l.ltrans0.ltrans.o
 .bss.ch        0x200009b0       0x78 C:\Users\baciu\AppData\Local\Temp\ch.elf.jPVN1l.ltrans0.ltrans.o
 .bss.ch_factory
                0x20000a28       0x48 C:\Users\baciu\AppData\Local\Temp\ch.elf.jPVN1l.ltrans0.ltrans.o
 .bss.ch_idle_thread_wa
                0x20000a70       0xd8 C:\Users\baciu\AppData\Local\Temp\ch.elf.jPVN1l.ltrans0.ltrans.o
 .bss.ch_memcore
                0x20000b48        0x8 C:\Users\baciu\AppData\Local\Temp\ch.elf.jPVN1l.ltrans0.ltrans.o
 .bss.default_heap
                0x20000b50       0x1c C:\Users\baciu\AppData\Local\Temp\ch.elf.jPVN1l.ltrans0.ltrans.o
 .bss.exit_flag
                0x20000b6c        0x1 C:\Users\baciu\AppData\Local\Temp\ch.elf.jPVN1l.ltrans0.ltrans.o
 *fill*         0x20000b6d        0x3 
 .bss.hash_headers
                0x20000b70       0x40 C:\Users\baciu\AppData\Local\Temp\ch.elf.jPVN1l.ltrans0.ltrans.o
 .bss.heap1     0x20000bb0       0x1c C:\Users\baciu\AppData\Local\Temp\ch.elf.jPVN1l.ltrans0.ltrans.o
 .bss.jobs      0x20000bcc       0x20 C:\Users\baciu\AppData\Local\Temp\ch.elf.jPVN1l.ltrans0.ltrans.o
 .bss.jq        0x20000bec       0x44 C:\Users\baciu\AppData\Local\Temp\ch.elf.jPVN1l.ltrans0.ltrans.o
 .bss.mb_buffer
                0x20000c30       0x10 C:\Users\baciu\AppData\Local\Temp\ch.elf.jPVN1l.ltrans0.ltrans.o
 .bss.mp1.lto_priv.0
                0x20000c40       0x10 C:\Users\baciu\AppData\Local\Temp\ch.elf.jPVN1l.ltrans0.ltrans.o
 .bss.msg_queue
                0x20000c50       0x10 C:\Users\baciu\AppData\Local\Temp\ch.elf.jPVN1l.ltrans0.ltrans.o