Archive member included to satisfy reference by file (symbol)

/usr/lib/gcc/arm-none-eabi/9.2.1/../../../arm-none-eabi/lib/thumb/v7e-m/nofp/libg_nano.a(lib_a-errno.o)
                              ./system/src/newlib/_sbrk.o (__errno)
/usr/lib/gcc/arm-none-eabi/9.2.1/../../../arm-none-eabi/lib/thumb/v7e-m/nofp/libg_nano.a(lib_a-impure.o)
                              /usr/lib/gcc/arm-none-eabi/9.2.1/../../../arm-none-eabi/lib/thumb/v7e-m/nofp/libg_nano.a(lib_a-errno.o) (_impure_ptr)
/usr/lib/gcc/arm-none-eabi/9.2.1/../../../arm-none-eabi/lib/thumb/v7e-m/nofp/libg_nano.a(lib_a-memcmp.o)
                              ./freertos/tasks.o (memcmp)
/usr/lib/gcc/arm-none-eabi/9.2.1/../../../arm-none-eabi/lib/thumb/v7e-m/nofp/libg_nano.a(lib_a-memcpy.o)
                              ./freertos/queue.o (memcpy)
/usr/lib/gcc/arm-none-eabi/9.2.1/../../../arm-none-eabi/lib/thumb/v7e-m/nofp/libg_nano.a(lib_a-memset.o)
                              ./freertos/tasks.o (memset)
/usr/lib/gcc/arm-none-eabi/9.2.1/../../../arm-none-eabi/lib/thumb/v7e-m/nofp/libg_nano.a(lib_a-strlen.o)
                              ./system/src/diag/Trace.o (strlen)
/usr/lib/gcc/arm-none-eabi/9.2.1/../../../arm-none-eabi/lib/thumb/v7e-m/nofp/libg_nano.a(lib_a-vsnprintf.o)
                              ./system/src/diag/Trace.o (vsnprintf)
/usr/lib/gcc/arm-none-eabi/9.2.1/../../../arm-none-eabi/lib/thumb/v7e-m/nofp/libg_nano.a(lib_a-nano-svfprintf.o)
                              /usr/lib/gcc/arm-none-eabi/9.2.1/../../../arm-none-eabi/lib/thumb/v7e-m/nofp/libg_nano.a(lib_a-vsnprintf.o) (_svfprintf_r)
/usr/lib/gcc/arm-none-eabi/9.2.1/../../../arm-none-eabi/lib/thumb/v7e-m/nofp/libg_nano.a(lib_a-nano-vfprintf_i.o)
                              /usr/lib/gcc/arm-none-eabi/9.2.1/../../../arm-none-eabi/lib/thumb/v7e-m/nofp/libg_nano.a(lib_a-nano-svfprintf.o) (_printf_i)
/usr/lib/gcc/arm-none-eabi/9.2.1/../../../arm-none-eabi/lib/thumb/v7e-m/nofp/libg_nano.a(lib_a-memchr.o)
                              /usr/lib/gcc/arm-none-eabi/9.2.1/../../../arm-none-eabi/lib/thumb/v7e-m/nofp/libg_nano.a(lib_a-nano-svfprintf.o) (memchr)
/usr/lib/gcc/arm-none-eabi/9.2.1/../../../arm-none-eabi/lib/thumb/v7e-m/nofp/libg_nano.a(lib_a-memmove.o)
                              /usr/lib/gcc/arm-none-eabi/9.2.1/../../../arm-none-eabi/lib/thumb/v7e-m/nofp/libg_nano.a(lib_a-nano-svfprintf.o) (memmove)
/usr/lib/gcc/arm-none-eabi/9.2.1/../../../arm-none-eabi/lib/thumb/v7e-m/nofp/libg_nano.a(lib_a-nano-freer.o)
                              /usr/lib/gcc/arm-none-eabi/9.2.1/../../../arm-none-eabi/lib/thumb/v7e-m/nofp/libg_nano.a(lib_a-nano-svfprintf.o) (_free_r)
/usr/lib/gcc/arm-none-eabi/9.2.1/../../../arm-none-eabi/lib/thumb/v7e-m/nofp/libg_nano.a(lib_a-nano-mallocr.o)
                              /usr/lib/gcc/arm-none-eabi/9.2.1/../../../arm-none-eabi/lib/thumb/v7e-m/nofp/libg_nano.a(lib_a-nano-svfprintf.o) (_malloc_r)
/usr/lib/gcc/arm-none-eabi/9.2.1/../../../arm-none-eabi/lib/thumb/v7e-m/nofp/libg_nano.a(lib_a-nano-reallocr.o)
                              /usr/lib/gcc/arm-none-eabi/9.2.1/../../../arm-none-eabi/lib/thumb/v7e-m/nofp/libg_nano.a(lib_a-nano-svfprintf.o) (_realloc_r)
/usr/lib/gcc/arm-none-eabi/9.2.1/../../../arm-none-eabi/lib/thumb/v7e-m/nofp/libg_nano.a(lib_a-sbrkr.o)
                              /usr/lib/gcc/arm-none-eabi/9.2.1/../../../arm-none-eabi/lib/thumb/v7e-m/nofp/libg_nano.a(lib_a-nano-mallocr.o) (_sbrk_r)
/usr/lib/gcc/arm-none-eabi/9.2.1/../../../arm-none-eabi/lib/thumb/v7e-m/nofp/libg_nano.a(lib_a-mlock.o)
                              /usr/lib/gcc/arm-none-eabi/9.2.1/../../../arm-none-eabi/lib/thumb/v7e-m/nofp/libg_nano.a(lib_a-nano-freer.o) (__malloc_lock)
/usr/lib/gcc/arm-none-eabi/9.2.1/../../../arm-none-eabi/lib/thumb/v7e-m/nofp/libg_nano.a(lib_a-nano-msizer.o)
                              /usr/lib/gcc/arm-none-eabi/9.2.1/../../../arm-none-eabi/lib/thumb/v7e-m/nofp/libg_nano.a(lib_a-nano-reallocr.o) (_malloc_usable_size_r)

Allocating common symbols
Common symbol       size              file

it2                 0x4               ./src/main.o
taskBHandle         0x4               ./src/main.o
errno               0x4               ./system/src/newlib/_syscalls.o
ulRunTimeStatsClock
                    0x4               ./src/FreeRTOS_helper.o
xQueueRegistry      0x50              ./freertos/queue.o
pFlash              0x20              ./system/src/stm32f4-hal/stm32f4xx_hal_flash.o
it1                 0x4               ./src/main.o
delta               0x4               ./src/main.o
result              0x4               ./src/main.o
taskAHandle         0x4               ./src/main.o

Discarded input sections

 .group         0x0000000000000000        0xc ./system/src/stm32f4-hal/stm32f4xx_hal.o
 .group         0x0000000000000000        0xc ./system/src/stm32f4-hal/stm32f4xx_hal.o
 .group         0x0000000000000000        0xc ./system/src/stm32f4-hal/stm32f4xx_hal.o
[...]
Memory Configuration

Name             Origin             Length             Attributes
RAM              0x0000000020000000 0x0000000000020000 xrw
CCMRAM           0x0000000010000000 0x0000000000010000 xrw
FLASH            0x0000000008000000 0x0000000000100000 xr
FLASHB1          0x0000000000000000 0x0000000000000000 xr
EXTMEMB0         0x0000000000000000 0x0000000000000000 xr
EXTMEMB1         0x0000000000000000 0x0000000000000000 xr
EXTMEMB2         0x0000000000000000 0x0000000000000000 xr
EXTMEMB3         0x0000000000000000 0x0000000000000000 xr
MEMORY_ARRAY     0x0000000020002000 0x0000000000000020 xrw
*default*        0x0000000000000000 0xffffffffffffffff

Linker script and memory map

LOAD ./system/src/stm32f4-hal/stm32f4xx_hal.o
LOAD ./system/src/stm32f4-hal/stm32f4xx_hal_cec.o
LOAD ./system/src/stm32f4-hal/stm32f4xx_hal_cortex.o
LOAD ./system/src/stm32f4-hal/stm32f4xx_hal_crc.o
LOAD ./system/src/stm32f4-hal/stm32f4xx_hal_flash.o
LOAD ./system/src/stm32f4-hal/stm32f4xx_hal_flash_ex.o
LOAD ./system/src/stm32f4-hal/stm32f4xx_hal_flash_ramfunc.o
LOAD ./system/src/stm32f4-hal/stm32f4xx_hal_gpio.o
LOAD ./system/src/stm32f4-hal/stm32f4xx_hal_iwdg.o
LOAD ./system/src/stm32f4-hal/stm32f4xx_hal_pwr.o
LOAD ./system/src/stm32f4-hal/stm32f4xx_hal_pwr_ex.o
LOAD ./system/src/stm32f4-hal/stm32f4xx_hal_rcc.o
LOAD ./system/src/stm32f4-hal/stm32f4xx_hal_rcc_ex.o
LOAD ./system/src/stm32f4-hal/stm32f4xx_hal_tim.o
LOAD ./system/src/newlib/_cxx.o
LOAD ./system/src/newlib/_exit.o
LOAD ./system/src/newlib/_sbrk.o
LOAD ./system/src/newlib/_startup.o
LOAD ./system/src/newlib/_syscalls.o
LOAD ./system/src/newlib/assert.o
LOAD ./system/src/diag/Trace.o
LOAD ./system/src/diag/trace_impl.o
LOAD ./system/src/cortexm/_initialize_hardware.o
LOAD ./system/src/cortexm/_reset_hardware.o
LOAD ./system/src/cortexm/exception_handlers.o
LOAD ./system/src/cmsis/system_stm32f4xx.o
LOAD ./system/src/cmsis/vectors_stm32f4xx.o
LOAD ./src/BlinkLed.o
LOAD ./src/FreeRTOS_helper.o
LOAD ./src/_initialize_hardware.o
LOAD ./src/_write.o
LOAD ./src/main.o
LOAD ./freertos/portable/MemMang/heap_2.o
LOAD ./freertos/portable/GCC/ARM_CM3/port.o
LOAD ./freertos/croutine.o
LOAD ./freertos/event_groups.o
LOAD ./freertos/list.o
LOAD ./freertos/queue.o
LOAD ./freertos/tasks.o
LOAD ./freertos/timers.o
LOAD /usr/lib/gcc/arm-none-eabi/9.2.1/../../../arm-none-eabi/lib/thumb/v7e-m/nofp/libstdc++_nano.a
LOAD /usr/lib/gcc/arm-none-eabi/9.2.1/../../../arm-none-eabi/lib/thumb/v7e-m/nofp/libm.a
START GROUP
LOAD /usr/lib/gcc/arm-none-eabi/9.2.1/thumb/v7e-m/nofp/libgcc.a
LOAD /usr/lib/gcc/arm-none-eabi/9.2.1/../../../arm-none-eabi/lib/thumb/v7e-m/nofp/libg_nano.a
LOAD /usr/lib/gcc/arm-none-eabi/9.2.1/../../../arm-none-eabi/lib/thumb/v7e-m/nofp/libc_nano.a
END GROUP
START GROUP
LOAD /usr/lib/gcc/arm-none-eabi/9.2.1/thumb/v7e-m/nofp/libgcc.a
LOAD /usr/lib/gcc/arm-none-eabi/9.2.1/../../../arm-none-eabi/lib/thumb/v7e-m/nofp/libc_nano.a
END GROUP
                0x0000000020020000                __stack = (ORIGIN (RAM) + LENGTH (RAM))
                0x0000000020020000                _estack = __stack
                0x0000000000000400                __Main_Stack_Size = 0x400
                [!provide]                        PROVIDE (_Main_Stack_Size = __Main_Stack_Size)
                0x000000002001fc00                __Main_Stack_Limit = (__stack - __Main_Stack_Size)
                [!provide]                        PROVIDE (_Main_Stack_Limit = __Main_Stack_Limit)
                0x0000000000000100                _Minimum_Stack_Size = 0x100
                0x0000000020002af8                PROVIDE (_Heap_Begin = _end_noinit)
                0x000000002001fc00                PROVIDE (_Heap_Limit = (__stack - __Main_Stack_Size))

.isr_vector     0x0000000008000000      0x3fe
 FILL mask 0xff
                0x0000000008000000                __vectors_start = ABSOLUTE (.)
                0x0000000008000000                __vectors_start__ = ABSOLUTE (.)
 *(.isr_vector)
 .isr_vector    0x0000000008000000      0x188 ./system/src/cmsis/vectors_stm32f4xx.o
                0x0000000008000000                __isr_vectors
 *(.cfmconfig)
 *(.after_vectors .after_vectors.*)
 .after_vectors
                0x0000000008000188      0x130 ./system/src/newlib/_startup.o
                0x0000000008000188                _start
 .after_vectors
                0x00000000080002b8      0x12c ./system/src/cortexm/exception_handlers.o
                0x00000000080002b8                Reset_Handler
                0x00000000080002be                NMI_Handler
                0x00000000080002c2                HardFault_Handler
                0x00000000080002d6                HardFault_Handler_C
                0x0000000008000334                MemManage_Handler
                0x0000000008000338                BusFault_Handler
                0x000000000800034c                BusFault_Handler_C
                0x0000000008000380                UsageFault_Handler
                0x0000000008000394                UsageFault_Handler_C
                0x00000000080003cc                DebugMon_Handler
 .after_vectors
                0x00000000080003e4        0x4 ./system/src/cmsis/vectors_stm32f4xx.o
                0x00000000080003e4                RTC_Alarm_IRQHandler
                0x00000000080003e4                HASH_RNG_IRQHandler
                0x00000000080003e4                EXTI2_IRQHandler
                0x00000000080003e4                TIM8_CC_IRQHandler
                0x00000000080003e4                TIM1_CC_IRQHandler
                0x00000000080003e4                DMA2_Stream5_IRQHandler
                0x00000000080003e4                DMA1_Stream5_IRQHandler
                0x00000000080003e4                PVD_IRQHandler
                0x00000000080003e4                SDIO_IRQHandler
                0x00000000080003e4                TAMP_STAMP_IRQHandler
                0x00000000080003e4                CAN2_RX1_IRQHandler
                0x00000000080003e4                EXTI3_IRQHandler
                0x00000000080003e4                TIM8_TRG_COM_TIM14_IRQHandler
                0x00000000080003e4                TIM1_UP_TIM10_IRQHandler
                0x00000000080003e4                TIM8_UP_TIM13_IRQHandler
                0x00000000080003e4                I2C3_ER_IRQHandler
                0x00000000080003e4                EXTI0_IRQHandler
                0x00000000080003e4                I2C2_EV_IRQHandler
                0x00000000080003e4                DMA1_Stream2_IRQHandler
                0x00000000080003e4                CAN1_RX0_IRQHandler
                0x00000000080003e4                FPU_IRQHandler
                0x00000000080003e4                OTG_HS_WKUP_IRQHandler
                0x00000000080003e4                CAN2_SCE_IRQHandler
                0x00000000080003e4                DMA2_Stream2_IRQHandler
                0x00000000080003e4                SPI1_IRQHandler
                0x00000000080003e4                TIM6_DAC_IRQHandler
                0x00000000080003e4                TIM1_BRK_TIM9_IRQHandler
                0x00000000080003e4                DCMI_IRQHandler
                0x00000000080003e4                CAN2_RX0_IRQHandler
                0x00000000080003e4                DMA2_Stream3_IRQHandler
                0x00000000080003e4                USART6_IRQHandler
                0x00000000080003e4                USART3_IRQHandler
                0x00000000080003e4                CAN1_RX1_IRQHandler
                0x00000000080003e4                UART5_IRQHandler
                0x00000000080003e4                DMA2_Stream0_IRQHandler
                0x00000000080003e4                TIM4_IRQHandler
                0x00000000080003e4                I2C1_EV_IRQHandler
                0x00000000080003e4                DMA1_Stream6_IRQHandler
                0x00000000080003e4                DMA1_Stream1_IRQHandler
                0x00000000080003e4                UART4_IRQHandler
                0x00000000080003e4                TIM3_IRQHandler
                0x00000000080003e4                RCC_IRQHandler
                0x00000000080003e4                TIM8_BRK_TIM12_IRQHandler
                0x00000000080003e4                Default_Handler
                0x00000000080003e4                EXTI15_10_IRQHandler
                0x00000000080003e4                ADC_IRQHandler
                0x00000000080003e4                DMA1_Stream7_IRQHandler
                0x00000000080003e4                TIM7_IRQHandler
                0x00000000080003e4                CAN2_TX_IRQHandler
                0x00000000080003e4                TIM5_IRQHandler
                0x00000000080003e4                DMA2_Stream7_IRQHandler
                0x00000000080003e4                I2C3_EV_IRQHandler
                0x00000000080003e4                EXTI9_5_IRQHandler
                0x00000000080003e4                RTC_WKUP_IRQHandler
                0x00000000080003e4                ETH_WKUP_IRQHandler
                0x00000000080003e4                SPI2_IRQHandler
                0x00000000080003e4                OTG_HS_EP1_IN_IRQHandler
                0x00000000080003e4                DMA1_Stream0_IRQHandler
                0x00000000080003e4                CAN1_TX_IRQHandler
                0x00000000080003e4                EXTI4_IRQHandler
                0x00000000080003e4                FSMC_IRQHandler
                0x00000000080003e4                ETH_IRQHandler
                0x00000000080003e4                OTG_HS_EP1_OUT_IRQHandler
                0x00000000080003e4                WWDG_IRQHandler
                0x00000000080003e4                TIM2_IRQHandler
                0x00000000080003e4                OTG_FS_WKUP_IRQHandler
                0x00000000080003e4                TIM1_TRG_COM_TIM11_IRQHandler
                0x00000000080003e4                OTG_HS_IRQHandler
                0x00000000080003e4                EXTI1_IRQHandler
                0x00000000080003e4                USART2_IRQHandler
                0x00000000080003e4                I2C2_ER_IRQHandler
                0x00000000080003e4                DMA2_Stream1_IRQHandler
                0x00000000080003e4                CAN1_SCE_IRQHandler
                0x00000000080003e4                FLASH_IRQHandler
                0x00000000080003e4                DMA2_Stream4_IRQHandler
                0x00000000080003e4                USART1_IRQHandler
                0x00000000080003e4                OTG_FS_IRQHandler
                0x00000000080003e4                SPI3_IRQHandler
                0x00000000080003e4                DMA1_Stream4_IRQHandler
                0x00000000080003e4                I2C1_ER_IRQHandler
                0x00000000080003e4                DMA2_Stream6_IRQHandler
                0x00000000080003e4                DMA1_Stream3_IRQHandler
 .after_vectors
                0x00000000080003e8       0x16 ./src/FreeRTOS_helper.o
                0x00000000080003e8                SysTick_Handler

.inits          0x0000000008000400       0x28
                0x0000000008000400                __data_regions_array_start = .
                0x0000000008000400        0x4 LONG 0x8004318 LOADADDR (.data)
                0x0000000008000404        0x4 LONG 0x20000000 ADDR (.data)
                0x0000000008000408        0x4 LONG 0x20000090 (ADDR (.data) + SIZEOF (.data))
                0x000000000800040c        0x4 LONG 0x8004318 LOADADDR (.data_CCMRAM)
                0x0000000008000410        0x4 LONG 0x10000000 ADDR (.data_CCMRAM)
                0x0000000008000414        0x4 LONG 0x10000000 (ADDR (.data_CCMRAM) + SIZEOF (.data_CCMRAM))
                0x0000000008000418                __data_regions_array_end = .
                0x0000000008000418                __bss_regions_array_start = .
                0x0000000008000418        0x4 LONG 0x20000090 ADDR (.bss)
                0x000000000800041c        0x4 LONG 0x20002af8 (ADDR (.bss) + SIZEOF (.bss))
                0x0000000008000420        0x4 LONG 0x10000000 ADDR (.bss_CCMRAM)
                0x0000000008000424        0x4 LONG 0x10000000 (ADDR (.bss_CCMRAM) + SIZEOF (.bss_CCMRAM))
                0x0000000008000428                __bss_regions_array_end = .
 *(.init)
 *(.fini)
                0x0000000008000428                . = ALIGN (0x4)
                0x0000000008000428                PROVIDE (__preinit_array_start = .)
 *(.preinit_array_sysinit .preinit_array_sysinit.*)
 *(.preinit_array_platform .preinit_array_platform.*)
 *(.preinit_array .preinit_array.*)
                0x0000000008000428                PROVIDE (__preinit_array_end = .)
                0x0000000008000428                . = ALIGN (0x4)
                0x0000000008000428                PROVIDE (__init_array_start = .)
 *(SORT_BY_NAME(.init_array.*))
 *(.init_array)
                0x0000000008000428                PROVIDE (__init_array_end = .)
                0x0000000008000428                . = ALIGN (0x4)
                0x0000000008000428                PROVIDE (__fini_array_start = .)
 *(SORT_BY_NAME(.fini_array.*))
 *(.fini_array)
                0x0000000008000428                PROVIDE (__fini_array_end = .)

.flashtext
 *(.flashtext .flashtext.*)

.text           0x0000000008000440     0x3ed5
 *(.text .text.*)
 .text.HAL_MspInit
                0x0000000008000440        0x2 ./system/src/stm32f4-hal/stm32f4xx_hal.o
                0x0000000008000440                HAL_MspInit
 *fill*         0x0000000008000442        0x2 
 .text.HAL_InitTick
                0x0000000008000444       0x28 ./system/src/stm32f4-hal/stm32f4xx_hal.o
                0x0000000008000444                HAL_InitTick
 .text.HAL_Init
                0x000000000800046c       0x34 ./system/src/stm32f4-hal/stm32f4xx_hal.o
                0x000000000800046c                HAL_Init
 .text.HAL_IncTick
                0x00000000080004a0       0x10 ./system/src/stm32f4-hal/stm32f4xx_hal.o
                0x00000000080004a0                HAL_IncTick
 .text.HAL_GetTick
                0x00000000080004b0        0xc ./system/src/stm32f4-hal/stm32f4xx_hal.o
                0x00000000080004b0                HAL_GetTick
 .text.HAL_NVIC_SetPriorityGrouping
                0x00000000080004bc       0x3c ./system/src/stm32f4-hal/stm32f4xx_hal_cortex.o
                0x00000000080004bc                HAL_NVIC_SetPriorityGrouping
 .text.HAL_NVIC_SetPriority
                0x00000000080004f8       0x88 ./system/src/stm32f4-hal/stm32f4xx_hal_cortex.o
                0x00000000080004f8                HAL_NVIC_SetPriority
 .text.HAL_SYSTICK_Config
                0x0000000008000580       0x2c ./system/src/stm32f4-hal/stm32f4xx_hal_cortex.o
                0x0000000008000580                HAL_SYSTICK_Config
 .text.HAL_SYSTICK_CLKSourceConfig
                0x00000000080005ac       0x3c ./system/src/stm32f4-hal/stm32f4xx_hal_cortex.o
                0x00000000080005ac                HAL_SYSTICK_CLKSourceConfig
 .text.HAL_GPIO_Init
                0x00000000080005e8      0x2f4 ./system/src/stm32f4-hal/stm32f4xx_hal_gpio.o
                0x00000000080005e8                HAL_GPIO_Init
 .text.HAL_GPIO_WritePin
                0x00000000080008dc       0x38 ./system/src/stm32f4-hal/stm32f4xx_hal_gpio.o
                0x00000000080008dc                HAL_GPIO_WritePin
 .text.HAL_RCC_OscConfig
                0x0000000008000914      0x4a4 ./system/src/stm32f4-hal/stm32f4xx_hal_rcc.o
                0x0000000008000914                HAL_RCC_OscConfig
 .text.HAL_RCC_ClockConfig
                0x0000000008000db8      0x368 ./system/src/stm32f4-hal/stm32f4xx_hal_rcc.o
                0x0000000008000db8                HAL_RCC_ClockConfig
 .text.HAL_RCC_GetSysClockFreq
                0x0000000008001120       0x98 ./system/src/stm32f4-hal/stm32f4xx_hal_rcc.o
                0x0000000008001120                HAL_RCC_GetSysClockFreq
 .text.HAL_RCC_GetHCLKFreq
                0x00000000080011b8       0x38 ./system/src/stm32f4-hal/stm32f4xx_hal_rcc.o
                0x00000000080011b8                HAL_RCC_GetHCLKFreq
 .text._exit    0x00000000080011f0        0x2 ./system/src/newlib/_exit.o
                0x00000000080011f0                _exit
 *fill*         0x00000000080011f2        0x2 
 .text.abort    0x00000000080011f4       0x14 ./system/src/newlib/_exit.o
                0x00000000080011f4                abort
 .text._sbrk    0x0000000008001208       0x44 ./system/src/newlib/_sbrk.o
                0x0000000008001208                _sbrk
 .text.__initialize_args
                0x000000000800124c       0x10 ./system/src/newlib/_syscalls.o
                0x000000000800124c                __initialize_args
 .text.assert_failed
                0x000000000800125c       0x14 ./system/src/newlib/assert.o
                0x000000000800125c                assert_failed
 .text.trace_printf
                0x0000000008001270       0x34 ./system/src/diag/Trace.o
                0x0000000008001270                trace_printf
 .text.trace_puts
                0x00000000080012a4       0x20 ./system/src/diag/Trace.o
                0x00000000080012a4                trace_puts
 .text._trace_write_semihosting_debug
                0x00000000080012c4       0x60 ./system/src/diag/trace_impl.o
 .text.trace_write
                0x0000000008001324        0x8 ./system/src/diag/trace_impl.o
                0x0000000008001324                trace_write
 .text.__initialize_hardware_early
                0x000000000800132c       0x18 ./system/src/cortexm/_initialize_hardware.o
                0x000000000800132c                __initialize_hardware_early
 .text.dumpExceptionStack
                0x0000000008001344       0xf4 ./system/src/cortexm/exception_handlers.o
                0x0000000008001344                dumpExceptionStack
 .text.isSemihosting
                0x0000000008001438       0x20 ./system/src/cortexm/exception_handlers.o
                0x0000000008001438                isSemihosting
 .text.SystemInit
                0x0000000008001458       0x40 ./system/src/cmsis/system_stm32f4xx.o
                0x0000000008001458                SystemInit
 .text.SystemCoreClockUpdate
                0x0000000008001498       0x2c ./system/src/cmsis/system_stm32f4xx.o
                0x0000000008001498                SystemCoreClockUpdate
 .text.blink_led_init
                0x00000000080014c4       0x40 ./src/BlinkLed.o
                0x00000000080014c4                blink_led_init
 .text.vApplicationStackOverflowHook
                0x0000000008001504        0x2 ./src/FreeRTOS_helper.o
                0x0000000008001504                vApplicationStackOverflowHook
 .text.vAssertCalled
                0x0000000008001506        0x2 ./src/FreeRTOS_helper.o
                0x0000000008001506                vAssertCalled
 .text.SystemClock_Config
                0x0000000008001508       0x98 ./src/_initialize_hardware.o
                0x0000000008001508                SystemClock_Config
 .text.__initialize_hardware
                0x00000000080015a0       0x10 ./src/_initialize_hardware.o
                0x00000000080015a0                __initialize_hardware
 .text.taskA    0x00000000080015b0       0x5c ./src/main.o
                0x00000000080015b0                taskA
 .text.taskB    0x000000000800160c       0x1c ./src/main.o
                0x000000000800160c                taskB
 .text.SysTick_Init
                0x0000000008001628        0xc ./src/main.o
                0x0000000008001628                SysTick_Init
 .text.main     0x0000000008001634       0x88 ./src/main.o
                0x0000000008001634                main
 .text.prvHeapInit
                0x00000000080016bc       0x2c ./freertos/portable/MemMang/heap_2.o
 .text.pvPortMalloc
                0x00000000080016e8       0xa4 ./freertos/portable/MemMang/heap_2.o
                0x00000000080016e8                pvPortMalloc
 .text.vPortFree
                0x000000000800178c       0x40 ./freertos/portable/MemMang/heap_2.o
                0x000000000800178c                vPortFree
 .text.prvPortStartFirstTask
                0x00000000080017cc       0x20 ./freertos/portable/GCC/ARM_CM3/port.o
 .text.pxPortInitialiseStack
                0x00000000080017ec       0x20 ./freertos/portable/GCC/ARM_CM3/port.o
                0x00000000080017ec                pxPortInitialiseStack
 .text.SVC_Handler
                0x000000000800180c       0x24 ./freertos/portable/GCC/ARM_CM3/port.o
                0x000000000800180c                SVC_Handler
 .text.vPortYield
                0x0000000008001830       0x18 ./freertos/portable/GCC/ARM_CM3/port.o
                0x0000000008001830                vPortYield
 .text.ulPortSetInterruptMask
                0x0000000008001848       0x10 ./freertos/portable/GCC/ARM_CM3/port.o
                0x0000000008001848                ulPortSetInterruptMask
 .text.prvTaskExitError
                0x0000000008001858       0x24 ./freertos/portable/GCC/ARM_CM3/port.o
 .text.vPortEnterCritical
                0x000000000800187c       0x40 ./freertos/portable/GCC/ARM_CM3/port.o
                0x000000000800187c                vPortEnterCritical
 .text.vPortClearInterruptMask
                0x00000000080018bc        0x6 ./freertos/portable/GCC/ARM_CM3/port.o
                0x00000000080018bc                vPortClearInterruptMask
 *fill*         0x00000000080018c2        0x2 
 .text.vPortExitCritical
                0x00000000080018c4       0x30 ./freertos/portable/GCC/ARM_CM3/port.o
                0x00000000080018c4                vPortExitCritical
 .text.PendSV_Handler
                0x00000000080018f4       0x44 ./freertos/portable/GCC/ARM_CM3/port.o
                0x00000000080018f4                PendSV_Handler
 .text.xPortSysTickHandler
                0x0000000008001938       0x20 ./freertos/portable/GCC/ARM_CM3/port.o
                0x0000000008001938                xPortSysTickHandler
 .text.vPortSuppressTicksAndSleep
                0x0000000008001958      0x108 ./freertos/portable/GCC/ARM_CM3/port.o
                0x0000000008001958                vPortSuppressTicksAndSleep
 .text.vPortSetupTimerInterrupt
                0x0000000008001a60       0x38 ./freertos/portable/GCC/ARM_CM3/port.o
                0x0000000008001a60                vPortSetupTimerInterrupt
 .text.xPortStartScheduler
                0x0000000008001a98       0x98 ./freertos/portable/GCC/ARM_CM3/port.o
                0x0000000008001a98                xPortStartScheduler
 .text.vPortValidateInterruptPriority
                0x0000000008001b30       0x58 ./freertos/portable/GCC/ARM_CM3/port.o
                0x0000000008001b30                vPortValidateInterruptPriority
 .text.vListInitialise
                0x0000000008001b88       0x16 ./freertos/list.o
                0x0000000008001b88                vListInitialise
 .text.vListInitialiseItem
                0x0000000008001b9e        0x6 ./freertos/list.o
                0x0000000008001b9e                vListInitialiseItem
 .text.vListInsertEnd
                0x0000000008001ba4       0x16 ./freertos/list.o
                0x0000000008001ba4                vListInsertEnd
 .text.vListInsert
                0x0000000008001bba       0x32 ./freertos/list.o
                0x0000000008001bba                vListInsert
 .text.uxListRemove
                0x0000000008001bec       0x24 ./freertos/list.o
                0x0000000008001bec                uxListRemove
 .text.prvIsQueueFull
                0x0000000008001c10       0x1e ./freertos/queue.o
 .text.prvIsQueueEmpty
                0x0000000008001c2e       0x1a ./freertos/queue.o
 .text.prvCopyDataToQueue
                0x0000000008001c48       0x5e ./freertos/queue.o
 .text.prvCopyDataFromQueue
                0x0000000008001ca6       0x24 ./freertos/queue.o
 .text.prvUnlockQueue
                0x0000000008001cca       0x6a ./freertos/queue.o
 .text.xQueueGenericReset
                0x0000000008001d34       0x70 ./freertos/queue.o
                0x0000000008001d34                xQueueGenericReset
 .text.xQueueGenericCreate
                0x0000000008001da4       0x58 ./freertos/queue.o
                0x0000000008001da4                xQueueGenericCreate
 .text.xQueueGenericSend
                0x0000000008001dfc      0x138 ./freertos/queue.o
                0x0000000008001dfc                xQueueGenericSend
 .text.xQueueGenericSendFromISR
                0x0000000008001f34       0xb0 ./freertos/queue.o
                0x0000000008001f34                xQueueGenericSendFromISR
 .text.xQueueGenericReceive
                0x0000000008001fe4      0x134 ./freertos/queue.o
                0x0000000008001fe4                xQueueGenericReceive
 .text.vQueueAddToRegistry
                0x0000000008002118       0x28 ./freertos/queue.o
                0x0000000008002118                vQueueAddToRegistry
 .text.vQueueWaitForMessageRestricted
                0x0000000008002140       0x46 ./freertos/queue.o
                0x0000000008002140                vQueueWaitForMessageRestricted
 *fill*         0x0000000008002186        0x2 
 .text.prvGetExpectedIdleTime
                0x0000000008002188       0x30 ./freertos/tasks.o
 .text.prvResetNextTaskUnblockTime
                0x00000000080021b8       0x2c ./freertos/tasks.o
 .text.prvTaskIsTaskSuspended
                0x00000000080021e4       0x40 ./freertos/tasks.o
 .text.prvDeleteTCB
                0x0000000008002224       0x12 ./freertos/tasks.o
 .text.prvAllocateTCBAndStack
                0x0000000008002236       0x3c ./freertos/tasks.o
 .text.prvInitialiseTCBVariables
                0x0000000008002272       0x62 ./freertos/tasks.o
 .text.prvInitialiseTaskLists
                0x00000000080022d4       0x68 ./freertos/tasks.o
 .text.prvAddCurrentTaskToDelayedList
                0x000000000800233c       0x54 ./freertos/tasks.o
 .text.xTaskGenericCreate
                0x0000000008002390      0x11c ./freertos/tasks.o
                0x0000000008002390                xTaskGenericCreate
 .text.vTaskResume
                0x00000000080024ac       0x78 ./freertos/tasks.o
                0x00000000080024ac                vTaskResume
 .text.vTaskStartScheduler
                0x0000000008002524       0x74 ./freertos/tasks.o
                0x0000000008002524                vTaskStartScheduler
 .text.vTaskSuspendAll
                0x0000000008002598       0x10 ./freertos/tasks.o
                0x0000000008002598                vTaskSuspendAll
 .text.xTaskGetTickCount
                0x00000000080025a8        0xc ./freertos/tasks.o
                0x00000000080025a8                xTaskGetTickCount
 .text.vTaskStepTick
                0x00000000080025b4       0x34 ./freertos/tasks.o
                0x00000000080025b4                vTaskStepTick
 .text.xTaskIncrementTick
                0x00000000080025e8      0x100 ./freertos/tasks.o
                0x00000000080025e8                xTaskIncrementTick
 .text.xTaskResumeAll
                0x00000000080026e8       0xe4 ./freertos/tasks.o
                0x00000000080026e8                xTaskResumeAll
 .text.prvCheckTasksWaitingTermination
                0x00000000080027cc       0x5c ./freertos/tasks.o
 .text.prvIdleTask
                0x0000000008002828       0x5c ./freertos/tasks.o
 .text.vTaskSwitchContext
                0x0000000008002884       0xd4 ./freertos/tasks.o
                0x0000000008002884                vTaskSwitchContext
 .text.vTaskSuspend
                0x0000000008002958       0xc4 ./freertos/tasks.o
                0x0000000008002958                vTaskSuspend
 .text.vTaskPlaceOnEventList
                0x0000000008002a1c       0x74 ./freertos/tasks.o
                0x0000000008002a1c                vTaskPlaceOnEventList
 .text.vTaskPlaceOnEventListRestricted
                0x0000000008002a90       0x74 ./freertos/tasks.o
                0x0000000008002a90                vTaskPlaceOnEventListRestricted
 .text.xTaskRemoveFromEventList
                0x0000000008002b04       0x90 ./freertos/tasks.o
                0x0000000008002b04                xTaskRemoveFromEventList
 .text.vTaskSetTimeOutState
                0x0000000008002b94       0x2c ./freertos/tasks.o
                0x0000000008002b94                vTaskSetTimeOutState
 .text.xTaskCheckForTimeOut
                0x0000000008002bc0       0x78 ./freertos/tasks.o
                0x0000000008002bc0                xTaskCheckForTimeOut
 .text.vTaskMissedYield
                0x0000000008002c38        0xc ./freertos/tasks.o
                0x0000000008002c38                vTaskMissedYield
 .text.eTaskConfirmSleepModeStatus
                0x0000000008002c44       0x3c ./freertos/tasks.o
                0x0000000008002c44                eTaskConfirmSleepModeStatus
 .text.xTaskGetSchedulerState
                0x0000000008002c80       0x20 ./freertos/tasks.o
                0x0000000008002c80                xTaskGetSchedulerState
 .text.prvGetNextExpireTime
                0x0000000008002ca0       0x20 ./freertos/timers.o
 .text.prvInsertTimerInActiveList
                0x0000000008002cc0       0x48 ./freertos/timers.o
 .text.prvCheckForValidListAndQueue
                0x0000000008002d08       0x74 ./freertos/timers.o
 .text.xTimerCreateTimerTask
                0x0000000008002d7c       0x50 ./freertos/timers.o
                0x0000000008002d7c                xTimerCreateTimerTask
 .text.xTimerGenericCommand
                0x0000000008002dcc       0x58 ./freertos/timers.o
                0x0000000008002dcc                xTimerGenericCommand
 .text.prvSwitchTimerLists
                0x0000000008002e24       0x78 ./freertos/timers.o
 .text.prvSampleTimeNow
                0x0000000008002e9c       0x2c ./freertos/timers.o
 .text.prvProcessExpiredTimer
                0x0000000008002ec8       0x60 ./freertos/timers.o
 .text.prvProcessTimerOrBlockTask
                0x0000000008002f28       0x54 ./freertos/timers.o
 .text.prvProcessReceivedCommands
                0x0000000008002f7c       0xf0 ./freertos/timers.o
 .text.prvTimerTask
                0x000000000800306c       0x16 ./freertos/timers.o
 *fill*         0x0000000008003082        0x2 
 .text          0x0000000008003084        0xc /usr/lib/gcc/arm-none-eabi/9.2.1/../../../arm-none-eabi/lib/thumb/v7e-m/nofp/libg_nano.a(lib_a-errno.o)
                0x0000000008003084                __errno
 .text          0x0000000008003090       0x60 /usr/lib/gcc/arm-none-eabi/9.2.1/../../../arm-none-eabi/lib/thumb/v7e-m/nofp/libg_nano.a(lib_a-memcmp.o)
                0x0000000008003090                memcmp
 .text          0x00000000080030f0      0x134 /usr/lib/gcc/arm-none-eabi/9.2.1/../../../arm-none-eabi/lib/thumb/v7e-m/nofp/libg_nano.a(lib_a-memcpy.o)
                0x00000000080030f0                memcpy
 .text          0x0000000008003224       0xa0 /usr/lib/gcc/arm-none-eabi/9.2.1/../../../arm-none-eabi/lib/thumb/v7e-m/nofp/libg_nano.a(lib_a-memset.o)
                0x0000000008003224                memset
 *fill*         0x00000000080032c4       0x3c 
 .text          0x0000000008003300       0xdc /usr/lib/gcc/arm-none-eabi/9.2.1/../../../arm-none-eabi/lib/thumb/v7e-m/nofp/libg_nano.a(lib_a-strlen.o)
                0x0000000008003300                strlen
 .text          0x00000000080033dc       0x88 /usr/lib/gcc/arm-none-eabi/9.2.1/../../../arm-none-eabi/lib/thumb/v7e-m/nofp/libg_nano.a(lib_a-vsnprintf.o)
                0x00000000080033dc                _vsnprintf_r
                0x00000000080033dc                _vsniprintf_r
                0x0000000008003448                vsnprintf
                0x0000000008003448                vsniprintf
 .text          0x0000000008003464      0x42c /usr/lib/gcc/arm-none-eabi/9.2.1/../../../arm-none-eabi/lib/thumb/v7e-m/nofp/libg_nano.a(lib_a-nano-svfprintf.o)
                0x0000000008003464                __ssputs_r
                0x0000000008003524                __ssprint_r
                0x000000000800361c                _svfprintf_r
                0x000000000800361c                _svfiprintf_r
 .text          0x0000000008003890      0x3c4 /usr/lib/gcc/arm-none-eabi/9.2.1/../../../arm-none-eabi/lib/thumb/v7e-m/nofp/libg_nano.a(lib_a-nano-vfprintf_i.o)
                0x0000000008003890                _printf_common
                0x00000000080039bc                _printf_i
 *fill*         0x0000000008003c54        0xc 
 .text          0x0000000008003c60       0xa0 /usr/lib/gcc/arm-none-eabi/9.2.1/../../../arm-none-eabi/lib/thumb/v7e-m/nofp/libg_nano.a(lib_a-memchr.o)
                0x0000000008003c60                memchr
 .text          0x0000000008003d00       0xd0 /usr/lib/gcc/arm-none-eabi/9.2.1/../../../arm-none-eabi/lib/thumb/v7e-m/nofp/libg_nano.a(lib_a-memmove.o)
                0x0000000008003d00                memmove
 .text          0x0000000008003dd0       0xac /usr/lib/gcc/arm-none-eabi/9.2.1/../../../arm-none-eabi/lib/thumb/v7e-m/nofp/libg_nano.a(lib_a-nano-freer.o)
                0x0000000008003dd0                _free_r
 .text          0x0000000008003e7c       0xc8 /usr/lib/gcc/arm-none-eabi/9.2.1/../../../arm-none-eabi/lib/thumb/v7e-m/nofp/libg_nano.a(lib_a-nano-mallocr.o)
                0x0000000008003e7c                _malloc_r
 .text          0x0000000008003f44       0x4c /usr/lib/gcc/arm-none-eabi/9.2.1/../../../arm-none-eabi/lib/thumb/v7e-m/nofp/libg_nano.a(lib_a-nano-reallocr.o)
                0x0000000008003f44                _realloc_r
 .text          0x0000000008003f90       0x24 /usr/lib/gcc/arm-none-eabi/9.2.1/../../../arm-none-eabi/lib/thumb/v7e-m/nofp/libg_nano.a(lib_a-sbrkr.o)
                0x0000000008003f90                _sbrk_r
 .text          0x0000000008003fb4        0x8 /usr/lib/gcc/arm-none-eabi/9.2.1/../../../arm-none-eabi/lib/thumb/v7e-m/nofp/libg_nano.a(lib_a-mlock.o)
                0x0000000008003fb4                __malloc_lock
                0x0000000008003fb8                __malloc_unlock
 .text          0x0000000008003fbc       0x10 /usr/lib/gcc/arm-none-eabi/9.2.1/../../../arm-none-eabi/lib/thumb/v7e-m/nofp/libg_nano.a(lib_a-nano-msizer.o)
                0x0000000008003fbc                _malloc_usable_size_r
 *(.rodata .rodata.* .constdata .constdata.*)
 .rodata.HAL_NVIC_SetPriorityGrouping.str1.4
                0x0000000008003fcc       0x31 ./system/src/stm32f4-hal/stm32f4xx_hal_cortex.o
 *fill*         0x0000000008003ffd        0x3 
 .rodata.HAL_GPIO_Init.str1.4
                0x0000000008004000       0x2f ./system/src/stm32f4-hal/stm32f4xx_hal_gpio.o
 *fill*         0x000000000800402f        0x1 
 .rodata.HAL_RCC_OscConfig.str1.4
                0x0000000008004030       0x2e ./system/src/stm32f4-hal/stm32f4xx_hal_rcc.o
 *fill*         0x000000000800405e        0x2 
 .rodata.APBAHBPrescTable
                0x0000000008004060       0x10 ./system/src/stm32f4-hal/stm32f4xx_hal_rcc.o
                0x0000000008004060                APBAHBPrescTable
 .rodata.abort.str1.4
                0x0000000008004070       0x14 ./system/src/newlib/_exit.o
 .rodata.assert_failed.str1.4
                0x0000000008004084       0x2b ./system/src/newlib/assert.o
 .rodata.trace_puts.str1.4
                0x00000000080040af       0x2b ./system/src/diag/Trace.o
                                          0x2 (size before relaxing)
 *fill*         0x00000000080040af        0x1 
 .rodata.dumpExceptionStack.str1.4
                0x00000000080040b0      0x11a ./system/src/cortexm/exception_handlers.o
 *fill*         0x00000000080041ca        0x2 
 .rodata.str1.4
                0x00000000080041cc       0x2a ./system/src/cortexm/exception_handlers.o
 *fill*         0x00000000080041f6        0x2 
 .rodata.taskA.str1.4
                0x00000000080041f8       0x11 ./src/main.o
 *fill*         0x0000000008004209        0x3 
 .rodata.main.str1.4
                0x000000000800420c       0x3a ./src/main.o
 *fill*         0x0000000008004246        0x2 
 .rodata.vPortEndScheduler.str1.4
                0x0000000008004248       0x28 ./freertos/portable/GCC/ARM_CM3/port.o
 .rodata.xQueueGenericReset.str1.4
                0x0000000008004270       0x14 ./freertos/queue.o
 .rodata.prvTaskIsTaskSuspended.str1.4
                0x0000000008004284       0x14 ./freertos/tasks.o
 .rodata.vTaskStartScheduler.str1.4
                0x0000000008004298        0x5 ./freertos/tasks.o
 *fill*         0x000000000800429d        0x3 
 .rodata.ucExpectedStackBytes.4991
                0x00000000080042a0       0x14 ./freertos/tasks.o
 .rodata.prvCheckForValidListAndQueue.str1.4
                0x00000000080042b4       0x1d ./freertos/timers.o
 *fill*         0x00000000080042d1        0x3 
 .rodata.xTimerCreateTimerTask.str1.4
                0x00000000080042d4        0x8 ./freertos/timers.o
 .rodata.str1.4
                0x00000000080042dc       0x13 /usr/lib/gcc/arm-none-eabi/9.2.1/../../../arm-none-eabi/lib/thumb/v7e-m/nofp/libg_nano.a(lib_a-nano-svfprintf.o)
 *fill*         0x00000000080042ef        0x1 
 .rodata.str1.4
                0x00000000080042f0       0x25 /usr/lib/gcc/arm-none-eabi/9.2.1/../../../arm-none-eabi/lib/thumb/v7e-m/nofp/libg_nano.a(lib_a-nano-vfprintf_i.o)
 *(vtable)
 *(.eh_frame*)
 *(.glue_7)
 .glue_7        0x0000000008004315        0x0 linker stubs
 *(.glue_7t)
 .glue_7t       0x0000000008004315        0x0 linker stubs

.vfp11_veneer   0x0000000008004318        0x0
 .vfp11_veneer  0x0000000008004318        0x0 linker stubs

.v4_bx          0x0000000008004318        0x0
 .v4_bx         0x0000000008004318        0x0 linker stubs

.iplt           0x0000000008004318        0x0
 .iplt          0x0000000008004318        0x0 ./system/src/stm32f4-hal/stm32f4xx_hal.o

.rel.dyn        0x0000000008004318        0x0
 .rel.iplt      0x0000000008004318        0x0 ./system/src/stm32f4-hal/stm32f4xx_hal.o

.ARM.extab
 *(.ARM.extab* .gnu.linkonce.armextab.*)
                0x0000000008004318                . = ALIGN (0x4)
                0x0000000008004318                __exidx_start = .

.ARM.exidx
 *(.ARM.exidx* .gnu.linkonce.armexidx.*)
                0x0000000008004318                __exidx_end = .
                0x0000000008004318                . = ALIGN (0x4)
                0x0000000008004318                _etext = .
                0x0000000008004318                __etext = .

.data_CCMRAM    0x0000000010000000        0x0 load address 0x0000000008004318
 FILL mask 0xff
 *(.data.CCMRAM .data.CCMRAM.*)
                0x0000000010000000                . = ALIGN (0x4)
                0x0000000008004318                _sidata = LOADADDR (.data)

.data           0x0000000020000000       0x90 load address 0x0000000008004318
 FILL mask 0xff
                0x0000000020000000                _sdata = .
                0x0000000020000000                __data_start__ = .
 *(.data_begin .data_begin.*)
 .data_begin    0x0000000020000000        0x4 ./system/src/newlib/_startup.o
 *(.data .data.*)
 .data.argv.4332
                0x0000000020000004        0x8 ./system/src/newlib/_syscalls.o
 .data.AHBPrescTable
                0x000000002000000c       0x10 ./system/src/cmsis/system_stm32f4xx.o
                0x000000002000000c                AHBPrescTable
 .data.SystemCoreClock
                0x000000002000001c        0x4 ./system/src/cmsis/system_stm32f4xx.o
                0x000000002000001c                SystemCoreClock
 .data.xFreeBytesRemaining
                0x0000000020000020        0x4 ./freertos/portable/MemMang/heap_2.o
 .data.uxCriticalNesting
                0x0000000020000024        0x4 ./freertos/portable/GCC/ARM_CM3/port.o
 .data          0x0000000020000028       0x64 /usr/lib/gcc/arm-none-eabi/9.2.1/../../../arm-none-eabi/lib/thumb/v7e-m/nofp/libg_nano.a(lib_a-impure.o)
                0x0000000020000028                _impure_ptr
 *(.data_end .data_end.*)
 .data_end      0x000000002000008c        0x4 ./system/src/newlib/_startup.o
                0x0000000020000090                . = ALIGN (0x4)
                0x0000000020000090                _edata = .
                0x0000000020000090                __data_end__ = .

.igot.plt       0x0000000020000090        0x0 load address 0x00000000080043a8
 .igot.plt      0x0000000020000090        0x0 ./system/src/stm32f4-hal/stm32f4xx_hal.o

.bss_CCMRAM     0x0000000010000000        0x0
 *(.bss.CCMRAM .bss.CCMRAM.*)

.bss            0x0000000020000090     0x2a68
                0x0000000020000090                __bss_start__ = .
                0x0000000020000090                _sbss = .
 *(.bss_begin .bss_begin.*)
 .bss_begin     0x0000000020000090        0x4 ./system/src/newlib/_startup.o
 *(.bss .bss.*)
 .bss.uwTick    0x0000000020000094        0x4 ./system/src/stm32f4-hal/stm32f4xx_hal.o
 .bss.current_heap_end.3965
                0x0000000020000098        0x4 ./system/src/newlib/_sbrk.o
 .bss.name.4331
                0x000000002000009c        0x1 ./system/src/newlib/_syscalls.o
 *fill*         0x000000002000009d        0x3 
 .bss.buf.5209  0x00000000200000a0       0x80 ./system/src/diag/Trace.o
 .bss.ucHeap    0x0000000020000120     0x2800 ./freertos/portable/MemMang/heap_2.o
 .bss.xEnd      0x0000000020002920        0x8 ./freertos/portable/MemMang/heap_2.o
 .bss.xHeapHasBeenInitialised.4578
                0x0000000020002928        0x4 ./freertos/portable/MemMang/heap_2.o
 .bss.xStart    0x000000002000292c        0x8 ./freertos/portable/MemMang/heap_2.o
 .bss.ucMaxSysCallPriority
                0x0000000020002934        0x1 ./freertos/portable/GCC/ARM_CM3/port.o
 *fill*         0x0000000020002935        0x3 
 .bss.ulMaxPRIGROUPValue
                0x0000000020002938        0x4 ./freertos/portable/GCC/ARM_CM3/port.o
 .bss.ulStoppedTimerCompensation
                0x000000002000293c        0x4 ./freertos/portable/GCC/ARM_CM3/port.o
 .bss.ulTimerCountsForOneTick
                0x0000000020002940        0x4 ./freertos/portable/GCC/ARM_CM3/port.o
 .bss.xMaximumPossibleSuppressedTicks
                0x0000000020002944        0x4 ./freertos/portable/GCC/ARM_CM3/port.o
 .bss.pxCurrentTCB
                0x0000000020002948        0x4 ./freertos/tasks.o
                0x0000000020002948                pxCurrentTCB
 .bss.pxDelayedTaskList
                0x000000002000294c        0x4 ./freertos/tasks.o
 .bss.pxOverflowDelayedTaskList
                0x0000000020002950        0x4 ./freertos/tasks.o
 .bss.pxReadyTasksLists
                0x0000000020002954       0x64 ./freertos/tasks.o
 .bss.uxCurrentNumberOfTasks
                0x00000000200029b8        0x4 ./freertos/tasks.o
 .bss.uxPendedTicks
                0x00000000200029bc        0x4 ./freertos/tasks.o
 .bss.uxSchedulerSuspended
                0x00000000200029c0        0x4 ./freertos/tasks.o
 .bss.uxTaskNumber
                0x00000000200029c4        0x4 ./freertos/tasks.o
 .bss.uxTasksDeleted
                0x00000000200029c8        0x4 ./freertos/tasks.o
 .bss.uxTopReadyPriority
                0x00000000200029cc        0x4 ./freertos/tasks.o
 .bss.xDelayedTaskList1
                0x00000000200029d0       0x14 ./freertos/tasks.o
 .bss.xDelayedTaskList2
                0x00000000200029e4       0x14 ./freertos/tasks.o
 .bss.xNextTaskUnblockTime
                0x00000000200029f8        0x4 ./freertos/tasks.o
 .bss.xNumOfOverflows
                0x00000000200029fc        0x4 ./freertos/tasks.o
 .bss.xPendingReadyList
                0x0000000020002a00       0x14 ./freertos/tasks.o
 .bss.xSchedulerRunning
                0x0000000020002a14        0x4 ./freertos/tasks.o
 .bss.xSuspendedTaskList
                0x0000000020002a18       0x14 ./freertos/tasks.o
 .bss.xTasksWaitingTermination
                0x0000000020002a2c       0x14 ./freertos/tasks.o
 .bss.xTickCount
                0x0000000020002a40        0x4 ./freertos/tasks.o
 .bss.xYieldPending
                0x0000000020002a44        0x4 ./freertos/tasks.o
 .bss.pxCurrentTimerList
                0x0000000020002a48        0x4 ./freertos/timers.o
 .bss.pxOverflowTimerList
                0x0000000020002a4c        0x4 ./freertos/timers.o
 .bss.xActiveTimerList1
                0x0000000020002a50       0x14 ./freertos/timers.o
 .bss.xActiveTimerList2
                0x0000000020002a64       0x14 ./freertos/timers.o
 .bss.xLastTime.4820
                0x0000000020002a78        0x4 ./freertos/timers.o
 .bss.xTimerQueue
                0x0000000020002a7c        0x4 ./freertos/timers.o
 .bss           0x0000000020002a80        0x8 /usr/lib/gcc/arm-none-eabi/9.2.1/../../../arm-none-eabi/lib/thumb/v7e-m/nofp/libg_nano.a(lib_a-nano-mallocr.o)
                0x0000000020002a80                __malloc_free_list
                0x0000000020002a84                __malloc_sbrk_start
 *(COMMON)
 COMMON         0x0000000020002a88        0x4 ./system/src/newlib/_syscalls.o
                0x0000000020002a88                errno
 COMMON         0x0000000020002a8c       0x18 ./src/main.o
                0x0000000020002a8c                it2
                0x0000000020002a90                taskBHandle
                0x0000000020002a94                it1
                0x0000000020002a98                delta
                0x0000000020002a9c                result
                0x0000000020002aa0                taskAHandle
 COMMON         0x0000000020002aa4       0x50 ./freertos/queue.o
                0x0000000020002aa4                xQueueRegistry
 *(.bss_end .bss_end.*)
 .bss_end       0x0000000020002af4        0x4 ./system/src/newlib/_startup.o
                0x0000000020002af8                . = ALIGN (0x4)
                0x0000000020002af8                __bss_end__ = .
                0x0000000020002af8                _ebss = .

.noinit_CCMRAM
 *(.noinit.CCMRAM .noinit.CCMRAM.*)

.noinit         0x0000000020002af8        0x0
                0x0000000020002af8                _noinit = .
 *(.noinit .noinit.*)
                0x0000000020002af8                . = ALIGN (0x4)
                0x0000000020002af8                _end_noinit = .
                [!provide]                        PROVIDE (end = _end_noinit)
                [!provide]                        PROVIDE (_end = _end_noinit)
                [!provide]                        PROVIDE (__end = _end_noinit)
                [!provide]                        PROVIDE (__end__ = _end_noinit)

._check_stack   0x0000000020002af8      0x100
                0x0000000020002bf8                . = (. + _Minimum_Stack_Size)
 *fill*         0x0000000020002af8      0x100 

.b1text
 *(.b1text)
 *(.b1rodata)
 *(.b1rodata.*)

.eb0text
 *(.eb0text)
 *(.eb0rodata)
 *(.eb0rodata.*)

.eb1text
 *(.eb1text)
 *(.eb1rodata)
 *(.eb1rodata.*)

.eb2text
 *(.eb2text)
 *(.eb2rodata)
 *(.eb2rodata.*)

.eb3text
 *(.eb3text)
 *(.eb3rodata)
 *(.eb3rodata.*)

.stab
 *(.stab)

.stabstr
 *(.stabstr)

.stab.excl
 *(.stab.excl)

.stab.exclstr
 *(.stab.exclstr)

.stab.index
 *(.stab.index)

.stab.indexstr
 *(.stab.indexstr)

.comment        0x0000000000000000       0xa7
 *(.comment)
 .comment       0x0000000000000000       0x59 ./system/src/stm32f4-hal/stm32f4xx_hal.o
                                         0x5a (size before relaxing)
 .comment       0x0000000000000059       0x5a ./system/src/stm32f4-hal/stm32f4xx_hal_cortex.o
 .comment       0x0000000000000059       0x5a ./system/src/stm32f4-hal/stm32f4xx_hal_gpio.o
 .comment       0x0000000000000059       0x5a ./system/src/stm32f4-hal/stm32f4xx_hal_rcc.o
 .comment       0x0000000000000059       0x5a ./system/src/newlib/_exit.o
 .comment       0x0000000000000059       0x5a ./system/src/newlib/_sbrk.o
 .comment       0x0000000000000059       0x5a ./system/src/newlib/_startup.o
 .comment       0x0000000000000059       0x5a ./system/src/newlib/_syscalls.o
 .comment       0x0000000000000059       0x5a ./system/src/newlib/assert.o
 .comment       0x0000000000000059       0x5a ./system/src/diag/Trace.o
 .comment       0x0000000000000059       0x5a ./system/src/diag/trace_impl.o
 .comment       0x0000000000000059       0x5a ./system/src/cortexm/_initialize_hardware.o
 .comment       0x0000000000000059       0x5a ./system/src/cortexm/exception_handlers.o
 .comment       0x0000000000000059       0x5a ./system/src/cmsis/system_stm32f4xx.o
 .comment       0x0000000000000059       0x5a ./system/src/cmsis/vectors_stm32f4xx.o
 .comment       0x0000000000000059       0x5a ./src/BlinkLed.o
 .comment       0x0000000000000059       0x5a ./src/FreeRTOS_helper.o
 .comment       0x0000000000000059       0x5a ./src/_initialize_hardware.o
 .comment       0x0000000000000059       0x5a ./src/main.o
 .comment       0x0000000000000059       0x5a ./freertos/portable/MemMang/heap_2.o
 .comment       0x0000000000000059       0x5a ./freertos/portable/GCC/ARM_CM3/port.o
 .comment       0x0000000000000059       0x5a ./freertos/list.o
 .comment       0x0000000000000059       0x5a ./freertos/queue.o
 .comment       0x0000000000000059       0x5a ./freertos/tasks.o
 .comment       0x0000000000000059       0x5a ./freertos/timers.o
 .comment       0x0000000000000059       0x4e /usr/lib/gcc/arm-none-eabi/9.2.1/../../../arm-none-eabi/lib/thumb/v7e-m/nofp/libg_nano.a(lib_a-errno.o)
                                         0x4f (size before relaxing)
 .comment       0x00000000000000a7       0x4f /usr/lib/gcc/arm-none-eabi/9.2.1/../../../arm-none-eabi/lib/thumb/v7e-m/nofp/libg_nano.a(lib_a-impure.o)
 .comment       0x00000000000000a7       0x4f /usr/lib/gcc/arm-none-eabi/9.2.1/../../../arm-none-eabi/lib/thumb/v7e-m/nofp/libg_nano.a(lib_a-memcmp.o)
 .comment       0x00000000000000a7       0x4f /usr/lib/gcc/arm-none-eabi/9.2.1/../../../arm-none-eabi/lib/thumb/v7e-m/nofp/libg_nano.a(lib_a-memset.o)
 .comment       0x00000000000000a7       0x4f /usr/lib/gcc/arm-none-eabi/9.2.1/../../../arm-none-eabi/lib/thumb/v7e-m/nofp/libg_nano.a(lib_a-vsnprintf.o)
 .comment       0x00000000000000a7       0x4f /usr/lib/gcc/arm-none-eabi/9.2.1/../../../arm-none-eabi/lib/thumb/v7e-m/nofp/libg_nano.a(lib_a-nano-svfprintf.o)
 .comment       0x00000000000000a7       0x4f /usr/lib/gcc/arm-none-eabi/9.2.1/../../../arm-none-eabi/lib/thumb/v7e-m/nofp/libg_nano.a(lib_a-nano-vfprintf_i.o)
 .comment       0x00000000000000a7       0x4f /usr/lib/gcc/arm-none-eabi/9.2.1/../../../arm-none-eabi/lib/thumb/v7e-m/nofp/libg_nano.a(lib_a-memmove.o)
 .comment       0x00000000000000a7       0x4f /usr/lib/gcc/arm-none-eabi/9.2.1/../../../arm-none-eabi/lib/thumb/v7e-m/nofp/libg_nano.a(lib_a-nano-freer.o)
 .comment       0x00000000000000a7       0x4f /usr/lib/gcc/arm-none-eabi/9.2.1/../../../arm-none-eabi/lib/thumb/v7e-m/nofp/libg_nano.a(lib_a-nano-mallocr.o)
 .comment       0x00000000000000a7       0x4f /usr/lib/gcc/arm-none-eabi/9.2.1/../../../arm-none-eabi/lib/thumb/v7e-m/nofp/libg_nano.a(lib_a-nano-reallocr.o)
 .comment       0x00000000000000a7       0x4f /usr/lib/gcc/arm-none-eabi/9.2.1/../../../arm-none-eabi/lib/thumb/v7e-m/nofp/libg_nano.a(lib_a-sbrkr.o)
 .comment       0x00000000000000a7       0x4f /usr/lib/gcc/arm-none-eabi/9.2.1/../../../arm-none-eabi/lib/thumb/v7e-m/nofp/libg_nano.a(lib_a-mlock.o)
 .comment       0x00000000000000a7       0x4f /usr/lib/gcc/arm-none-eabi/9.2.1/../../../arm-none-eabi/lib/thumb/v7e-m/nofp/libg_nano.a(lib_a-nano-msizer.o)

.ARM.attributes
                0x0000000000000000       0x2c
 .ARM.attributes
                0x0000000000000000       0x2e ./system/src/stm32f4-hal/stm32f4xx_hal.o
 .ARM.attributes
                0x000000000000002e       0x2e ./system/src/stm32f4-hal/stm32f4xx_hal_cortex.o
 .ARM.attributes
                0x000000000000005c       0x2e ./system/src/stm32f4-hal/stm32f4xx_hal_gpio.o
 .ARM.attributes
                0x000000000000008a       0x2e ./system/src/stm32f4-hal/stm32f4xx_hal_rcc.o
 .ARM.attributes
                0x00000000000000b8       0x2e ./system/src/newlib/_exit.o
 .ARM.attributes
                0x00000000000000e6       0x2e ./system/src/newlib/_sbrk.o
 .ARM.attributes
                0x0000000000000114       0x2e ./system/src/newlib/_startup.o
 .ARM.attributes
                0x0000000000000142       0x2e ./system/src/newlib/_syscalls.o
 .ARM.attributes
                0x0000000000000170       0x2e ./system/src/newlib/assert.o
 .ARM.attributes
                0x000000000000019e       0x2e ./system/src/diag/Trace.o
 .ARM.attributes
                0x00000000000001cc       0x2e ./system/src/diag/trace_impl.o
 .ARM.attributes
                0x00000000000001fa       0x2e ./system/src/cortexm/_initialize_hardware.o
 .ARM.attributes
                0x0000000000000228       0x2e ./system/src/cortexm/exception_handlers.o
 .ARM.attributes
                0x0000000000000256       0x2e ./system/src/cmsis/system_stm32f4xx.o
 .ARM.attributes
                0x0000000000000284       0x2e ./system/src/cmsis/vectors_stm32f4xx.o
 .ARM.attributes
                0x00000000000002b2       0x2e ./src/BlinkLed.o
 .ARM.attributes
                0x00000000000002e0       0x2e ./src/FreeRTOS_helper.o
 .ARM.attributes
                0x000000000000030e       0x2e ./src/_initialize_hardware.o
 .ARM.attributes
                0x000000000000033c       0x2e ./src/main.o
 .ARM.attributes
                0x000000000000036a       0x2e ./freertos/portable/MemMang/heap_2.o
 .ARM.attributes
                0x0000000000000398       0x2e ./freertos/portable/GCC/ARM_CM3/port.o
 .ARM.attributes
                0x00000000000003c6       0x2e ./freertos/list.o
 .ARM.attributes
                0x00000000000003f4       0x2e ./freertos/queue.o
 .ARM.attributes
                0x0000000000000422       0x2e ./freertos/tasks.o
 .ARM.attributes
                0x0000000000000450       0x2e ./freertos/timers.o
 .ARM.attributes
                0x000000000000047e       0x2e /usr/lib/gcc/arm-none-eabi/9.2.1/../../../arm-none-eabi/lib/thumb/v7e-m/nofp/libg_nano.a(lib_a-errno.o)
 .ARM.attributes
                0x00000000000004ac       0x2e /usr/lib/gcc/arm-none-eabi/9.2.1/../../../arm-none-eabi/lib/thumb/v7e-m/nofp/libg_nano.a(lib_a-impure.o)
 .ARM.attributes
                0x00000000000004da       0x2e /usr/lib/gcc/arm-none-eabi/9.2.1/../../../arm-none-eabi/lib/thumb/v7e-m/nofp/libg_nano.a(lib_a-memcmp.o)
 .ARM.attributes
                0x0000000000000508       0x1c /usr/lib/gcc/arm-none-eabi/9.2.1/../../../arm-none-eabi/lib/thumb/v7e-m/nofp/libg_nano.a(lib_a-memcpy.o)
 .ARM.attributes
                0x0000000000000524       0x2e /usr/lib/gcc/arm-none-eabi/9.2.1/../../../arm-none-eabi/lib/thumb/v7e-m/nofp/libg_nano.a(lib_a-memset.o)
 .ARM.attributes
                0x0000000000000552       0x1c /usr/lib/gcc/arm-none-eabi/9.2.1/../../../arm-none-eabi/lib/thumb/v7e-m/nofp/libg_nano.a(lib_a-strlen.o)
 .ARM.attributes
                0x000000000000056e       0x2e /usr/lib/gcc/arm-none-eabi/9.2.1/../../../arm-none-eabi/lib/thumb/v7e-m/nofp/libg_nano.a(lib_a-vsnprintf.o)
 .ARM.attributes
                0x000000000000059c       0x2e /usr/lib/gcc/arm-none-eabi/9.2.1/../../../arm-none-eabi/lib/thumb/v7e-m/nofp/libg_nano.a(lib_a-nano-svfprintf.o)
 .ARM.attributes
                0x00000000000005ca       0x2e /usr/lib/gcc/arm-none-eabi/9.2.1/../../../arm-none-eabi/lib/thumb/v7e-m/nofp/libg_nano.a(lib_a-nano-vfprintf_i.o)
 .ARM.attributes
                0x00000000000005f8       0x1c /usr/lib/gcc/arm-none-eabi/9.2.1/../../../arm-none-eabi/lib/thumb/v7e-m/nofp/libg_nano.a(lib_a-memchr.o)
 .ARM.attributes
                0x0000000000000614       0x2e /usr/lib/gcc/arm-none-eabi/9.2.1/../../../arm-none-eabi/lib/thumb/v7e-m/nofp/libg_nano.a(lib_a-memmove.o)
 .ARM.attributes
                0x0000000000000642       0x2e /usr/lib/gcc/arm-none-eabi/9.2.1/../../../arm-none-eabi/lib/thumb/v7e-m/nofp/libg_nano.a(lib_a-nano-freer.o)
 .ARM.attributes
                0x0000000000000670       0x2e /usr/lib/gcc/arm-none-eabi/9.2.1/../../../arm-none-eabi/lib/thumb/v7e-m/nofp/libg_nano.a(lib_a-nano-mallocr.o)
 .ARM.attributes
                0x000000000000069e       0x2e /usr/lib/gcc/arm-none-eabi/9.2.1/../../../arm-none-eabi/lib/thumb/v7e-m/nofp/libg_nano.a(lib_a-nano-reallocr.o)
 .ARM.attributes
                0x00000000000006cc       0x2e /usr/lib/gcc/arm-none-eabi/9.2.1/../../../arm-none-eabi/lib/thumb/v7e-m/nofp/libg_nano.a(lib_a-sbrkr.o)
 .ARM.attributes
                0x00000000000006fa       0x2e /usr/lib/gcc/arm-none-eabi/9.2.1/../../../arm-none-eabi/lib/thumb/v7e-m/nofp/libg_nano.a(lib_a-mlock.o)
 .ARM.attributes
                0x0000000000000728       0x2e /usr/lib/gcc/arm-none-eabi/9.2.1/../../../arm-none-eabi/lib/thumb/v7e-m/nofp/libg_nano.a(lib_a-nano-msizer.o)

.debug
 *(.debug)

.line
 *(.line)

.debug_srcinfo
 *(.debug_srcinfo)

.debug_sfnames
 *(.debug_sfnames)

.debug_aranges  0x0000000000000000      0xb70
 *(.debug_aranges)
 .debug_aranges
                0x0000000000000000       0xc0 ./system/src/stm32f4-hal/stm32f4xx_hal.o
 .debug_aranges
                0x00000000000000c0       0x90 ./system/src/stm32f4-hal/stm32f4xx_hal_cortex.o
 .debug_aranges
                0x0000000000000150       0x58 ./system/src/stm32f4-hal/stm32f4xx_hal_gpio.o
 .debug_aranges
                0x00000000000001a8       0x88 ./system/src/stm32f4-hal/stm32f4xx_hal_rcc.o
 .debug_aranges
                0x0000000000000230       0x28 ./system/src/newlib/_exit.o
 .debug_aranges
                0x0000000000000258       0x20 ./system/src/newlib/_sbrk.o
 .debug_aranges
                0x0000000000000278       0x40 ./system/src/newlib/_startup.o
 .debug_aranges
                0x00000000000002b8       0x30 ./system/src/newlib/_syscalls.o
 .debug_aranges
                0x00000000000002e8       0x28 ./system/src/newlib/assert.o
 .debug_aranges
                0x0000000000000310       0x38 ./system/src/diag/Trace.o
 .debug_aranges
                0x0000000000000348       0x30 ./system/src/diag/trace_impl.o
 .debug_aranges
                0x0000000000000378       0x28 ./system/src/cortexm/_initialize_hardware.o
 .debug_aranges
                0x00000000000003a0       0x90 ./system/src/cortexm/exception_handlers.o
 .debug_aranges
                0x0000000000000430       0x28 ./system/src/cmsis/system_stm32f4xx.o
 .debug_aranges
                0x0000000000000458       0x20 ./system/src/cmsis/vectors_stm32f4xx.o
 .debug_aranges
                0x0000000000000478       0x20 ./src/BlinkLed.o
 .debug_aranges
                0x0000000000000498       0x30 ./src/FreeRTOS_helper.o
 .debug_aranges
                0x00000000000004c8       0x28 ./src/_initialize_hardware.o
 .debug_aranges
                0x00000000000004f0       0x40 ./src/main.o
 .debug_aranges
                0x0000000000000530       0x40 ./freertos/portable/MemMang/heap_2.o
 .debug_aranges
                0x0000000000000570       0x98 ./freertos/portable/GCC/ARM_CM3/port.o
 .debug_aranges
                0x0000000000000608       0x40 ./freertos/list.o
 .debug_aranges
                0x0000000000000648       0xc8 ./freertos/queue.o
 .debug_aranges
                0x0000000000000710      0x1a0 ./freertos/tasks.o
 .debug_aranges
                0x00000000000008b0       0xa8 ./freertos/timers.o
 .debug_aranges
                0x0000000000000958       0x20 /usr/lib/gcc/arm-none-eabi/9.2.1/../../../arm-none-eabi/lib/thumb/v7e-m/nofp/libg_nano.a(lib_a-errno.o)
 .debug_aranges
                0x0000000000000978       0x18 /usr/lib/gcc/arm-none-eabi/9.2.1/../../../arm-none-eabi/lib/thumb/v7e-m/nofp/libg_nano.a(lib_a-impure.o)
 .debug_aranges
                0x0000000000000990       0x20 /usr/lib/gcc/arm-none-eabi/9.2.1/../../../arm-none-eabi/lib/thumb/v7e-m/nofp/libg_nano.a(lib_a-memcmp.o)
 .debug_aranges
                0x00000000000009b0       0x20 /usr/lib/gcc/arm-none-eabi/9.2.1/../../../arm-none-eabi/lib/thumb/v7e-m/nofp/libg_nano.a(lib_a-memcpy.o)
 .debug_aranges
                0x00000000000009d0       0x20 /usr/lib/gcc/arm-none-eabi/9.2.1/../../../arm-none-eabi/lib/thumb/v7e-m/nofp/libg_nano.a(lib_a-memset.o)
 .debug_aranges
                0x00000000000009f0       0x20 /usr/lib/gcc/arm-none-eabi/9.2.1/../../../arm-none-eabi/lib/thumb/v7e-m/nofp/libg_nano.a(lib_a-strlen.o)
 .debug_aranges
                0x0000000000000a10       0x20 /usr/lib/gcc/arm-none-eabi/9.2.1/../../../arm-none-eabi/lib/thumb/v7e-m/nofp/libg_nano.a(lib_a-vsnprintf.o)
 .debug_aranges
                0x0000000000000a30       0x20 /usr/lib/gcc/arm-none-eabi/9.2.1/../../../arm-none-eabi/lib/thumb/v7e-m/nofp/libg_nano.a(lib_a-nano-svfprintf.o)
 .debug_aranges
                0x0000000000000a50       0x20 /usr/lib/gcc/arm-none-eabi/9.2.1/../../../arm-none-eabi/lib/thumb/v7e-m/nofp/libg_nano.a(lib_a-nano-vfprintf_i.o)
 .debug_aranges
                0x0000000000000a70       0x20 /usr/lib/gcc/arm-none-eabi/9.2.1/../../../arm-none-eabi/lib/thumb/v7e-m/nofp/libg_nano.a(lib_a-memchr.o)
 .debug_aranges
                0x0000000000000a90       0x20 /usr/lib/gcc/arm-none-eabi/9.2.1/../../../arm-none-eabi/lib/thumb/v7e-m/nofp/libg_nano.a(lib_a-memmove.o)
 .debug_aranges
                0x0000000000000ab0       0x20 /usr/lib/gcc/arm-none-eabi/9.2.1/../../../arm-none-eabi/lib/thumb/v7e-m/nofp/libg_nano.a(lib_a-nano-freer.o)
 .debug_aranges
                0x0000000000000ad0       0x20 /usr/lib/gcc/arm-none-eabi/9.2.1/../../../arm-none-eabi/lib/thumb/v7e-m/nofp/libg_nano.a(lib_a-nano-mallocr.o)
 .debug_aranges
                0x0000000000000af0       0x20 /usr/lib/gcc/arm-none-eabi/9.2.1/../../../arm-none-eabi/lib/thumb/v7e-m/nofp/libg_nano.a(lib_a-nano-reallocr.o)
 .debug_aranges
                0x0000000000000b10       0x20 /usr/lib/gcc/arm-none-eabi/9.2.1/../../../arm-none-eabi/lib/thumb/v7e-m/nofp/libg_nano.a(lib_a-sbrkr.o)
 .debug_aranges
                0x0000000000000b30       0x20 /usr/lib/gcc/arm-none-eabi/9.2.1/../../../arm-none-eabi/lib/thumb/v7e-m/nofp/libg_nano.a(lib_a-mlock.o)
 .debug_aranges
                0x0000000000000b50       0x20 /usr/lib/gcc/arm-none-eabi/9.2.1/../../../arm-none-eabi/lib/thumb/v7e-m/nofp/libg_nano.a(lib_a-nano-msizer.o)

.debug_pubnames
 *(.debug_pubnames)

.debug_info     0x0000000000000000    0x23af4
 *(.debug_info .gnu.linkonce.wi.*)
 .debug_info    0x0000000000000000     0x1293 ./system/src/stm32f4-hal/stm32f4xx_hal.o
 .debug_info    0x0000000000001293     0x1828 ./system/src/stm32f4-hal/stm32f4xx_hal_cortex.o
 .debug_info    0x0000000000002abb     0x11ce ./system/src/stm32f4-hal/stm32f4xx_hal_gpio.o
 .debug_info    0x0000000000003c89     0x1cf8 ./system/src/stm32f4-hal/stm32f4xx_hal_rcc.o
 .debug_info    0x0000000000005981      0x9dc ./system/src/newlib/_exit.o
 .debug_info    0x000000000000635d      0x9c9 ./system/src/newlib/_sbrk.o
 .debug_info    0x0000000000006d26      0x570 ./system/src/newlib/_startup.o
 .debug_info    0x0000000000007296      0xa9c ./system/src/newlib/_syscalls.o
 .debug_info    0x0000000000007d32      0xa9f ./system/src/newlib/assert.o
 .debug_info    0x00000000000087d1      0xbd0 ./system/src/diag/Trace.o
 .debug_info    0x00000000000093a1      0xc26 ./system/src/diag/trace_impl.o
 .debug_info    0x0000000000009fc7      0xb74 ./system/src/cortexm/_initialize_hardware.o
 .debug_info    0x000000000000ab3b     0x128b ./system/src/cortexm/exception_handlers.o
 .debug_info    0x000000000000bdc6      0xd8b ./system/src/cmsis/system_stm32f4xx.o
 .debug_info    0x000000000000cb51       0xd1 ./system/src/cmsis/vectors_stm32f4xx.o
 .debug_info    0x000000000000cc22      0xcc3 ./src/BlinkLed.o
 .debug_info    0x000000000000d8e5      0xa43 ./src/FreeRTOS_helper.o
 .debug_info    0x000000000000e328      0xdc9 ./src/_initialize_hardware.o
 .debug_info    0x000000000000f0f1      0xedd ./src/main.o
 .debug_info    0x000000000000ffce      0xc0b ./freertos/portable/MemMang/heap_2.o
 .debug_info    0x0000000000010bd9      0x5cf ./freertos/portable/GCC/ARM_CM3/port.o
 .debug_info    0x00000000000111a8      0xb67 ./freertos/list.o
 .debug_info    0x0000000000011d0f     0x1e64 ./freertos/queue.o
 .debug_info    0x0000000000013b73     0x2e92 ./freertos/tasks.o
 .debug_info    0x0000000000016a05     0x1a39 ./freertos/timers.o
 .debug_info    0x000000000001843e      0x953 /usr/lib/gcc/arm-none-eabi/9.2.1/../../../arm-none-eabi/lib/thumb/v7e-m/nofp/libg_nano.a(lib_a-errno.o)
 .debug_info    0x0000000000018d91      0x92a /usr/lib/gcc/arm-none-eabi/9.2.1/../../../arm-none-eabi/lib/thumb/v7e-m/nofp/libg_nano.a(lib_a-impure.o)
 .debug_info    0x00000000000196bb      0x9c2 /usr/lib/gcc/arm-none-eabi/9.2.1/../../../arm-none-eabi/lib/thumb/v7e-m/nofp/libg_nano.a(lib_a-memcmp.o)
 .debug_info    0x000000000001a07d       0x26 /usr/lib/gcc/arm-none-eabi/9.2.1/../../../arm-none-eabi/lib/thumb/v7e-m/nofp/libg_nano.a(lib_a-memcpy.o)
 .debug_info    0x000000000001a0a3      0xf21 /usr/lib/gcc/arm-none-eabi/9.2.1/../../../arm-none-eabi/lib/thumb/v7e-m/nofp/libg_nano.a(lib_a-memset.o)
 .debug_info    0x000000000001afc4       0x26 /usr/lib/gcc/arm-none-eabi/9.2.1/../../../arm-none-eabi/lib/thumb/v7e-m/nofp/libg_nano.a(lib_a-strlen.o)
 .debug_info    0x000000000001afea      0xceb /usr/lib/gcc/arm-none-eabi/9.2.1/../../../arm-none-eabi/lib/thumb/v7e-m/nofp/libg_nano.a(lib_a-vsnprintf.o)
 .debug_info    0x000000000001bcd5     0x17e4 /usr/lib/gcc/arm-none-eabi/9.2.1/../../../arm-none-eabi/lib/thumb/v7e-m/nofp/libg_nano.a(lib_a-nano-svfprintf.o)
 .debug_info    0x000000000001d4b9     0x1592 /usr/lib/gcc/arm-none-eabi/9.2.1/../../../arm-none-eabi/lib/thumb/v7e-m/nofp/libg_nano.a(lib_a-nano-vfprintf_i.o)
 .debug_info    0x000000000001ea4b       0x26 /usr/lib/gcc/arm-none-eabi/9.2.1/../../../arm-none-eabi/lib/thumb/v7e-m/nofp/libg_nano.a(lib_a-memchr.o)
 .debug_info    0x000000000001ea71      0xf2b /usr/lib/gcc/arm-none-eabi/9.2.1/../../../arm-none-eabi/lib/thumb/v7e-m/nofp/libg_nano.a(lib_a-memmove.o)
 .debug_info    0x000000000001f99c      0xb85 /usr/lib/gcc/arm-none-eabi/9.2.1/../../../arm-none-eabi/lib/thumb/v7e-m/nofp/libg_nano.a(lib_a-nano-freer.o)
 .debug_info    0x0000000000020521      0xc5a /usr/lib/gcc/arm-none-eabi/9.2.1/../../../arm-none-eabi/lib/thumb/v7e-m/nofp/libg_nano.a(lib_a-nano-mallocr.o)
 .debug_info    0x000000000002117b      0xb77 /usr/lib/gcc/arm-none-eabi/9.2.1/../../../arm-none-eabi/lib/thumb/v7e-m/nofp/libg_nano.a(lib_a-nano-reallocr.o)
 .debug_info    0x0000000000021cf2      0x9fb /usr/lib/gcc/arm-none-eabi/9.2.1/../../../arm-none-eabi/lib/thumb/v7e-m/nofp/libg_nano.a(lib_a-sbrkr.o)
 .debug_info    0x00000000000226ed      0x961 /usr/lib/gcc/arm-none-eabi/9.2.1/../../../arm-none-eabi/lib/thumb/v7e-m/nofp/libg_nano.a(lib_a-mlock.o)
 .debug_info    0x000000000002304e      0xaa6 /usr/lib/gcc/arm-none-eabi/9.2.1/../../../arm-none-eabi/lib/thumb/v7e-m/nofp/libg_nano.a(lib_a-nano-msizer.o)

.debug_abbrev   0x0000000000000000     0x629a
 *(.debug_abbrev)
 .debug_abbrev  0x0000000000000000      0x3a4 ./system/src/stm32f4-hal/stm32f4xx_hal.o
 .debug_abbrev  0x00000000000003a4      0x467 ./system/src/stm32f4-hal/stm32f4xx_hal_cortex.o
 .debug_abbrev  0x000000000000080b      0x32f ./system/src/stm32f4-hal/stm32f4xx_hal_gpio.o
 .debug_abbrev  0x0000000000000b3a      0x399 ./system/src/stm32f4-hal/stm32f4xx_hal_rcc.o
 .debug_abbrev  0x0000000000000ed3      0x222 ./system/src/newlib/_exit.o
 .debug_abbrev  0x00000000000010f5      0x232 ./system/src/newlib/_sbrk.o
 .debug_abbrev  0x0000000000001327      0x222 ./system/src/newlib/_startup.o
 .debug_abbrev  0x0000000000001549      0x26d ./system/src/newlib/_syscalls.o
 .debug_abbrev  0x00000000000017b6      0x222 ./system/src/newlib/assert.o
 .debug_abbrev  0x00000000000019d8      0x2c6 ./system/src/diag/Trace.o
 .debug_abbrev  0x0000000000001c9e      0x32f ./system/src/diag/trace_impl.o
 .debug_abbrev  0x0000000000001fcd      0x20a ./system/src/cortexm/_initialize_hardware.o
 .debug_abbrev  0x00000000000021d7      0x372 ./system/src/cortexm/exception_handlers.o
 .debug_abbrev  0x0000000000002549      0x24d ./system/src/cmsis/system_stm32f4xx.o
 .debug_abbrev  0x0000000000002796       0xa5 ./system/src/cmsis/vectors_stm32f4xx.o
 .debug_abbrev  0x000000000000283b      0x26e ./src/BlinkLed.o
 .debug_abbrev  0x0000000000002aa9      0x233 ./src/FreeRTOS_helper.o
 .debug_abbrev  0x0000000000002cdc      0x25d ./src/_initialize_hardware.o
 .debug_abbrev  0x0000000000002f39      0x31f ./src/main.o
 .debug_abbrev  0x0000000000003258      0x2fa ./freertos/portable/MemMang/heap_2.o
 .debug_abbrev  0x0000000000003552      0x251 ./freertos/portable/GCC/ARM_CM3/port.o
 .debug_abbrev  0x00000000000037a3      0x245 ./freertos/list.o
 .debug_abbrev  0x00000000000039e8      0x30b ./freertos/queue.o
 .debug_abbrev  0x0000000000003cf3      0x3fb ./freertos/tasks.o
 .debug_abbrev  0x00000000000040ee      0x329 ./freertos/timers.o
 .debug_abbrev  0x0000000000004417      0x198 /usr/lib/gcc/arm-none-eabi/9.2.1/../../../arm-none-eabi/lib/thumb/v7e-m/nofp/libg_nano.a(lib_a-errno.o)
 .debug_abbrev  0x00000000000045af      0x17a /usr/lib/gcc/arm-none-eabi/9.2.1/../../../arm-none-eabi/lib/thumb/v7e-m/nofp/libg_nano.a(lib_a-impure.o)
 .debug_abbrev  0x0000000000004729      0x1af /usr/lib/gcc/arm-none-eabi/9.2.1/../../../arm-none-eabi/lib/thumb/v7e-m/nofp/libg_nano.a(lib_a-memcmp.o)
 .debug_abbrev  0x00000000000048d8       0x14 /usr/lib/gcc/arm-none-eabi/9.2.1/../../../arm-none-eabi/lib/thumb/v7e-m/nofp/libg_nano.a(lib_a-memcpy.o)
 .debug_abbrev  0x00000000000048ec      0x1d9 /usr/lib/gcc/arm-none-eabi/9.2.1/../../../arm-none-eabi/lib/thumb/v7e-m/nofp/libg_nano.a(lib_a-memset.o)
 .debug_abbrev  0x0000000000004ac5       0x14 /usr/lib/gcc/arm-none-eabi/9.2.1/../../../arm-none-eabi/lib/thumb/v7e-m/nofp/libg_nano.a(lib_a-strlen.o)
 .debug_abbrev  0x0000000000004ad9      0x277 /usr/lib/gcc/arm-none-eabi/9.2.1/../../../arm-none-eabi/lib/thumb/v7e-m/nofp/libg_nano.a(lib_a-vsnprintf.o)
 .debug_abbrev  0x0000000000004d50      0x33f /usr/lib/gcc/arm-none-eabi/9.2.1/../../../arm-none-eabi/lib/thumb/v7e-m/nofp/libg_nano.a(lib_a-nano-svfprintf.o)
 .debug_abbrev  0x000000000000508f      0x2dc /usr/lib/gcc/arm-none-eabi/9.2.1/../../../arm-none-eabi/lib/thumb/v7e-m/nofp/libg_nano.a(lib_a-nano-vfprintf_i.o)
 .debug_abbrev  0x000000000000536b       0x14 /usr/lib/gcc/arm-none-eabi/9.2.1/../../../arm-none-eabi/lib/thumb/v7e-m/nofp/libg_nano.a(lib_a-memchr.o)
 .debug_abbrev  0x000000000000537f      0x1de /usr/lib/gcc/arm-none-eabi/9.2.1/../../../arm-none-eabi/lib/thumb/v7e-m/nofp/libg_nano.a(lib_a-memmove.o)
 .debug_abbrev  0x000000000000555d      0x286 /usr/lib/gcc/arm-none-eabi/9.2.1/../../../arm-none-eabi/lib/thumb/v7e-m/nofp/libg_nano.a(lib_a-nano-freer.o)
 .debug_abbrev  0x00000000000057e3      0x2d1 /usr/lib/gcc/arm-none-eabi/9.2.1/../../../arm-none-eabi/lib/thumb/v7e-m/nofp/libg_nano.a(lib_a-nano-mallocr.o)
 .debug_abbrev  0x0000000000005ab4      0x22a /usr/lib/gcc/arm-none-eabi/9.2.1/../../../arm-none-eabi/lib/thumb/v7e-m/nofp/libg_nano.a(lib_a-nano-reallocr.o)
 .debug_abbrev  0x0000000000005cde      0x212 /usr/lib/gcc/arm-none-eabi/9.2.1/../../../arm-none-eabi/lib/thumb/v7e-m/nofp/libg_nano.a(lib_a-sbrkr.o)
 .debug_abbrev  0x0000000000005ef0      0x1c5 /usr/lib/gcc/arm-none-eabi/9.2.1/../../../arm-none-eabi/lib/thumb/v7e-m/nofp/libg_nano.a(lib_a-mlock.o)
 .debug_abbrev  0x00000000000060b5      0x1e5 /usr/lib/gcc/arm-none-eabi/9.2.1/../../../arm-none-eabi/lib/thumb/v7e-m/nofp/libg_nano.a(lib_a-nano-msizer.o)

.debug_line     0x0000000000000000    0x10fa4
 *(.debug_line)
 .debug_line    0x0000000000000000      0xb50 ./system/src/stm32f4-hal/stm32f4xx_hal.o
 .debug_line    0x0000000000000b50      0xd93 ./system/src/stm32f4-hal/stm32f4xx_hal_cortex.o
 .debug_line    0x00000000000018e3      0xf14 ./system/src/stm32f4-hal/stm32f4xx_hal_gpio.o
 .debug_line    0x00000000000027f7     0x1658 ./system/src/stm32f4-hal/stm32f4xx_hal_rcc.o
 .debug_line    0x0000000000003e4f      0x28f ./system/src/newlib/_exit.o
 .debug_line    0x00000000000040de      0x27a ./system/src/newlib/_sbrk.o
 .debug_line    0x0000000000004358      0x552 ./system/src/newlib/_startup.o
 .debug_line    0x00000000000048aa      0x32e ./system/src/newlib/_syscalls.o
 .debug_line    0x0000000000004bd8      0x2bb ./system/src/newlib/assert.o
 .debug_line    0x0000000000004e93      0x369 ./system/src/diag/Trace.o
 .debug_line    0x00000000000051fc      0x9e6 ./system/src/diag/trace_impl.o
 .debug_line    0x0000000000005be2      0x8e2 ./system/src/cortexm/_initialize_hardware.o
 .debug_line    0x00000000000064c4      0xc06 ./system/src/cortexm/exception_handlers.o
 .debug_line    0x00000000000070ca      0x91f ./system/src/cmsis/system_stm32f4xx.o
 .debug_line    0x00000000000079e9       0xd6 ./system/src/cmsis/vectors_stm32f4xx.o
 .debug_line    0x0000000000007abf      0x8dc ./src/BlinkLed.o
 .debug_line    0x000000000000839b      0xa2b ./src/FreeRTOS_helper.o
 .debug_line    0x0000000000008dc6      0x940 ./src/_initialize_hardware.o
 .debug_line    0x0000000000009706      0xb88 ./src/main.o
 .debug_line    0x000000000000a28e      0x4f9 ./freertos/portable/MemMang/heap_2.o
 .debug_line    0x000000000000a787      0x629 ./freertos/portable/GCC/ARM_CM3/port.o
 .debug_line    0x000000000000adb0      0x460 ./freertos/list.o
 .debug_line    0x000000000000b210      0xed6 ./freertos/queue.o
 .debug_line    0x000000000000c0e6     0x1c20 ./freertos/tasks.o
 .debug_line    0x000000000000dd06      0x9ac ./freertos/timers.o
 .debug_line    0x000000000000e6b2      0x108 /usr/lib/gcc/arm-none-eabi/9.2.1/../../../arm-none-eabi/lib/thumb/v7e-m/nofp/libg_nano.a(lib_a-errno.o)
 .debug_line    0x000000000000e7ba       0xe3 /usr/lib/gcc/arm-none-eabi/9.2.1/../../../arm-none-eabi/lib/thumb/v7e-m/nofp/libg_nano.a(lib_a-impure.o)
 .debug_line    0x000000000000e89d      0x1d4 /usr/lib/gcc/arm-none-eabi/9.2.1/../../../arm-none-eabi/lib/thumb/v7e-m/nofp/libg_nano.a(lib_a-memcmp.o)
 .debug_line    0x000000000000ea71       0xbe /usr/lib/gcc/arm-none-eabi/9.2.1/../../../arm-none-eabi/lib/thumb/v7e-m/nofp/libg_nano.a(lib_a-memcpy.o)
 .debug_line    0x000000000000eb2f      0x26b /usr/lib/gcc/arm-none-eabi/9.2.1/../../../arm-none-eabi/lib/thumb/v7e-m/nofp/libg_nano.a(lib_a-memset.o)
 .debug_line    0x000000000000ed9a       0xaf /usr/lib/gcc/arm-none-eabi/9.2.1/../../../arm-none-eabi/lib/thumb/v7e-m/nofp/libg_nano.a(lib_a-strlen.o)
 .debug_line    0x000000000000ee49      0x291 /usr/lib/gcc/arm-none-eabi/9.2.1/../../../arm-none-eabi/lib/thumb/v7e-m/nofp/libg_nano.a(lib_a-vsnprintf.o)
 .debug_line    0x000000000000f0da      0x884 /usr/lib/gcc/arm-none-eabi/9.2.1/../../../arm-none-eabi/lib/thumb/v7e-m/nofp/libg_nano.a(lib_a-nano-svfprintf.o)
 .debug_line    0x000000000000f95e      0x790 /usr/lib/gcc/arm-none-eabi/9.2.1/../../../arm-none-eabi/lib/thumb/v7e-m/nofp/libg_nano.a(lib_a-nano-vfprintf_i.o)
 .debug_line    0x00000000000100ee       0xa4 /usr/lib/gcc/arm-none-eabi/9.2.1/../../../arm-none-eabi/lib/thumb/v7e-m/nofp/libg_nano.a(lib_a-memchr.o)
 .debug_line    0x0000000000010192      0x287 /usr/lib/gcc/arm-none-eabi/9.2.1/../../../arm-none-eabi/lib/thumb/v7e-m/nofp/libg_nano.a(lib_a-memmove.o)
 .debug_line    0x0000000000010419      0x2af /usr/lib/gcc/arm-none-eabi/9.2.1/../../../arm-none-eabi/lib/thumb/v7e-m/nofp/libg_nano.a(lib_a-nano-freer.o)
 .debug_line    0x00000000000106c8      0x2f2 /usr/lib/gcc/arm-none-eabi/9.2.1/../../../arm-none-eabi/lib/thumb/v7e-m/nofp/libg_nano.a(lib_a-nano-mallocr.o)
 .debug_line    0x00000000000109ba      0x1c5 /usr/lib/gcc/arm-none-eabi/9.2.1/../../../arm-none-eabi/lib/thumb/v7e-m/nofp/libg_nano.a(lib_a-nano-reallocr.o)
 .debug_line    0x0000000000010b7f      0x182 /usr/lib/gcc/arm-none-eabi/9.2.1/../../../arm-none-eabi/lib/thumb/v7e-m/nofp/libg_nano.a(lib_a-sbrkr.o)
 .debug_line    0x0000000000010d01      0x13d /usr/lib/gcc/arm-none-eabi/9.2.1/../../../arm-none-eabi/lib/thumb/v7e-m/nofp/libg_nano.a(lib_a-mlock.o)
 .debug_line    0x0000000000010e3e      0x166 /usr/lib/gcc/arm-none-eabi/9.2.1/../../../arm-none-eabi/lib/thumb/v7e-m/nofp/libg_nano.a(lib_a-nano-msizer.o)

.debug_frame    0x0000000000000000     0x19e0
 *(.debug_frame)
 .debug_frame   0x0000000000000000      0x188 ./system/src/stm32f4-hal/stm32f4xx_hal.o
 .debug_frame   0x0000000000000188      0x164 ./system/src/stm32f4-hal/stm32f4xx_hal_cortex.o
 .debug_frame   0x00000000000002ec       0xfc ./system/src/stm32f4-hal/stm32f4xx_hal_gpio.o
 .debug_frame   0x00000000000003e8      0x144 ./system/src/stm32f4-hal/stm32f4xx_hal_rcc.o
 .debug_frame   0x000000000000052c       0x38 ./system/src/newlib/_exit.o
 .debug_frame   0x0000000000000564       0x28 ./system/src/newlib/_sbrk.o
 .debug_frame   0x000000000000058c       0x7c ./system/src/newlib/_startup.o
 .debug_frame   0x0000000000000608       0x50 ./system/src/newlib/_syscalls.o
 .debug_frame   0x0000000000000658       0x40 ./system/src/newlib/assert.o
 .debug_frame   0x0000000000000698       0x94 ./system/src/diag/Trace.o
 .debug_frame   0x000000000000072c       0x64 ./system/src/diag/trace_impl.o
 .debug_frame   0x0000000000000790       0x40 ./system/src/cortexm/_initialize_hardware.o
 .debug_frame   0x00000000000007d0      0x158 ./system/src/cortexm/exception_handlers.o
 .debug_frame   0x0000000000000928       0x30 ./system/src/cmsis/system_stm32f4xx.o
 .debug_frame   0x0000000000000958       0x20 ./system/src/cmsis/vectors_stm32f4xx.o
 .debug_frame   0x0000000000000978       0x30 ./src/BlinkLed.o
 .debug_frame   0x00000000000009a8       0x48 ./src/FreeRTOS_helper.o
 .debug_frame   0x00000000000009f0       0x48 ./src/_initialize_hardware.o
 .debug_frame   0x0000000000000a38       0x90 ./src/main.o
 .debug_frame   0x0000000000000ac8       0x80 ./freertos/portable/MemMang/heap_2.o
 .debug_frame   0x0000000000000b48      0x154 ./freertos/portable/GCC/ARM_CM3/port.o
 .debug_frame   0x0000000000000c9c       0x70 ./freertos/list.o
 .debug_frame   0x0000000000000d0c      0x264 ./freertos/queue.o
 .debug_frame   0x0000000000000f70      0x4ec ./freertos/tasks.o
 .debug_frame   0x000000000000145c      0x21c ./freertos/timers.o
 .debug_frame   0x0000000000001678       0x20 /usr/lib/gcc/arm-none-eabi/9.2.1/../../../arm-none-eabi/lib/thumb/v7e-m/nofp/libg_nano.a(lib_a-errno.o)
 .debug_frame   0x0000000000001698       0x38 /usr/lib/gcc/arm-none-eabi/9.2.1/../../../arm-none-eabi/lib/thumb/v7e-m/nofp/libg_nano.a(lib_a-memcmp.o)
 .debug_frame   0x00000000000016d0       0x38 /usr/lib/gcc/arm-none-eabi/9.2.1/../../../arm-none-eabi/lib/thumb/v7e-m/nofp/libg_nano.a(lib_a-memset.o)
 .debug_frame   0x0000000000001708       0x5c /usr/lib/gcc/arm-none-eabi/9.2.1/../../../arm-none-eabi/lib/thumb/v7e-m/nofp/libg_nano.a(lib_a-vsnprintf.o)
 .debug_frame   0x0000000000001764       0x98 /usr/lib/gcc/arm-none-eabi/9.2.1/../../../arm-none-eabi/lib/thumb/v7e-m/nofp/libg_nano.a(lib_a-nano-svfprintf.o)
 .debug_frame   0x00000000000017fc       0x68 /usr/lib/gcc/arm-none-eabi/9.2.1/../../../arm-none-eabi/lib/thumb/v7e-m/nofp/libg_nano.a(lib_a-nano-vfprintf_i.o)
 .debug_frame   0x0000000000001864       0x40 /usr/lib/gcc/arm-none-eabi/9.2.1/../../../arm-none-eabi/lib/thumb/v7e-m/nofp/libg_nano.a(lib_a-memmove.o)
 .debug_frame   0x00000000000018a4       0x58 /usr/lib/gcc/arm-none-eabi/9.2.1/../../../arm-none-eabi/lib/thumb/v7e-m/nofp/libg_nano.a(lib_a-nano-freer.o)
 .debug_frame   0x00000000000018fc       0x30 /usr/lib/gcc/arm-none-eabi/9.2.1/../../../arm-none-eabi/lib/thumb/v7e-m/nofp/libg_nano.a(lib_a-nano-mallocr.o)
 .debug_frame   0x000000000000192c       0x38 /usr/lib/gcc/arm-none-eabi/9.2.1/../../../arm-none-eabi/lib/thumb/v7e-m/nofp/libg_nano.a(lib_a-nano-reallocr.o)
 .debug_frame   0x0000000000001964       0x2c /usr/lib/gcc/arm-none-eabi/9.2.1/../../../arm-none-eabi/lib/thumb/v7e-m/nofp/libg_nano.a(lib_a-sbrkr.o)
 .debug_frame   0x0000000000001990       0x30 /usr/lib/gcc/arm-none-eabi/9.2.1/../../../arm-none-eabi/lib/thumb/v7e-m/nofp/libg_nano.a(lib_a-mlock.o)
 .debug_frame   0x00000000000019c0       0x20 /usr/lib/gcc/arm-none-eabi/9.2.1/../../../arm-none-eabi/lib/thumb/v7e-m/nofp/libg_nano.a(lib_a-nano-msizer.o)

.debug_str      0x0000000000000000    0xa5d7a
 *(.debug_str)
 .debug_str     0x0000000000000000    0x9a32c ./system/src/stm32f4-hal/stm32f4xx_hal.o
                                      0x9a7bf (size before relaxing)
 .debug_str     0x000000000009a32c      0x2ad ./system/src/stm32f4-hal/stm32f4xx_hal_cortex.o
                                      0x9a511 (size before relaxing)
 .debug_str     0x000000000009a5d9      0x2de ./system/src/stm32f4-hal/stm32f4xx_hal_gpio.o
                                      0x9a02b (size before relaxing)
 .debug_str     0x000000000009a8b7      0x383 ./system/src/stm32f4-hal/stm32f4xx_hal_rcc.o
                                      0x9a1c6 (size before relaxing)
 .debug_str     0x000000000009ac3a     0x10ff ./system/src/newlib/_exit.o
                                       0x7aec (size before relaxing)
 .debug_str     0x000000000009bd39      0x37d ./system/src/newlib/_sbrk.o
                                       0x6ead (size before relaxing)
 .debug_str     0x000000000009c0b6      0x2c6 ./system/src/newlib/_startup.o
                                       0x6453 (size before relaxing)
 .debug_str     0x000000000009c37c     0x136b ./system/src/newlib/_syscalls.o
                                       0x8266 (size before relaxing)
 .debug_str     0x000000000009d6e7       0xd0 ./system/src/newlib/assert.o
                                       0x85dd (size before relaxing)
 .debug_str     0x000000000009d7b7      0x176 ./system/src/diag/Trace.o
                                       0x8268 (size before relaxing)
 .debug_str     0x000000000009d92d      0x37b ./system/src/diag/trace_impl.o
                                      0x9af50 (size before relaxing)
 .debug_str     0x000000000009dca8       0x5e ./system/src/cortexm/_initialize_hardware.o
                                      0x99ce2 (size before relaxing)
 .debug_str     0x000000000009dd06      0x182 ./system/src/cortexm/exception_handlers.o
                                      0x9b0de (size before relaxing)
 .debug_str     0x000000000009de88       0x46 ./system/src/cmsis/system_stm32f4xx.o
                                      0x99db1 (size before relaxing)
 .debug_str     0x000000000009dece       0x57 ./system/src/cmsis/vectors_stm32f4xx.o
                                       0x395b (size before relaxing)
 .debug_str     0x000000000009df25      0x12f ./src/BlinkLed.o
                                      0x99e97 (size before relaxing)
 .debug_str     0x000000000009e054     0x312c ./src/FreeRTOS_helper.o
                                      0x9cd2e (size before relaxing)
 .debug_str     0x00000000000a1180       0x31 ./src/_initialize_hardware.o
                                      0x99ec7 (size before relaxing)
 .debug_str     0x00000000000a11b1      0x202 ./src/main.o
                                      0x9e0e6 (size before relaxing)
 .debug_str     0x00000000000a13b3      0x3c8 ./freertos/portable/MemMang/heap_2.o
                                       0x9ee7 (size before relaxing)
 .debug_str     0x00000000000a177b      0x875 ./freertos/portable/GCC/ARM_CM3/port.o
                                       0x7553 (size before relaxing)
 .debug_str     0x00000000000a1ff0      0x125 ./freertos/list.o
                                       0x96a5 (size before relaxing)
 .debug_str     0x00000000000a2115     0x10fe ./freertos/queue.o
                                       0xae5e (size before relaxing)
 .debug_str     0x00000000000a3213     0x19c5 ./freertos/tasks.o
                                       0xba29 (size before relaxing)
 .debug_str     0x00000000000a4bd8      0x472 ./freertos/timers.o
                                       0xb453 (size before relaxing)
 .debug_str     0x00000000000a504a      0x197 /usr/lib/gcc/arm-none-eabi/9.2.1/../../../arm-none-eabi/lib/thumb/v7e-m/nofp/libg_nano.a(lib_a-errno.o)
                                        0x5ee (size before relaxing)
 .debug_str     0x00000000000a51e1       0x9d /usr/lib/gcc/arm-none-eabi/9.2.1/../../../arm-none-eabi/lib/thumb/v7e-m/nofp/libg_nano.a(lib_a-impure.o)
                                        0x5dc (size before relaxing)
 .debug_str     0x00000000000a527e       0x93 /usr/lib/gcc/arm-none-eabi/9.2.1/../../../arm-none-eabi/lib/thumb/v7e-m/nofp/libg_nano.a(lib_a-memcmp.o)
                                        0x5e0 (size before relaxing)
 .debug_str     0x00000000000a5311       0xb3 /usr/lib/gcc/arm-none-eabi/9.2.1/../../../arm-none-eabi/lib/thumb/v7e-m/nofp/libg_nano.a(lib_a-memcpy.o)
 .debug_str     0x00000000000a53c4      0x2ab /usr/lib/gcc/arm-none-eabi/9.2.1/../../../arm-none-eabi/lib/thumb/v7e-m/nofp/libg_nano.a(lib_a-memset.o)
                                        0x909 (size before relaxing)
 .debug_str     0x00000000000a566f       0x42 /usr/lib/gcc/arm-none-eabi/9.2.1/../../../arm-none-eabi/lib/thumb/v7e-m/nofp/libg_nano.a(lib_a-strlen.o)
                                         0xb2 (size before relaxing)
 .debug_str     0x00000000000a56b1      0x190 /usr/lib/gcc/arm-none-eabi/9.2.1/../../../arm-none-eabi/lib/thumb/v7e-m/nofp/libg_nano.a(lib_a-vsnprintf.o)
                                        0x780 (size before relaxing)
 .debug_str     0x00000000000a5841      0x1a2 /usr/lib/gcc/arm-none-eabi/9.2.1/../../../arm-none-eabi/lib/thumb/v7e-m/nofp/libg_nano.a(lib_a-nano-svfprintf.o)
                                        0xc0f (size before relaxing)
 .debug_str     0x00000000000a59e3       0x94 /usr/lib/gcc/arm-none-eabi/9.2.1/../../../arm-none-eabi/lib/thumb/v7e-m/nofp/libg_nano.a(lib_a-nano-vfprintf_i.o)
                                        0xba6 (size before relaxing)
 .debug_str     0x00000000000a5a77       0x3c /usr/lib/gcc/arm-none-eabi/9.2.1/../../../arm-none-eabi/lib/thumb/v7e-m/nofp/libg_nano.a(lib_a-memchr.o)
                                         0xac (size before relaxing)
 .debug_str     0x00000000000a5ab3       0x66 /usr/lib/gcc/arm-none-eabi/9.2.1/../../../arm-none-eabi/lib/thumb/v7e-m/nofp/libg_nano.a(lib_a-memmove.o)
                                        0x928 (size before relaxing)
 .debug_str     0x00000000000a5b19      0x17f /usr/lib/gcc/arm-none-eabi/9.2.1/../../../arm-none-eabi/lib/thumb/v7e-m/nofp/libg_nano.a(lib_a-nano-freer.o)
                                        0x70c (size before relaxing)
 .debug_str     0x00000000000a5c98       0x32 /usr/lib/gcc/arm-none-eabi/9.2.1/../../../arm-none-eabi/lib/thumb/v7e-m/nofp/libg_nano.a(lib_a-nano-mallocr.o)
                                        0x723 (size before relaxing)
 .debug_str     0x00000000000a5cca       0x23 /usr/lib/gcc/arm-none-eabi/9.2.1/../../../arm-none-eabi/lib/thumb/v7e-m/nofp/libg_nano.a(lib_a-nano-reallocr.o)
                                        0x709 (size before relaxing)
 .debug_str     0x00000000000a5ced       0x32 /usr/lib/gcc/arm-none-eabi/9.2.1/../../../arm-none-eabi/lib/thumb/v7e-m/nofp/libg_nano.a(lib_a-sbrkr.o)
                                        0x61f (size before relaxing)
 .debug_str     0x00000000000a5d1f       0x4c /usr/lib/gcc/arm-none-eabi/9.2.1/../../../arm-none-eabi/lib/thumb/v7e-m/nofp/libg_nano.a(lib_a-mlock.o)
                                        0x608 (size before relaxing)
 .debug_str     0x00000000000a5d6b        0xf /usr/lib/gcc/arm-none-eabi/9.2.1/../../../arm-none-eabi/lib/thumb/v7e-m/nofp/libg_nano.a(lib_a-nano-msizer.o)
                                        0x6e7 (size before relaxing)

.debug_loc      0x0000000000000000     0x8a82
 *(.debug_loc)
 .debug_loc     0x0000000000000000      0x12f ./system/src/stm32f4-hal/stm32f4xx_hal.o
 .debug_loc     0x000000000000012f      0x883 ./system/src/stm32f4-hal/stm32f4xx_hal_cortex.o
 .debug_loc     0x00000000000009b2      0x683 ./system/src/stm32f4-hal/stm32f4xx_hal_gpio.o
 .debug_loc     0x0000000000001035      0xaca ./system/src/stm32f4-hal/stm32f4xx_hal_rcc.o
 .debug_loc     0x0000000000001aff       0x15 ./system/src/newlib/_exit.o
 .debug_loc     0x0000000000001b14       0x97 ./system/src/newlib/_sbrk.o
 .debug_loc     0x0000000000001bab      0x49b ./system/src/newlib/_startup.o
 .debug_loc     0x0000000000002046       0x6f ./system/src/newlib/_syscalls.o
 .debug_loc     0x00000000000020b5      0x160 ./system/src/newlib/assert.o
 .debug_loc     0x0000000000002215      0x118 ./system/src/diag/Trace.o
 .debug_loc     0x000000000000232d      0x194 ./system/src/diag/trace_impl.o
 .debug_loc     0x00000000000024c1      0x35c ./system/src/cortexm/exception_handlers.o
 .debug_loc     0x000000000000281d       0x31 ./system/src/cmsis/system_stm32f4xx.o
 .debug_loc     0x000000000000284e       0x54 ./src/FreeRTOS_helper.o
 .debug_loc     0x00000000000028a2       0xdc ./src/main.o
 .debug_loc     0x000000000000297e      0x241 ./freertos/portable/MemMang/heap_2.o
 .debug_loc     0x0000000000002bbf      0x1f4 ./freertos/portable/GCC/ARM_CM3/port.o
 .debug_loc     0x0000000000002db3       0xad ./freertos/list.o
 .debug_loc     0x0000000000002e60     0x122f ./freertos/queue.o
 .debug_loc     0x000000000000408f     0x1c2c ./freertos/tasks.o
 .debug_loc     0x0000000000005cbb      0xc6d ./freertos/timers.o
 .debug_loc     0x0000000000006928      0x196 /usr/lib/gcc/arm-none-eabi/9.2.1/../../../arm-none-eabi/lib/thumb/v7e-m/nofp/libg_nano.a(lib_a-memcmp.o)
 .debug_loc     0x0000000000006abe      0x231 /usr/lib/gcc/arm-none-eabi/9.2.1/../../../arm-none-eabi/lib/thumb/v7e-m/nofp/libg_nano.a(lib_a-memset.o)
 .debug_loc     0x0000000000006cef      0x245 /usr/lib/gcc/arm-none-eabi/9.2.1/../../../arm-none-eabi/lib/thumb/v7e-m/nofp/libg_nano.a(lib_a-vsnprintf.o)
 .debug_loc     0x0000000000006f34      0x845 /usr/lib/gcc/arm-none-eabi/9.2.1/../../../arm-none-eabi/lib/thumb/v7e-m/nofp/libg_nano.a(lib_a-nano-svfprintf.o)
 .debug_loc     0x0000000000007779      0x7ab /usr/lib/gcc/arm-none-eabi/9.2.1/../../../arm-none-eabi/lib/thumb/v7e-m/nofp/libg_nano.a(lib_a-nano-vfprintf_i.o)
 .debug_loc     0x0000000000007f24      0x2f1 /usr/lib/gcc/arm-none-eabi/9.2.1/../../../arm-none-eabi/lib/thumb/v7e-m/nofp/libg_nano.a(lib_a-memmove.o)
 .debug_loc     0x0000000000008215      0x211 /usr/lib/gcc/arm-none-eabi/9.2.1/../../../arm-none-eabi/lib/thumb/v7e-m/nofp/libg_nano.a(lib_a-nano-freer.o)
 .debug_loc     0x0000000000008426      0x437 /usr/lib/gcc/arm-none-eabi/9.2.1/../../../arm-none-eabi/lib/thumb/v7e-m/nofp/libg_nano.a(lib_a-nano-mallocr.o)
 .debug_loc     0x000000000000885d      0x133 /usr/lib/gcc/arm-none-eabi/9.2.1/../../../arm-none-eabi/lib/thumb/v7e-m/nofp/libg_nano.a(lib_a-nano-reallocr.o)
 .debug_loc     0x0000000000008990       0x6c /usr/lib/gcc/arm-none-eabi/9.2.1/../../../arm-none-eabi/lib/thumb/v7e-m/nofp/libg_nano.a(lib_a-sbrkr.o)
 .debug_loc     0x00000000000089fc       0x86 /usr/lib/gcc/arm-none-eabi/9.2.1/../../../arm-none-eabi/lib/thumb/v7e-m/nofp/libg_nano.a(lib_a-nano-msizer.o)

.debug_macinfo
 *(.debug_macinfo)

.debug_weaknames
 *(.debug_weaknames)

.debug_funcnames
 *(.debug_funcnames)

.debug_typenames
 *(.debug_typenames)

.debug_varnames
 *(.debug_varnames)
OUTPUT(f407-disc-freertos.elf elf32-littlearm)
LOAD linker stubs

.debug_ranges   0x0000000000000000      0xad0
 .debug_ranges  0x0000000000000000       0xb0 ./system/src/stm32f4-hal/stm32f4xx_hal.o
 .debug_ranges  0x00000000000000b0       0xe0 ./system/src/stm32f4-hal/stm32f4xx_hal_cortex.o
 .debug_ranges  0x0000000000000190       0x48 ./system/src/stm32f4-hal/stm32f4xx_hal_gpio.o
 .debug_ranges  0x00000000000001d8       0x78 ./system/src/stm32f4-hal/stm32f4xx_hal_rcc.o
 .debug_ranges  0x0000000000000250       0x18 ./system/src/newlib/_exit.o
 .debug_ranges  0x0000000000000268       0x10 ./system/src/newlib/_sbrk.o
 .debug_ranges  0x0000000000000278       0x78 ./system/src/newlib/_startup.o
 .debug_ranges  0x00000000000002f0       0x20 ./system/src/newlib/_syscalls.o
 .debug_ranges  0x0000000000000310       0x18 ./system/src/newlib/assert.o
 .debug_ranges  0x0000000000000328       0x28 ./system/src/diag/Trace.o
 .debug_ranges  0x0000000000000350       0x38 ./system/src/diag/trace_impl.o
 .debug_ranges  0x0000000000000388       0x18 ./system/src/cortexm/_initialize_hardware.o
 .debug_ranges  0x00000000000003a0       0x98 ./system/src/cortexm/exception_handlers.o
 .debug_ranges  0x0000000000000438       0x18 ./system/src/cmsis/system_stm32f4xx.o
 .debug_ranges  0x0000000000000450       0x10 ./system/src/cmsis/vectors_stm32f4xx.o
 .debug_ranges  0x0000000000000460       0x10 ./src/BlinkLed.o
 .debug_ranges  0x0000000000000470       0x20 ./src/FreeRTOS_helper.o
 .debug_ranges  0x0000000000000490       0x18 ./src/_initialize_hardware.o
 .debug_ranges  0x00000000000004a8       0x30 ./src/main.o
 .debug_ranges  0x00000000000004d8       0x30 ./freertos/portable/MemMang/heap_2.o
 .debug_ranges  0x0000000000000508       0x88 ./freertos/portable/GCC/ARM_CM3/port.o
 .debug_ranges  0x0000000000000590       0x30 ./freertos/list.o
 .debug_ranges  0x00000000000005c0       0xb8 ./freertos/queue.o
 .debug_ranges  0x0000000000000678      0x2a0 ./freertos/tasks.o
 .debug_ranges  0x0000000000000918       0x98 ./freertos/timers.o
 .debug_ranges  0x00000000000009b0       0x38 /usr/lib/gcc/arm-none-eabi/9.2.1/../../../arm-none-eabi/lib/thumb/v7e-m/nofp/libg_nano.a(lib_a-nano-svfprintf.o)
 .debug_ranges  0x00000000000009e8       0x98 /usr/lib/gcc/arm-none-eabi/9.2.1/../../../arm-none-eabi/lib/thumb/v7e-m/nofp/libg_nano.a(lib_a-nano-vfprintf_i.o)
 .debug_ranges  0x0000000000000a80       0x18 /usr/lib/gcc/arm-none-eabi/9.2.1/../../../arm-none-eabi/lib/thumb/v7e-m/nofp/libg_nano.a(lib_a-nano-freer.o)
 .debug_ranges  0x0000000000000a98       0x38 /usr/lib/gcc/arm-none-eabi/9.2.1/../../../arm-none-eabi/lib/thumb/v7e-m/nofp/libg_nano.a(lib_a-nano-mallocr.o)

.debug_macro    0x0000000000000000    0x1be6d
 .debug_macro   0x0000000000000000      0x4ed ./system/src/stm32f4-hal/stm32f4xx_hal.o
 .debug_macro   0x00000000000004ed      0xaae ./system/src/stm32f4-hal/stm32f4xx_hal.o
 .debug_macro   0x0000000000000f9b      0x250 ./system/src/stm32f4-hal/stm32f4xx_hal.o
 .debug_macro   0x00000000000011eb       0x2e ./system/src/stm32f4-hal/stm32f4xx_hal.o
 .debug_macro   0x0000000000001219       0x28 ./system/src/stm32f4-hal/stm32f4xx_hal.o
 .debug_macro   0x0000000000001241       0x3b ./system/src/stm32f4-hal/stm32f4xx_hal.o
 .debug_macro   0x000000000000127c      0x34e ./system/src/stm32f4-hal/stm32f4xx_hal.o
 .debug_macro   0x00000000000015ca       0x2d ./system/src/stm32f4-hal/stm32f4xx_hal.o
 .debug_macro   0x00000000000015f7       0x26 ./system/src/stm32f4-hal/stm32f4xx_hal.o
 .debug_macro   0x000000000000161d      0xd39 ./system/src/stm32f4-hal/stm32f4xx_hal.o
 .debug_macro   0x0000000000002356     0x9255 ./system/src/stm32f4-hal/stm32f4xx_hal.o
 .debug_macro   0x000000000000b5ab       0x43 ./system/src/stm32f4-hal/stm32f4xx_hal.o
 .debug_macro   0x000000000000b5ee     0x296e ./system/src/stm32f4-hal/stm32f4xx_hal.o
 .debug_macro   0x000000000000df5c       0x22 ./system/src/stm32f4-hal/stm32f4xx_hal.o
 .debug_macro   0x000000000000df7e       0x52 ./system/src/stm32f4-hal/stm32f4xx_hal.o