Archive member included to satisfy reference by file (symbol)

/home/vlad/opt/gcc-arm-none-eabi-10-2020-q4-major/bin/../lib/gcc/arm-none-eabi/10.2.1/../../../../arm-none-eabi/lib/thumb/v7e-m/nofp/libg_nano.a(lib_a-errno.o)
                              ./system/src/newlib/_sbrk.o (__errno)
/home/vlad/opt/gcc-arm-none-eabi-10-2020-q4-major/bin/../lib/gcc/arm-none-eabi/10.2.1/../../../../arm-none-eabi/lib/thumb/v7e-m/nofp/libg_nano.a(lib_a-impure.o)
                              /home/vlad/opt/gcc-arm-none-eabi-10-2020-q4-major/bin/../lib/gcc/arm-none-eabi/10.2.1/../../../../arm-none-eabi/lib/thumb/v7e-m/nofp/libg_nano.a(lib_a-errno.o) (_impure_ptr)
/home/vlad/opt/gcc-arm-none-eabi-10-2020-q4-major/bin/../lib/gcc/arm-none-eabi/10.2.1/../../../../arm-none-eabi/lib/thumb/v7e-m/nofp/libg_nano.a(lib_a-memcmp.o)
                              ./freertos/tasks.o (memcmp)
/home/vlad/opt/gcc-arm-none-eabi-10-2020-q4-major/bin/../lib/gcc/arm-none-eabi/10.2.1/../../../../arm-none-eabi/lib/thumb/v7e-m/nofp/libg_nano.a(lib_a-memcpy-stub.o)
                              ./freertos/queue.o (memcpy)
/home/vlad/opt/gcc-arm-none-eabi-10-2020-q4-major/bin/../lib/gcc/arm-none-eabi/10.2.1/../../../../arm-none-eabi/lib/thumb/v7e-m/nofp/libg_nano.a(lib_a-memset.o)
                              ./freertos/tasks.o (memset)
/home/vlad/opt/gcc-arm-none-eabi-10-2020-q4-major/bin/../lib/gcc/arm-none-eabi/10.2.1/../../../../arm-none-eabi/lib/thumb/v7e-m/nofp/libg_nano.a(lib_a-strlen.o)
                              ./system/src/diag/Trace.o (strlen)
/home/vlad/opt/gcc-arm-none-eabi-10-2020-q4-major/bin/../lib/gcc/arm-none-eabi/10.2.1/../../../../arm-none-eabi/lib/thumb/v7e-m/nofp/libg_nano.a(lib_a-vsnprintf.o)
                              ./system/src/diag/Trace.o (vsnprintf)
/home/vlad/opt/gcc-arm-none-eabi-10-2020-q4-major/bin/../lib/gcc/arm-none-eabi/10.2.1/../../../../arm-none-eabi/lib/thumb/v7e-m/nofp/libg_nano.a(lib_a-nano-svfprintf.o)
                              /home/vlad/opt/gcc-arm-none-eabi-10-2020-q4-major/bin/../lib/gcc/arm-none-eabi/10.2.1/../../../../arm-none-eabi/lib/thumb/v7e-m/nofp/libg_nano.a(lib_a-vsnprintf.o) (_svfprintf_r)
/home/vlad/opt/gcc-arm-none-eabi-10-2020-q4-major/bin/../lib/gcc/arm-none-eabi/10.2.1/../../../../arm-none-eabi/lib/thumb/v7e-m/nofp/libg_nano.a(lib_a-nano-vfprintf_i.o)
                              /home/vlad/opt/gcc-arm-none-eabi-10-2020-q4-major/bin/../lib/gcc/arm-none-eabi/10.2.1/../../../../arm-none-eabi/lib/thumb/v7e-m/nofp/libg_nano.a(lib_a-nano-svfprintf.o) (_printf_i)
/home/vlad/opt/gcc-arm-none-eabi-10-2020-q4-major/bin/../lib/gcc/arm-none-eabi/10.2.1/../../../../arm-none-eabi/lib/thumb/v7e-m/nofp/libg_nano.a(lib_a-memchr.o)
                              /home/vlad/opt/gcc-arm-none-eabi-10-2020-q4-major/bin/../lib/gcc/arm-none-eabi/10.2.1/../../../../arm-none-eabi/lib/thumb/v7e-m/nofp/libg_nano.a(lib_a-nano-svfprintf.o) (memchr)
/home/vlad/opt/gcc-arm-none-eabi-10-2020-q4-major/bin/../lib/gcc/arm-none-eabi/10.2.1/../../../../arm-none-eabi/lib/thumb/v7e-m/nofp/libg_nano.a(lib_a-memmove.o)
                              /home/vlad/opt/gcc-arm-none-eabi-10-2020-q4-major/bin/../lib/gcc/arm-none-eabi/10.2.1/../../../../arm-none-eabi/lib/thumb/v7e-m/nofp/libg_nano.a(lib_a-nano-svfprintf.o) (memmove)
/home/vlad/opt/gcc-arm-none-eabi-10-2020-q4-major/bin/../lib/gcc/arm-none-eabi/10.2.1/../../../../arm-none-eabi/lib/thumb/v7e-m/nofp/libg_nano.a(lib_a-nano-freer.o)
                              /home/vlad/opt/gcc-arm-none-eabi-10-2020-q4-major/bin/../lib/gcc/arm-none-eabi/10.2.1/../../../../arm-none-eabi/lib/thumb/v7e-m/nofp/libg_nano.a(lib_a-nano-svfprintf.o) (_free_r)
/home/vlad/opt/gcc-arm-none-eabi-10-2020-q4-major/bin/../lib/gcc/arm-none-eabi/10.2.1/../../../../arm-none-eabi/lib/thumb/v7e-m/nofp/libg_nano.a(lib_a-nano-mallocr.o)
                              /home/vlad/opt/gcc-arm-none-eabi-10-2020-q4-major/bin/../lib/gcc/arm-none-eabi/10.2.1/../../../../arm-none-eabi/lib/thumb/v7e-m/nofp/libg_nano.a(lib_a-nano-svfprintf.o) (_malloc_r)
/home/vlad/opt/gcc-arm-none-eabi-10-2020-q4-major/bin/../lib/gcc/arm-none-eabi/10.2.1/../../../../arm-none-eabi/lib/thumb/v7e-m/nofp/libg_nano.a(lib_a-nano-reallocr.o)
                              /home/vlad/opt/gcc-arm-none-eabi-10-2020-q4-major/bin/../lib/gcc/arm-none-eabi/10.2.1/../../../../arm-none-eabi/lib/thumb/v7e-m/nofp/libg_nano.a(lib_a-nano-svfprintf.o) (_realloc_r)
/home/vlad/opt/gcc-arm-none-eabi-10-2020-q4-major/bin/../lib/gcc/arm-none-eabi/10.2.1/../../../../arm-none-eabi/lib/thumb/v7e-m/nofp/libg_nano.a(lib_a-sbrkr.o)
                              /home/vlad/opt/gcc-arm-none-eabi-10-2020-q4-major/bin/../lib/gcc/arm-none-eabi/10.2.1/../../../../arm-none-eabi/lib/thumb/v7e-m/nofp/libg_nano.a(lib_a-nano-mallocr.o) (_sbrk_r)
/home/vlad/opt/gcc-arm-none-eabi-10-2020-q4-major/bin/../lib/gcc/arm-none-eabi/10.2.1/../../../../arm-none-eabi/lib/thumb/v7e-m/nofp/libg_nano.a(lib_a-mlock.o)
[...]
Memory Configuration

Name             Origin             Length             Attributes
RAM              0x0000000020000000 0x0000000000020000 xrw
CCMRAM           0x0000000010000000 0x0000000000010000 xrw
FLASH            0x0000000008000000 0x0000000000100000 xr
FLASHB1          0x0000000000000000 0x0000000000000000 xr
EXTMEMB0         0x0000000000000000 0x0000000000000000 xr
EXTMEMB1         0x0000000000000000 0x0000000000000000 xr
EXTMEMB2         0x0000000000000000 0x0000000000000000 xr
EXTMEMB3         0x0000000000000000 0x0000000000000000 xr
MEMORY_ARRAY     0x0000000020002000 0x0000000000000020 xrw
*default*        0x0000000000000000 0xffffffffffffffff

Linker script and memory map

LOAD ./system/src/stm32f4-hal/stm32f4xx_hal.o
LOAD ./system/src/stm32f4-hal/stm32f4xx_hal_cec.o
LOAD ./system/src/stm32f4-hal/stm32f4xx_hal_cortex.o
LOAD ./system/src/stm32f4-hal/stm32f4xx_hal_flash.o
LOAD ./system/src/stm32f4-hal/stm32f4xx_hal_flash_ex.o
LOAD ./system/src/stm32f4-hal/stm32f4xx_hal_flash_ramfunc.o
LOAD ./system/src/stm32f4-hal/stm32f4xx_hal_gpio.o
LOAD ./system/src/stm32f4-hal/stm32f4xx_hal_iwdg.o
LOAD ./system/src/stm32f4-hal/stm32f4xx_hal_pwr.o
LOAD ./system/src/stm32f4-hal/stm32f4xx_hal_pwr_ex.o
LOAD ./system/src/stm32f4-hal/stm32f4xx_hal_rcc.o
LOAD ./system/src/stm32f4-hal/stm32f4xx_hal_rcc_ex.o
LOAD ./system/src/newlib/_cxx.o
LOAD ./system/src/newlib/_exit.o
LOAD ./system/src/newlib/_sbrk.o
LOAD ./system/src/newlib/_startup.o
LOAD ./system/src/newlib/_syscalls.o
LOAD ./system/src/newlib/assert.o
LOAD ./system/src/diag/Trace.o
LOAD ./system/src/diag/trace_impl.o
LOAD ./system/src/cortexm/_initialize_hardware.o
LOAD ./system/src/cortexm/_reset_hardware.o
LOAD ./system/src/cortexm/exception_handlers.o
LOAD ./system/src/cmsis/system_stm32f4xx.o
LOAD ./system/src/cmsis/vectors_stm32f4xx.o
LOAD ./src/BlinkLed.o
LOAD ./src/FreeRTOS_helper.o
LOAD ./src/_initialize_hardware.o
LOAD ./src/_write.o
LOAD ./src/main.o
LOAD ./freertos/portable/MemMang/heap_2.o
LOAD ./freertos/portable/GCC/ARM_CM3/port.o
LOAD ./freertos/croutine.o
LOAD ./freertos/event_groups.o
LOAD ./freertos/list.o
LOAD ./freertos/queue.o
LOAD ./freertos/tasks.o
LOAD ./freertos/timers.o
LOAD /home/vlad/opt/gcc-arm-none-eabi-10-2020-q4-major/bin/../lib/gcc/arm-none-eabi/10.2.1/../../../../arm-none-eabi/lib/thumb/v7e-m/nofp/libstdc++_nano.a
LOAD /home/vlad/opt/gcc-arm-none-eabi-10-2020-q4-major/bin/../lib/gcc/arm-none-eabi/10.2.1/../../../../arm-none-eabi/lib/thumb/v7e-m/nofp/libm.a
START GROUP
LOAD /home/vlad/opt/gcc-arm-none-eabi-10-2020-q4-major/bin/../lib/gcc/arm-none-eabi/10.2.1/thumb/v7e-m/nofp/libgcc.a
LOAD /home/vlad/opt/gcc-arm-none-eabi-10-2020-q4-major/bin/../lib/gcc/arm-none-eabi/10.2.1/../../../../arm-none-eabi/lib/thumb/v7e-m/nofp/libg_nano.a
LOAD /home/vlad/opt/gcc-arm-none-eabi-10-2020-q4-major/bin/../lib/gcc/arm-none-eabi/10.2.1/../../../../arm-none-eabi/lib/thumb/v7e-m/nofp/libc_nano.a
END GROUP
START GROUP
LOAD /home/vlad/opt/gcc-arm-none-eabi-10-2020-q4-major/bin/../lib/gcc/arm-none-eabi/10.2.1/thumb/v7e-m/nofp/libgcc.a
LOAD /home/vlad/opt/gcc-arm-none-eabi-10-2020-q4-major/bin/../lib/gcc/arm-none-eabi/10.2.1/../../../../arm-none-eabi/lib/thumb/v7e-m/nofp/libc_nano.a
END GROUP
                0x0000000020020000                __stack = (ORIGIN (RAM) + LENGTH (RAM))
                0x0000000020020000                _estack = __stack
                0x0000000000000400                __Main_Stack_Size = 0x400
                [!provide]                        PROVIDE (_Main_Stack_Size = __Main_Stack_Size)
                0x000000002001fc00                __Main_Stack_Limit = (__stack - __Main_Stack_Size)
                [!provide]                        PROVIDE (_Main_Stack_Limit = __Main_Stack_Limit)
                0x0000000000000100                _Minimum_Stack_Size = 0x100
                0x0000000020002af8                PROVIDE (_Heap_Begin = _end_noinit)
                0x000000002001fc00                PROVIDE (_Heap_Limit = (__stack - __Main_Stack_Size))

.isr_vector     0x0000000008000000      0x3fe
 FILL mask 0xff
                0x0000000008000000                __vectors_start = ABSOLUTE (.)
                0x0000000008000000                __vectors_start__ = ABSOLUTE (.)
 *(.isr_vector)
 .isr_vector    0x0000000008000000      0x188 ./system/src/cmsis/vectors_stm32f4xx.o
                0x0000000008000000                __isr_vectors
 *(.cfmconfig)
 *(.after_vectors .after_vectors.*)
 .after_vectors
                0x0000000008000188      0x130 ./system/src/newlib/_startup.o
                0x0000000008000188                _start
 .after_vectors
                0x00000000080002b8      0x12c ./system/src/cortexm/exception_handlers.o
                0x00000000080002b8                Reset_Handler
                0x00000000080002be                NMI_Handler
                0x00000000080002c2                HardFault_Handler
                0x00000000080002d6                HardFault_Handler_C
                0x0000000008000334                MemManage_Handler
                0x0000000008000338                BusFault_Handler
                0x000000000800034c                BusFault_Handler_C
                0x0000000008000380                UsageFault_Handler
                0x0000000008000394                UsageFault_Handler_C
                0x00000000080003cc                DebugMon_Handler
 .after_vectors
                0x00000000080003e4        0x4 ./system/src/cmsis/vectors_stm32f4xx.o
                0x00000000080003e4                RTC_Alarm_IRQHandler
                0x00000000080003e4                HASH_RNG_IRQHandler
                0x00000000080003e4                EXTI2_IRQHandler
                0x00000000080003e4                TIM8_CC_IRQHandler
                0x00000000080003e4                TIM1_CC_IRQHandler
                0x00000000080003e4                DMA2_Stream5_IRQHandler
                0x00000000080003e4                DMA1_Stream5_IRQHandler
                0x00000000080003e4                PVD_IRQHandler
                0x00000000080003e4                SDIO_IRQHandler
                0x00000000080003e4                TAMP_STAMP_IRQHandler
                0x00000000080003e4                CAN2_RX1_IRQHandler
                0x00000000080003e4                EXTI3_IRQHandler
                0x00000000080003e4                TIM8_TRG_COM_TIM14_IRQHandler
                0x00000000080003e4                TIM1_UP_TIM10_IRQHandler
                0x00000000080003e4                TIM8_UP_TIM13_IRQHandler
                0x00000000080003e4                I2C3_ER_IRQHandler
                0x00000000080003e4                EXTI0_IRQHandler
                0x00000000080003e4                I2C2_EV_IRQHandler
                0x00000000080003e4                DMA1_Stream2_IRQHandler
                0x00000000080003e4                CAN1_RX0_IRQHandler
                0x00000000080003e4                FPU_IRQHandler
                0x00000000080003e4                OTG_HS_WKUP_IRQHandler
                0x00000000080003e4                CAN2_SCE_IRQHandler
                0x00000000080003e4                DMA2_Stream2_IRQHandler
                0x00000000080003e4                SPI1_IRQHandler
                0x00000000080003e4                TIM6_DAC_IRQHandler
                0x00000000080003e4                TIM1_BRK_TIM9_IRQHandler
                0x00000000080003e4                DCMI_IRQHandler
                0x00000000080003e4                CAN2_RX0_IRQHandler
                0x00000000080003e4                DMA2_Stream3_IRQHandler
                0x00000000080003e4                USART6_IRQHandler
                0x00000000080003e4                USART3_IRQHandler
                0x00000000080003e4                CAN1_RX1_IRQHandler
                0x00000000080003e4                UART5_IRQHandler
                0x00000000080003e4                DMA2_Stream0_IRQHandler
                0x00000000080003e4                TIM4_IRQHandler
                0x00000000080003e4                I2C1_EV_IRQHandler
                0x00000000080003e4                DMA1_Stream6_IRQHandler
                0x00000000080003e4                DMA1_Stream1_IRQHandler
                0x00000000080003e4                UART4_IRQHandler
                0x00000000080003e4                TIM3_IRQHandler
                0x00000000080003e4                RCC_IRQHandler
                0x00000000080003e4                TIM8_BRK_TIM12_IRQHandler
                0x00000000080003e4                Default_Handler
                0x00000000080003e4                EXTI15_10_IRQHandler
                0x00000000080003e4                ADC_IRQHandler
                0x00000000080003e4                DMA1_Stream7_IRQHandler
                0x00000000080003e4                TIM7_IRQHandler
                0x00000000080003e4                CAN2_TX_IRQHandler
                0x00000000080003e4                TIM5_IRQHandler
                0x00000000080003e4                DMA2_Stream7_IRQHandler
                0x00000000080003e4                I2C3_EV_IRQHandler
                0x00000000080003e4                EXTI9_5_IRQHandler
                0x00000000080003e4                RTC_WKUP_IRQHandler
                0x00000000080003e4                ETH_WKUP_IRQHandler
                0x00000000080003e4                SPI2_IRQHandler
                0x00000000080003e4                OTG_HS_EP1_IN_IRQHandler
                0x00000000080003e4                DMA1_Stream0_IRQHandler
                0x00000000080003e4                CAN1_TX_IRQHandler
                0x00000000080003e4                EXTI4_IRQHandler
                0x00000000080003e4                FSMC_IRQHandler
                0x00000000080003e4                ETH_IRQHandler
                0x00000000080003e4                OTG_HS_EP1_OUT_IRQHandler
                0x00000000080003e4                WWDG_IRQHandler
                0x00000000080003e4                TIM2_IRQHandler
                0x00000000080003e4                OTG_FS_WKUP_IRQHandler
                0x00000000080003e4                TIM1_TRG_COM_TIM11_IRQHandler
                0x00000000080003e4                OTG_HS_IRQHandler
                0x00000000080003e4                EXTI1_IRQHandler
                0x00000000080003e4                USART2_IRQHandler
                0x00000000080003e4                I2C2_ER_IRQHandler
                0x00000000080003e4                DMA2_Stream1_IRQHandler
                0x00000000080003e4                CAN1_SCE_IRQHandler
                0x00000000080003e4                FLASH_IRQHandler
                0x00000000080003e4                DMA2_Stream4_IRQHandler
                0x00000000080003e4                USART1_IRQHandler
                0x00000000080003e4                OTG_FS_IRQHandler
                0x00000000080003e4                SPI3_IRQHandler
                0x00000000080003e4                DMA1_Stream4_IRQHandler
                0x00000000080003e4                I2C1_ER_IRQHandler
                0x00000000080003e4                DMA2_Stream6_IRQHandler
                0x00000000080003e4                DMA1_Stream3_IRQHandler
 .after_vectors
                0x00000000080003e8       0x16 ./src/FreeRTOS_helper.o
                0x00000000080003e8                SysTick_Handler

.inits          0x0000000008000400       0x28
                0x0000000008000400                __data_regions_array_start = .
                0x0000000008000400        0x4 LONG 0x8003f14 LOADADDR (.data)
                0x0000000008000404        0x4 LONG 0x20000000 ADDR (.data)
                0x0000000008000408        0x4 LONG 0x20000090 (ADDR (.data) + SIZEOF (.data))
                0x000000000800040c        0x4 LONG 0x8003f14 LOADADDR (.data_CCMRAM)
                0x0000000008000410        0x4 LONG 0x10000000 ADDR (.data_CCMRAM)
                0x0000000008000414        0x4 LONG 0x10000000 (ADDR (.data_CCMRAM) + SIZEOF (.data_CCMRAM))
                0x0000000008000418                __data_regions_array_end = .
                0x0000000008000418                __bss_regions_array_start = .
                0x0000000008000418        0x4 LONG 0x20000090 ADDR (.bss)
                0x000000000800041c        0x4 LONG 0x20002af8 (ADDR (.bss) + SIZEOF (.bss))
                0x0000000008000420        0x4 LONG 0x10000000 ADDR (.bss_CCMRAM)
                0x0000000008000424        0x4 LONG 0x10000000 (ADDR (.bss_CCMRAM) + SIZEOF (.bss_CCMRAM))
                0x0000000008000428                __bss_regions_array_end = .
 *(.init)
 *(.fini)
                0x0000000008000428                . = ALIGN (0x4)
                0x0000000008000428                PROVIDE (__preinit_array_start = .)
 *(.preinit_array_sysinit .preinit_array_sysinit.*)
 *(.preinit_array_platform .preinit_array_platform.*)
 *(.preinit_array .preinit_array.*)
                0x0000000008000428                PROVIDE (__preinit_array_end = .)
                0x0000000008000428                . = ALIGN (0x4)
                0x0000000008000428                PROVIDE (__init_array_start = .)
 *(SORT_BY_NAME(.init_array.*))
 *(.init_array)
                0x0000000008000428                PROVIDE (__init_array_end = .)
                0x0000000008000428                . = ALIGN (0x4)
                0x0000000008000428                PROVIDE (__fini_array_start = .)
 *(SORT_BY_NAME(.fini_array.*))
 *(.fini_array)
                0x0000000008000428                PROVIDE (__fini_array_end = .)

.flashtext
 *(.flashtext .flashtext.*)

.text           0x0000000008000430     0x3ae3
 *(.text .text.*)
 .text.HAL_MspInit
                0x0000000008000430        0x2 ./system/src/stm32f4-hal/stm32f4xx_hal.o
                0x0000000008000430                HAL_MspInit
 *fill*         0x0000000008000432        0x2 
 .text.HAL_InitTick
                0x0000000008000434       0x28 ./system/src/stm32f4-hal/stm32f4xx_hal.o
                0x0000000008000434                HAL_InitTick
 .text.HAL_Init
                0x000000000800045c       0x34 ./system/src/stm32f4-hal/stm32f4xx_hal.o
                0x000000000800045c                HAL_Init
 .text.HAL_IncTick
                0x0000000008000490       0x10 ./system/src/stm32f4-hal/stm32f4xx_hal.o
                0x0000000008000490                HAL_IncTick
 .text.HAL_GetTick
                0x00000000080004a0        0xc ./system/src/stm32f4-hal/stm32f4xx_hal.o
                0x00000000080004a0                HAL_GetTick
 .text.HAL_NVIC_SetPriorityGrouping
                0x00000000080004ac       0x3c ./system/src/stm32f4-hal/stm32f4xx_hal_cortex.o
                0x00000000080004ac                HAL_NVIC_SetPriorityGrouping
 .text.HAL_NVIC_SetPriority
                0x00000000080004e8       0x88 ./system/src/stm32f4-hal/stm32f4xx_hal_cortex.o
                0x00000000080004e8                HAL_NVIC_SetPriority
 .text.HAL_SYSTICK_Config
                0x0000000008000570       0x28 ./system/src/stm32f4-hal/stm32f4xx_hal_cortex.o
                0x0000000008000570                HAL_SYSTICK_Config
 .text.HAL_SYSTICK_CLKSourceConfig
                0x0000000008000598       0x3c ./system/src/stm32f4-hal/stm32f4xx_hal_cortex.o
                0x0000000008000598                HAL_SYSTICK_CLKSourceConfig
 .text.HAL_GPIO_Init
                0x00000000080005d4      0x2f8 ./system/src/stm32f4-hal/stm32f4xx_hal_gpio.o
                0x00000000080005d4                HAL_GPIO_Init
 .text.HAL_GPIO_WritePin
                0x00000000080008cc       0x38 ./system/src/stm32f4-hal/stm32f4xx_hal_gpio.o
                0x00000000080008cc                HAL_GPIO_WritePin
 .text.HAL_RCC_OscConfig
                0x0000000008000904      0x49c ./system/src/stm32f4-hal/stm32f4xx_hal_rcc.o
                0x0000000008000904                HAL_RCC_OscConfig
 .text.HAL_RCC_ClockConfig
                0x0000000008000da0      0x36c ./system/src/stm32f4-hal/stm32f4xx_hal_rcc.o
                0x0000000008000da0                HAL_RCC_ClockConfig
 .text.HAL_RCC_GetSysClockFreq
                0x000000000800110c       0x9c ./system/src/stm32f4-hal/stm32f4xx_hal_rcc.o
                0x000000000800110c                HAL_RCC_GetSysClockFreq
 .text.HAL_RCC_GetHCLKFreq
                0x00000000080011a8       0x38 ./system/src/stm32f4-hal/stm32f4xx_hal_rcc.o
                0x00000000080011a8                HAL_RCC_GetHCLKFreq
 .text._exit    0x00000000080011e0        0x2 ./system/src/newlib/_exit.o
                0x00000000080011e0                _exit
 *fill*         0x00000000080011e2        0x2 
 .text.abort    0x00000000080011e4       0x14 ./system/src/newlib/_exit.o
                0x00000000080011e4                abort
 .text._sbrk    0x00000000080011f8       0x44 ./system/src/newlib/_sbrk.o
                0x00000000080011f8                _sbrk
 .text.__initialize_args
                0x000000000800123c       0x10 ./system/src/newlib/_syscalls.o
                0x000000000800123c                __initialize_args
 .text.assert_failed
                0x000000000800124c       0x14 ./system/src/newlib/assert.o
                0x000000000800124c                assert_failed
 .text.trace_printf
                0x0000000008001260       0x34 ./system/src/diag/Trace.o
                0x0000000008001260                trace_printf
 .text.trace_puts
                0x0000000008001294       0x20 ./system/src/diag/Trace.o
                0x0000000008001294                trace_puts
 .text._trace_write_semihosting_debug
                0x00000000080012b4       0x60 ./system/src/diag/trace_impl.o
 .text.trace_write
                0x0000000008001314        0x8 ./system/src/diag/trace_impl.o
                0x0000000008001314                trace_write
 .text.__initialize_hardware_early
                0x000000000800131c       0x18 ./system/src/cortexm/_initialize_hardware.o
                0x000000000800131c                __initialize_hardware_early
 .text.dumpExceptionStack
                0x0000000008001334       0xf4 ./system/src/cortexm/exception_handlers.o
                0x0000000008001334                dumpExceptionStack
 .text.isSemihosting
                0x0000000008001428       0x20 ./system/src/cortexm/exception_handlers.o
                0x0000000008001428                isSemihosting
 .text.SystemInit
                0x0000000008001448       0x40 ./system/src/cmsis/system_stm32f4xx.o
                0x0000000008001448                SystemInit
 .text.SystemCoreClockUpdate
                0x0000000008001488       0xa0 ./system/src/cmsis/system_stm32f4xx.o
                0x0000000008001488                SystemCoreClockUpdate
 .text.blink_led_init
                0x0000000008001528       0x40 ./src/BlinkLed.o
                0x0000000008001528                blink_led_init
 .text.vApplicationStackOverflowHook
                0x0000000008001568        0x2 ./src/FreeRTOS_helper.o
                0x0000000008001568                vApplicationStackOverflowHook
 .text.vAssertCalled
                0x000000000800156a        0x2 ./src/FreeRTOS_helper.o
                0x000000000800156a                vAssertCalled
 .text.SystemClock_Config
                0x000000000800156c       0x98 ./src/_initialize_hardware.o
                0x000000000800156c                SystemClock_Config
 .text.__initialize_hardware
                0x0000000008001604       0x10 ./src/_initialize_hardware.o
                0x0000000008001604                __initialize_hardware
 .text.taskA    0x0000000008001614       0x40 ./src/main.o
                0x0000000008001614                taskA
 .text.taskB    0x0000000008001654       0x78 ./src/main.o
                0x0000000008001654                taskB
 .text.SysTick_Init
                0x00000000080016cc        0xa ./src/main.o
                0x00000000080016cc                SysTick_Init
 *fill*         0x00000000080016d6        0x2 
 .text.main     0x00000000080016d8       0x9c ./src/main.o
                0x00000000080016d8                main
 .text.prvHeapInit
                0x0000000008001774       0x2c ./freertos/portable/MemMang/heap_2.o
 .text.pvPortMalloc
                0x00000000080017a0       0xa4 ./freertos/portable/MemMang/heap_2.o
                0x00000000080017a0                pvPortMalloc
 .text.vPortFree
                0x0000000008001844       0x40 ./freertos/portable/MemMang/heap_2.o
                0x0000000008001844                vPortFree
 .text.prvPortStartFirstTask
                0x0000000008001884       0x20 ./freertos/portable/GCC/ARM_CM3/port.o
 .text.pxPortInitialiseStack
                0x00000000080018a4       0x20 ./freertos/portable/GCC/ARM_CM3/port.o
                0x00000000080018a4                pxPortInitialiseStack
 .text.SVC_Handler
                0x00000000080018c4       0x24 ./freertos/portable/GCC/ARM_CM3/port.o
                0x00000000080018c4                SVC_Handler
 .text.vPortYield
                0x00000000080018e8       0x16 ./freertos/portable/GCC/ARM_CM3/port.o
                0x00000000080018e8                vPortYield
 .text.ulPortSetInterruptMask
                0x00000000080018fe       0x10 ./freertos/portable/GCC/ARM_CM3/port.o
                0x00000000080018fe                ulPortSetInterruptMask
 *fill*         0x000000000800190e        0x2 
 .text.prvTaskExitError
                0x0000000008001910       0x24 ./freertos/portable/GCC/ARM_CM3/port.o
 .text.vPortEnterCritical
                0x0000000008001934       0x40 ./freertos/portable/GCC/ARM_CM3/port.o
                0x0000000008001934                vPortEnterCritical
 .text.vPortClearInterruptMask
                0x0000000008001974        0x6 ./freertos/portable/GCC/ARM_CM3/port.o
                0x0000000008001974                vPortClearInterruptMask
 *fill*         0x000000000800197a        0x2 
 .text.vPortExitCritical
                0x000000000800197c       0x30 ./freertos/portable/GCC/ARM_CM3/port.o
                0x000000000800197c                vPortExitCritical
 .text.PendSV_Handler
                0x00000000080019ac       0x44 ./freertos/portable/GCC/ARM_CM3/port.o
                0x00000000080019ac                PendSV_Handler
 .text.xPortSysTickHandler
                0x00000000080019f0       0x20 ./freertos/portable/GCC/ARM_CM3/port.o
                0x00000000080019f0                xPortSysTickHandler
 .text.vPortSuppressTicksAndSleep
                0x0000000008001a10       0xfc ./freertos/portable/GCC/ARM_CM3/port.o
                0x0000000008001a10                vPortSuppressTicksAndSleep
 .text.vPortSetupTimerInterrupt
                0x0000000008001b0c       0x34 ./freertos/portable/GCC/ARM_CM3/port.o
                0x0000000008001b0c                vPortSetupTimerInterrupt
 .text.xPortStartScheduler
                0x0000000008001b40       0xa0 ./freertos/portable/GCC/ARM_CM3/port.o
                0x0000000008001b40                xPortStartScheduler
 .text.vPortValidateInterruptPriority
                0x0000000008001be0       0x58 ./freertos/portable/GCC/ARM_CM3/port.o
                0x0000000008001be0                vPortValidateInterruptPriority
 .text.vListInitialise
                0x0000000008001c38       0x16 ./freertos/list.o
                0x0000000008001c38                vListInitialise
 .text.vListInitialiseItem
                0x0000000008001c4e        0x6 ./freertos/list.o
                0x0000000008001c4e                vListInitialiseItem
 .text.vListInsertEnd
                0x0000000008001c54       0x16 ./freertos/list.o
                0x0000000008001c54                vListInsertEnd
 .text.vListInsert
                0x0000000008001c6a       0x32 ./freertos/list.o
                0x0000000008001c6a                vListInsert
 .text.uxListRemove
                0x0000000008001c9c       0x24 ./freertos/list.o
                0x0000000008001c9c                uxListRemove
 .text.prvIsQueueFull
                0x0000000008001cc0       0x1e ./freertos/queue.o
 .text.prvIsQueueEmpty
                0x0000000008001cde       0x1a ./freertos/queue.o
 .text.prvCopyDataToQueue
                0x0000000008001cf8       0x7c ./freertos/queue.o
 .text.prvCopyDataFromQueue
                0x0000000008001d74       0x24 ./freertos/queue.o
 .text.prvUnlockQueue
                0x0000000008001d98       0x6a ./freertos/queue.o
 *fill*         0x0000000008001e02        0x2 
 .text.xQueueGenericReset
                0x0000000008001e04       0x70 ./freertos/queue.o
                0x0000000008001e04                xQueueGenericReset
 .text.xQueueGenericCreate
                0x0000000008001e74       0x58 ./freertos/queue.o
                0x0000000008001e74                xQueueGenericCreate
 .text.xQueueGenericSend
                0x0000000008001ecc      0x138 ./freertos/queue.o
                0x0000000008001ecc                xQueueGenericSend
 .text.xQueueGenericSendFromISR
                0x0000000008002004       0xb0 ./freertos/queue.o
                0x0000000008002004                xQueueGenericSendFromISR
 .text.xQueueGenericReceive
                0x00000000080020b4      0x158 ./freertos/queue.o
                0x00000000080020b4                xQueueGenericReceive
 .text.vQueueAddToRegistry
                0x000000000800220c       0x28 ./freertos/queue.o
                0x000000000800220c                vQueueAddToRegistry
 .text.vQueueWaitForMessageRestricted
                0x0000000008002234       0x46 ./freertos/queue.o
                0x0000000008002234                vQueueWaitForMessageRestricted
 *fill*         0x000000000800227a        0x2 
 .text.prvGetExpectedIdleTime
                0x000000000800227c       0x30 ./freertos/tasks.o
 .text.prvResetNextTaskUnblockTime
                0x00000000080022ac       0x2c ./freertos/tasks.o
 .text.prvTaskIsTaskSuspended
                0x00000000080022d8       0x40 ./freertos/tasks.o
 .text.prvDeleteTCB
                0x0000000008002318       0x12 ./freertos/tasks.o
 .text.prvAllocateTCBAndStack
                0x000000000800232a       0x3c ./freertos/tasks.o
 .text.prvInitialiseTCBVariables
                0x0000000008002366       0x68 ./freertos/tasks.o
 *fill*         0x00000000080023ce        0x2 
 .text.prvInitialiseTaskLists
                0x00000000080023d0       0x68 ./freertos/tasks.o
 .text.prvAddCurrentTaskToDelayedList
                0x0000000008002438       0x54 ./freertos/tasks.o
 .text.xTaskGenericCreate
                0x000000000800248c      0x11c ./freertos/tasks.o
                0x000000000800248c                xTaskGenericCreate
 .text.vTaskResume
                0x00000000080025a8       0x78 ./freertos/tasks.o
                0x00000000080025a8                vTaskResume
 .text.vTaskStartScheduler
                0x0000000008002620       0x74 ./freertos/tasks.o
                0x0000000008002620                vTaskStartScheduler
 .text.vTaskSuspendAll
                0x0000000008002694       0x10 ./freertos/tasks.o
                0x0000000008002694                vTaskSuspendAll
 .text.xTaskGetTickCount
                0x00000000080026a4        0xc ./freertos/tasks.o
                0x00000000080026a4                xTaskGetTickCount
 .text.vTaskStepTick
                0x00000000080026b0       0x34 ./freertos/tasks.o
                0x00000000080026b0                vTaskStepTick
 .text.xTaskIncrementTick
                0x00000000080026e4      0x118 ./freertos/tasks.o
                0x00000000080026e4                xTaskIncrementTick
 .text.xTaskResumeAll
                0x00000000080027fc       0xe4 ./freertos/tasks.o
                0x00000000080027fc                xTaskResumeAll
 .text.prvCheckTasksWaitingTermination
                0x00000000080028e0       0x5c ./freertos/tasks.o
 .text.prvIdleTask
                0x000000000800293c       0x5c ./freertos/tasks.o
 .text.vTaskSwitchContext
                0x0000000008002998       0xd4 ./freertos/tasks.o
                0x0000000008002998                vTaskSwitchContext
 .text.vTaskPlaceOnEventList
                0x0000000008002a6c       0x74 ./freertos/tasks.o
                0x0000000008002a6c                vTaskPlaceOnEventList
 .text.vTaskPlaceOnEventListRestricted
                0x0000000008002ae0       0x74 ./freertos/tasks.o
                0x0000000008002ae0                vTaskPlaceOnEventListRestricted
 .text.xTaskRemoveFromEventList
                0x0000000008002b54       0x90 ./freertos/tasks.o
                0x0000000008002b54                xTaskRemoveFromEventList
 .text.vTaskSetTimeOutState
                0x0000000008002be4       0x2c ./freertos/tasks.o
                0x0000000008002be4                vTaskSetTimeOutState
 .text.xTaskCheckForTimeOut
                0x0000000008002c10       0x78 ./freertos/tasks.o
                0x0000000008002c10                xTaskCheckForTimeOut
 .text.vTaskMissedYield
                0x0000000008002c88        0xc ./freertos/tasks.o
                0x0000000008002c88                vTaskMissedYield
 .text.eTaskConfirmSleepModeStatus
                0x0000000008002c94       0x3c ./freertos/tasks.o
                0x0000000008002c94                eTaskConfirmSleepModeStatus
 .text.xTaskGetSchedulerState
                0x0000000008002cd0       0x20 ./freertos/tasks.o
                0x0000000008002cd0                xTaskGetSchedulerState
 .text.vTaskPriorityInherit
                0x0000000008002cf0       0xa0 ./freertos/tasks.o
                0x0000000008002cf0                vTaskPriorityInherit
 .text.xTaskPriorityDisinherit
                0x0000000008002d90       0xa8 ./freertos/tasks.o
                0x0000000008002d90                xTaskPriorityDisinherit
 .text.pvTaskIncrementMutexHeldCount
                0x0000000008002e38       0x1c ./freertos/tasks.o
                0x0000000008002e38                pvTaskIncrementMutexHeldCount
 .text.prvGetNextExpireTime
                0x0000000008002e54       0x20 ./freertos/timers.o
 .text.prvInsertTimerInActiveList
                0x0000000008002e74       0x48 ./freertos/timers.o
 .text.prvCheckForValidListAndQueue
                0x0000000008002ebc       0x74 ./freertos/timers.o
 .text.xTimerCreateTimerTask
                0x0000000008002f30       0x50 ./freertos/timers.o
                0x0000000008002f30                xTimerCreateTimerTask
 .text.xTimerGenericCommand
                0x0000000008002f80       0x58 ./freertos/timers.o
                0x0000000008002f80                xTimerGenericCommand
 .text.prvSwitchTimerLists
                0x0000000008002fd8       0x78 ./freertos/timers.o
 .text.prvSampleTimeNow
                0x0000000008003050       0x2c ./freertos/timers.o
 .text.prvProcessExpiredTimer
                0x000000000800307c       0x60 ./freertos/timers.o
 .text.prvProcessTimerOrBlockTask
                0x00000000080030dc       0x54 ./freertos/timers.o
 .text.prvProcessReceivedCommands
                0x0000000008003130       0xf0 ./freertos/timers.o
 .text.prvTimerTask
                0x0000000008003220       0x16 ./freertos/timers.o
 *fill*         0x0000000008003236        0x2 
 .text.__errno  0x0000000008003238        0xc /home/vlad/opt/gcc-arm-none-eabi-10-2020-q4-major/bin/../lib/gcc/arm-none-eabi/10.2.1/../../../../arm-none-eabi/lib/thumb/v7e-m/nofp/libg_nano.a(lib_a-errno.o)
                0x0000000008003238                __errno
 .text.memcmp   0x0000000008003244       0x20 /home/vlad/opt/gcc-arm-none-eabi-10-2020-q4-major/bin/../lib/gcc/arm-none-eabi/10.2.1/../../../../arm-none-eabi/lib/thumb/v7e-m/nofp/libg_nano.a(lib_a-memcmp.o)
                0x0000000008003244                memcmp
 .text.memcpy   0x0000000008003264       0x1c /home/vlad/opt/gcc-arm-none-eabi-10-2020-q4-major/bin/../lib/gcc/arm-none-eabi/10.2.1/../../../../arm-none-eabi/lib/thumb/v7e-m/nofp/libg_nano.a(lib_a-memcpy-stub.o)
                0x0000000008003264                memcpy
 .text.memset   0x0000000008003280       0x10 /home/vlad/opt/gcc-arm-none-eabi-10-2020-q4-major/bin/../lib/gcc/arm-none-eabi/10.2.1/../../../../arm-none-eabi/lib/thumb/v7e-m/nofp/libg_nano.a(lib_a-memset.o)
                0x0000000008003280                memset
 .text          0x0000000008003290       0x10 /home/vlad/opt/gcc-arm-none-eabi-10-2020-q4-major/bin/../lib/gcc/arm-none-eabi/10.2.1/../../../../arm-none-eabi/lib/thumb/v7e-m/nofp/libg_nano.a(lib_a-strlen.o)
                0x0000000008003290                strlen
 .text._vsnprintf_r
                0x00000000080032a0       0x56 /home/vlad/opt/gcc-arm-none-eabi-10-2020-q4-major/bin/../lib/gcc/arm-none-eabi/10.2.1/../../../../arm-none-eabi/lib/thumb/v7e-m/nofp/libg_nano.a(lib_a-vsnprintf.o)
                0x00000000080032a0                _vsnprintf_r
                0x00000000080032a0                _vsniprintf_r
 *fill*         0x00000000080032f6        0x2 
 .text.vsnprintf
                0x00000000080032f8       0x1c /home/vlad/opt/gcc-arm-none-eabi-10-2020-q4-major/bin/../lib/gcc/arm-none-eabi/10.2.1/../../../../arm-none-eabi/lib/thumb/v7e-m/nofp/libg_nano.a(lib_a-vsnprintf.o)
                0x00000000080032f8                vsnprintf
                0x00000000080032f8                vsniprintf
 .text.__ssputs_r
                0x0000000008003314       0xb6 /home/vlad/opt/gcc-arm-none-eabi-10-2020-q4-major/bin/../lib/gcc/arm-none-eabi/10.2.1/../../../../arm-none-eabi/lib/thumb/v7e-m/nofp/libg_nano.a(lib_a-nano-svfprintf.o)
                0x0000000008003314                __ssputs_r
 *fill*         0x00000000080033ca        0x2 
 .text._svfprintf_r
                0x00000000080033cc      0x200 /home/vlad/opt/gcc-arm-none-eabi-10-2020-q4-major/bin/../lib/gcc/arm-none-eabi/10.2.1/../../../../arm-none-eabi/lib/thumb/v7e-m/nofp/libg_nano.a(lib_a-nano-svfprintf.o)
                0x00000000080033cc                _svfprintf_r
                0x00000000080033cc                _svfiprintf_r
 .text._printf_common
                0x00000000080035cc       0xda /home/vlad/opt/gcc-arm-none-eabi-10-2020-q4-major/bin/../lib/gcc/arm-none-eabi/10.2.1/../../../../arm-none-eabi/lib/thumb/v7e-m/nofp/libg_nano.a(lib_a-nano-vfprintf_i.o)
                0x00000000080035cc                _printf_common
 *fill*         0x00000000080036a6        0x2 
 .text._printf_i
                0x00000000080036a8      0x24c /home/vlad/opt/gcc-arm-none-eabi-10-2020-q4-major/bin/../lib/gcc/arm-none-eabi/10.2.1/../../../../arm-none-eabi/lib/thumb/v7e-m/nofp/libg_nano.a(lib_a-nano-vfprintf_i.o)
                0x00000000080036a8                _printf_i
 *fill*         0x00000000080038f4        0xc 
 .text          0x0000000008003900       0xa0 /home/vlad/opt/gcc-arm-none-eabi-10-2020-q4-major/bin/../lib/gcc/arm-none-eabi/10.2.1/../../../../arm-none-eabi/lib/thumb/v7e-m/nofp/libg_nano.a(lib_a-memchr.o)
                0x0000000008003900                memchr
 .text.memmove  0x00000000080039a0       0x34 /home/vlad/opt/gcc-arm-none-eabi-10-2020-q4-major/bin/../lib/gcc/arm-none-eabi/10.2.1/../../../../arm-none-eabi/lib/thumb/v7e-m/nofp/libg_nano.a(lib_a-memmove.o)
                0x00000000080039a0                memmove
 .text._free_r  0x00000000080039d4       0x94 /home/vlad/opt/gcc-arm-none-eabi-10-2020-q4-major/bin/../lib/gcc/arm-none-eabi/10.2.1/../../../../arm-none-eabi/lib/thumb/v7e-m/nofp/libg_nano.a(lib_a-nano-freer.o)
                0x00000000080039d4                _free_r
 .text._malloc_r
                0x0000000008003a68       0xb4 /home/vlad/opt/gcc-arm-none-eabi-10-2020-q4-major/bin/../lib/gcc/arm-none-eabi/10.2.1/../../../../arm-none-eabi/lib/thumb/v7e-m/nofp/libg_nano.a(lib_a-nano-mallocr.o)
                0x0000000008003a68                _malloc_r
 .text._realloc_r
                0x0000000008003b1c       0x4c /home/vlad/opt/gcc-arm-none-eabi-10-2020-q4-major/bin/../lib/gcc/arm-none-eabi/10.2.1/../../../../arm-none-eabi/lib/thumb/v7e-m/nofp/libg_nano.a(lib_a-nano-reallocr.o)
                0x0000000008003b1c                _realloc_r
 .text._sbrk_r  0x0000000008003b68       0x20 /home/vlad/opt/gcc-arm-none-eabi-10-2020-q4-major/bin/../lib/gcc/arm-none-eabi/10.2.1/../../../../arm-none-eabi/lib/thumb/v7e-m/nofp/libg_nano.a(lib_a-sbrkr.o)
                0x0000000008003b68                _sbrk_r
 .text.__malloc_lock
                0x0000000008003b88        0xc /home/vlad/opt/gcc-arm-none-eabi-10-2020-q4-major/bin/../lib/gcc/arm-none-eabi/10.2.1/../../../../arm-none-eabi/lib/thumb/v7e-m/nofp/libg_nano.a(lib_a-mlock.o)
                0x0000000008003b88                __malloc_lock
 .text.__malloc_unlock
                0x0000000008003b94        0xc /home/vlad/opt/gcc-arm-none-eabi-10-2020-q4-major/bin/../lib/gcc/arm-none-eabi/10.2.1/../../../../arm-none-eabi/lib/thumb/v7e-m/nofp/libg_nano.a(lib_a-mlock.o)
                0x0000000008003b94                __malloc_unlock
 .text._malloc_usable_size_r
                0x0000000008003ba0       0x10 /home/vlad/opt/gcc-arm-none-eabi-10-2020-q4-major/bin/../lib/gcc/arm-none-eabi/10.2.1/../../../../arm-none-eabi/lib/thumb/v7e-m/nofp/libg_nano.a(lib_a-nano-msizer.o)
                0x0000000008003ba0                _malloc_usable_size_r
 .text.__retarget_lock_acquire_recursive
                0x0000000008003bb0        0x2 /home/vlad/opt/gcc-arm-none-eabi-10-2020-q4-major/bin/../lib/gcc/arm-none-eabi/10.2.1/../../../../arm-none-eabi/lib/thumb/v7e-m/nofp/libg_nano.a(lib_a-lock.o)
                0x0000000008003bb0                __retarget_lock_acquire_recursive
 .text.__retarget_lock_release_recursive
                0x0000000008003bb2        0x2 /home/vlad/opt/gcc-arm-none-eabi-10-2020-q4-major/bin/../lib/gcc/arm-none-eabi/10.2.1/../../../../arm-none-eabi/lib/thumb/v7e-m/nofp/libg_nano.a(lib_a-lock.o)
                0x0000000008003bb2                __retarget_lock_release_recursive
 *(.rodata .rodata.* .constdata .constdata.*)
 .rodata.HAL_NVIC_SetPriorityGrouping.str1.4
                0x0000000008003bb4       0x31 ./system/src/stm32f4-hal/stm32f4xx_hal_cortex.o
 *fill*         0x0000000008003be5        0x3 
 .rodata.HAL_GPIO_Init.str1.4
                0x0000000008003be8       0x2f ./system/src/stm32f4-hal/stm32f4xx_hal_gpio.o
 *fill*         0x0000000008003c17        0x1 
 .rodata.HAL_RCC_OscConfig.str1.4
                0x0000000008003c18       0x2e ./system/src/stm32f4-hal/stm32f4xx_hal_rcc.o
 *fill*         0x0000000008003c46        0x2 
 .rodata.APBAHBPrescTable
                0x0000000008003c48       0x10 ./system/src/stm32f4-hal/stm32f4xx_hal_rcc.o
                0x0000000008003c48                APBAHBPrescTable
 .rodata.abort.str1.4
                0x0000000008003c58       0x14 ./system/src/newlib/_exit.o
 .rodata.assert_failed.str1.4
                0x0000000008003c6c       0x2b ./system/src/newlib/assert.o
 .rodata.trace_puts.str1.4
                0x0000000008003c97       0x2b ./system/src/diag/Trace.o
                                          0x2 (size before relaxing)
 *fill*         0x0000000008003c97        0x1 
 .rodata.dumpExceptionStack.str1.4
                0x0000000008003c98      0x11a ./system/src/cortexm/exception_handlers.o
 *fill*         0x0000000008003db2        0x2 
 .rodata.str1.4
                0x0000000008003db4       0x2a ./system/src/cortexm/exception_handlers.o
 *fill*         0x0000000008003dde        0x2 
 .rodata.taskA.str1.4
                0x0000000008003de0        0xe ./src/main.o
 *fill*         0x0000000008003dee        0x2 
 .rodata.taskB.str1.4
                0x0000000008003df0       0x1d ./src/main.o
 *fill*         0x0000000008003e0d        0x3 
 .rodata.main.str1.4
                0x0000000008003e10       0x3a ./src/main.o
 *fill*         0x0000000008003e4a        0x2 
 .rodata.vPortEndScheduler.str1.4
                0x0000000008003e4c       0x28 ./freertos/portable/GCC/ARM_CM3/port.o
 .rodata.xQueueGenericReset.str1.4
                0x0000000008003e74       0x14 ./freertos/queue.o
 .rodata.prvTaskIsTaskSuspended.str1.4
                0x0000000008003e88       0x14 ./freertos/tasks.o
 .rodata.vTaskStartScheduler.str1.4
                0x0000000008003e9c        0x5 ./freertos/tasks.o
 *fill*         0x0000000008003ea1        0x3 
 .rodata.ucExpectedStackBytes.0
                0x0000000008003ea4       0x14 ./freertos/tasks.o
 .rodata.prvCheckForValidListAndQueue.str1.4
                0x0000000008003eb8       0x1d ./freertos/timers.o
 *fill*         0x0000000008003ed5        0x3 
 .rodata.xTimerCreateTimerTask.str1.4
                0x0000000008003ed8        0x8 ./freertos/timers.o
 .rodata._svfprintf_r.str1.1
                0x0000000008003ee0       0x11 /home/vlad/opt/gcc-arm-none-eabi-10-2020-q4-major/bin/../lib/gcc/arm-none-eabi/10.2.1/../../../../arm-none-eabi/lib/thumb/v7e-m/nofp/libg_nano.a(lib_a-nano-svfprintf.o)
 .rodata._printf_i.str1.1
                0x0000000008003ef1       0x22 /home/vlad/opt/gcc-arm-none-eabi-10-2020-q4-major/bin/../lib/gcc/arm-none-eabi/10.2.1/../../../../arm-none-eabi/lib/thumb/v7e-m/nofp/libg_nano.a(lib_a-nano-vfprintf_i.o)
 *(vtable)
 *(.eh_frame*)
 *(.glue_7)
 .glue_7        0x0000000008003f13        0x0 linker stubs
 *(.glue_7t)
 .glue_7t       0x0000000008003f13        0x0 linker stubs

.vfp11_veneer   0x0000000008003f14        0x0
 .vfp11_veneer  0x0000000008003f14        0x0 linker stubs

.v4_bx          0x0000000008003f14        0x0
 .v4_bx         0x0000000008003f14        0x0 linker stubs

.iplt           0x0000000008003f14        0x0
 .iplt          0x0000000008003f14        0x0 ./system/src/stm32f4-hal/stm32f4xx_hal.o

.rel.dyn        0x0000000008003f14        0x0
 .rel.iplt      0x0000000008003f14        0x0 ./system/src/stm32f4-hal/stm32f4xx_hal.o

.ARM.extab
 *(.ARM.extab* .gnu.linkonce.armextab.*)
                0x0000000008003f14                . = ALIGN (0x4)
                0x0000000008003f14                __exidx_start = .

.ARM.exidx
 *(.ARM.exidx* .gnu.linkonce.armexidx.*)
                0x0000000008003f14                __exidx_end = .
                0x0000000008003f14                . = ALIGN (0x4)
                0x0000000008003f14                _etext = .
                0x0000000008003f14                __etext = .

.data_CCMRAM    0x0000000010000000        0x0 load address 0x0000000008003f14
 FILL mask 0xff
 *(.data.CCMRAM .data.CCMRAM.*)
                0x0000000010000000                . = ALIGN (0x4)
                0x0000000008003f14                _sidata = LOADADDR (.data)

.data           0x0000000020000000       0x90 load address 0x0000000008003f14
 FILL mask 0xff
                0x0000000020000000                _sdata = .
                0x0000000020000000                __data_start__ = .
 *(.data_begin .data_begin.*)
 .data_begin    0x0000000020000000        0x4 ./system/src/newlib/_startup.o
 *(.data .data.*)
 .data.argv.1   0x0000000020000004        0x8 ./system/src/newlib/_syscalls.o
 .data.AHBPrescTable
                0x000000002000000c       0x10 ./system/src/cmsis/system_stm32f4xx.o
                0x000000002000000c                AHBPrescTable
 .data.SystemCoreClock
                0x000000002000001c        0x4 ./system/src/cmsis/system_stm32f4xx.o
                0x000000002000001c                SystemCoreClock
 .data.xFreeBytesRemaining
                0x0000000020000020        0x4 ./freertos/portable/MemMang/heap_2.o
 .data.uxCriticalNesting
                0x0000000020000024        0x4 ./freertos/portable/GCC/ARM_CM3/port.o
 .data._impure_ptr
                0x0000000020000028        0x4 /home/vlad/opt/gcc-arm-none-eabi-10-2020-q4-major/bin/../lib/gcc/arm-none-eabi/10.2.1/../../../../arm-none-eabi/lib/thumb/v7e-m/nofp/libg_nano.a(lib_a-impure.o)
                0x0000000020000028                _impure_ptr
 .data.impure_data
                0x000000002000002c       0x60 /home/vlad/opt/gcc-arm-none-eabi-10-2020-q4-major/bin/../lib/gcc/arm-none-eabi/10.2.1/../../../../arm-none-eabi/lib/thumb/v7e-m/nofp/libg_nano.a(lib_a-impure.o)
 *(.data_end .data_end.*)
 .data_end      0x000000002000008c        0x4 ./system/src/newlib/_startup.o
                0x0000000020000090                . = ALIGN (0x4)
                0x0000000020000090                _edata = .
                0x0000000020000090                __data_end__ = .

.igot.plt       0x0000000020000090        0x0 load address 0x0000000008003fa4
 .igot.plt      0x0000000020000090        0x0 ./system/src/stm32f4-hal/stm32f4xx_hal.o

.bss_CCMRAM     0x0000000010000000        0x0
 *(.bss.CCMRAM .bss.CCMRAM.*)

.bss            0x0000000020000090     0x2a68
                0x0000000020000090                __bss_start__ = .
                0x0000000020000090                _sbss = .
 *(.bss_begin .bss_begin.*)
 .bss_begin     0x0000000020000090        0x4 ./system/src/newlib/_startup.o
 *(.bss .bss.*)
 .bss.uwTick    0x0000000020000094        0x4 ./system/src/stm32f4-hal/stm32f4xx_hal.o
 .bss.current_heap_end.0
                0x0000000020000098        0x4 ./system/src/newlib/_sbrk.o
 .bss.errno     0x000000002000009c        0x4 ./system/src/newlib/_syscalls.o
                0x000000002000009c                errno
 .bss.name.0    0x00000000200000a0        0x1 ./system/src/newlib/_syscalls.o
 *fill*         0x00000000200000a1        0x3 
 .bss.buf.0     0x00000000200000a4       0x80 ./system/src/diag/Trace.o
 .bss.it1       0x0000000020000124        0x4 ./src/main.o
                0x0000000020000124                it1
 .bss.it2       0x0000000020000128        0x4 ./src/main.o
                0x0000000020000128                it2
 .bss.taskAHandle
                0x000000002000012c        0x4 ./src/main.o
                0x000000002000012c                taskAHandle
 .bss.taskBHandle
                0x0000000020000130        0x4 ./src/main.o
                0x0000000020000130                taskBHandle
 .bss.xQueue1   0x0000000020000134        0x4 ./src/main.o
                0x0000000020000134                xQueue1
 .bss.ucHeap    0x0000000020000138     0x2800 ./freertos/portable/MemMang/heap_2.o
 .bss.xEnd      0x0000000020002938        0x8 ./freertos/portable/MemMang/heap_2.o
 .bss.xHeapHasBeenInitialised.0
                0x0000000020002940        0x4 ./freertos/portable/MemMang/heap_2.o
 .bss.xStart    0x0000000020002944        0x8 ./freertos/portable/MemMang/heap_2.o
 .bss.ucMaxSysCallPriority
                0x000000002000294c        0x1 ./freertos/portable/GCC/ARM_CM3/port.o
 *fill*         0x000000002000294d        0x3 
 .bss.ulMaxPRIGROUPValue
                0x0000000020002950        0x4 ./freertos/portable/GCC/ARM_CM3/port.o
 .bss.ulStoppedTimerCompensation
                0x0000000020002954        0x4 ./freertos/portable/GCC/ARM_CM3/port.o
 .bss.ulTimerCountsForOneTick
                0x0000000020002958        0x4 ./freertos/portable/GCC/ARM_CM3/port.o
 .bss.xMaximumPossibleSuppressedTicks
                0x000000002000295c        0x4 ./freertos/portable/GCC/ARM_CM3/port.o
 .bss.xQueueRegistry
                0x0000000020002960       0x50 ./freertos/queue.o
                0x0000000020002960                xQueueRegistry
 .bss.pxCurrentTCB
                0x00000000200029b0        0x4 ./freertos/tasks.o
                0x00000000200029b0                pxCurrentTCB
 .bss.pxDelayedTaskList
                0x00000000200029b4        0x4 ./freertos/tasks.o
 .bss.pxOverflowDelayedTaskList
                0x00000000200029b8        0x4 ./freertos/tasks.o
 .bss.pxReadyTasksLists
                0x00000000200029bc       0x64 ./freertos/tasks.o
 .bss.uxCurrentNumberOfTasks
                0x0000000020002a20        0x4 ./freertos/tasks.o
 .bss.uxPendedTicks
                0x0000000020002a24        0x4 ./freertos/tasks.o
 .bss.uxSchedulerSuspended
                0x0000000020002a28        0x4 ./freertos/tasks.o
 .bss.uxTaskNumber
                0x0000000020002a2c        0x4 ./freertos/tasks.o
 .bss.uxTasksDeleted
                0x0000000020002a30        0x4 ./freertos/tasks.o
 .bss.uxTopReadyPriority
                0x0000000020002a34        0x4 ./freertos/tasks.o
 .bss.xDelayedTaskList1
                0x0000000020002a38       0x14 ./freertos/tasks.o
 .bss.xDelayedTaskList2
                0x0000000020002a4c       0x14 ./freertos/tasks.o
 .bss.xNextTaskUnblockTime
                0x0000000020002a60        0x4 ./freertos/tasks.o
 .bss.xNumOfOverflows
                0x0000000020002a64        0x4 ./freertos/tasks.o
 .bss.xPendingReadyList
                0x0000000020002a68       0x14 ./freertos/tasks.o
 .bss.xSchedulerRunning
                0x0000000020002a7c        0x4 ./freertos/tasks.o
 .bss.xSuspendedTaskList
                0x0000000020002a80       0x14 ./freertos/tasks.o
 .bss.xTasksWaitingTermination
                0x0000000020002a94       0x14 ./freertos/tasks.o
 .bss.xTickCount
                0x0000000020002aa8        0x4 ./freertos/tasks.o
 .bss.xYieldPending
                0x0000000020002aac        0x4 ./freertos/tasks.o
 .bss.pxCurrentTimerList
                0x0000000020002ab0        0x4 ./freertos/timers.o
 .bss.pxOverflowTimerList
                0x0000000020002ab4        0x4 ./freertos/timers.o
 .bss.xActiveTimerList1
                0x0000000020002ab8       0x14 ./freertos/timers.o
 .bss.xActiveTimerList2
                0x0000000020002acc       0x14 ./freertos/timers.o
 .bss.xLastTime.0
                0x0000000020002ae0        0x4 ./freertos/timers.o
 .bss.xTimerQueue
                0x0000000020002ae4        0x4 ./freertos/timers.o
 .bss.__malloc_free_list
                0x0000000020002ae8        0x4 /home/vlad/opt/gcc-arm-none-eabi-10-2020-q4-major/bin/../lib/gcc/arm-none-eabi/10.2.1/../../../../arm-none-eabi/lib/thumb/v7e-m/nofp/libg_nano.a(lib_a-nano-mallocr.o)
                0x0000000020002ae8                __malloc_free_list
 .bss.__malloc_sbrk_start
                0x0000000020002aec        0x4 /home/vlad/opt/gcc-arm-none-eabi-10-2020-q4-major/bin/../lib/gcc/arm-none-eabi/10.2.1/../../../../arm-none-eabi/lib/thumb/v7e-m/nofp/libg_nano.a(lib_a-nano-mallocr.o)
                0x0000000020002aec                __malloc_sbrk_start
 .bss.__lock___malloc_recursive_mutex
                0x0000000020002af0        0x1 /home/vlad/opt/gcc-arm-none-eabi-10-2020-q4-major/bin/../lib/gcc/arm-none-eabi/10.2.1/../../../../arm-none-eabi/lib/thumb/v7e-m/nofp/libg_nano.a(lib_a-lock.o)
                0x0000000020002af0                __lock___malloc_recursive_mutex
 *(COMMON)
 *(.bss_end .bss_end.*)
 *fill*         0x0000000020002af1        0x3 
 .bss_end       0x0000000020002af4        0x4 ./system/src/newlib/_startup.o
                0x0000000020002af8                . = ALIGN (0x4)
                0x0000000020002af8                __bss_end__ = .
                0x0000000020002af8                _ebss = .

.noinit_CCMRAM
 *(.noinit.CCMRAM .noinit.CCMRAM.*)

.noinit         0x0000000020002af8        0x0
                0x0000000020002af8                _noinit = .
 *(.noinit .noinit.*)
                0x0000000020002af8                . = ALIGN (0x4)
                0x0000000020002af8                _end_noinit = .
                [!provide]                        PROVIDE (end = _end_noinit)
                [!provide]                        PROVIDE (_end = _end_noinit)
                [!provide]                        PROVIDE (__end = _end_noinit)
                [!provide]                        PROVIDE (__end__ = _end_noinit)

._check_stack   0x0000000020002af8      0x100
                0x0000000020002bf8                . = (. + _Minimum_Stack_Size)
 *fill*         0x0000000020002af8      0x100 

.b1text
 *(.b1text)
 *(.b1rodata)
 *(.b1rodata.*)

.eb0text
 *(.eb0text)
 *(.eb0rodata)
 *(.eb0rodata.*)

.eb1text
 *(.eb1text)
 *(.eb1rodata)
 *(.eb1rodata.*)

.eb2text
 *(.eb2text)
 *(.eb2rodata)
 *(.eb2rodata.*)

.eb3text
 *(.eb3text)
 *(.eb3rodata)
 *(.eb3rodata.*)

.stab
 *(.stab)

.stabstr
 *(.stabstr)

.stab.excl
 *(.stab.excl)

.stab.exclstr
 *(.stab.exclstr)

.stab.index
 *(.stab.index)

.stab.indexstr
 *(.stab.indexstr)

.comment        0x0000000000000000       0x4d
 *(.comment)
 .comment       0x0000000000000000       0x4d ./system/src/stm32f4-hal/stm32f4xx_hal.o
                                         0x4e (size before relaxing)
 .comment       0x000000000000004d       0x4e ./system/src/stm32f4-hal/stm32f4xx_hal_cortex.o
 .comment       0x000000000000004d       0x4e ./system/src/stm32f4-hal/stm32f4xx_hal_gpio.o
 .comment       0x000000000000004d       0x4e ./system/src/stm32f4-hal/stm32f4xx_hal_rcc.o
 .comment       0x000000000000004d       0x4e ./system/src/newlib/_exit.o
 .comment       0x000000000000004d       0x4e ./system/src/newlib/_sbrk.o
 .comment       0x000000000000004d       0x4e ./system/src/newlib/_startup.o
 .comment       0x000000000000004d       0x4e ./system/src/newlib/_syscalls.o
 .comment       0x000000000000004d       0x4e ./system/src/newlib/assert.o
 .comment       0x000000000000004d       0x4e ./system/src/diag/Trace.o
 .comment       0x000000000000004d       0x4e ./system/src/diag/trace_impl.o
 .comment       0x000000000000004d       0x4e ./system/src/cortexm/_initialize_hardware.o
 .comment       0x000000000000004d       0x4e ./system/src/cortexm/exception_handlers.o
 .comment       0x000000000000004d       0x4e ./system/src/cmsis/system_stm32f4xx.o
 .comment       0x000000000000004d       0x4e ./system/src/cmsis/vectors_stm32f4xx.o
 .comment       0x000000000000004d       0x4e ./src/BlinkLed.o
 .comment       0x000000000000004d       0x4e ./src/FreeRTOS_helper.o
 .comment       0x000000000000004d       0x4e ./src/_initialize_hardware.o
 .comment       0x000000000000004d       0x4e ./src/main.o
 .comment       0x000000000000004d       0x4e ./freertos/portable/MemMang/heap_2.o
 .comment       0x000000000000004d       0x4e ./freertos/portable/GCC/ARM_CM3/port.o
 .comment       0x000000000000004d       0x4e ./freertos/list.o
 .comment       0x000000000000004d       0x4e ./freertos/queue.o
 .comment       0x000000000000004d       0x4e ./freertos/tasks.o
 .comment       0x000000000000004d       0x4e ./freertos/timers.o

.ARM.attributes
                0x0000000000000000       0x2c
 .ARM.attributes
                0x0000000000000000       0x2e ./system/src/stm32f4-hal/stm32f4xx_hal.o
 .ARM.attributes
                0x000000000000002e       0x2e ./system/src/stm32f4-hal/stm32f4xx_hal_cortex.o
 .ARM.attributes
                0x000000000000005c       0x2e ./system/src/stm32f4-hal/stm32f4xx_hal_gpio.o
 .ARM.attributes
                0x000000000000008a       0x2e ./system/src/stm32f4-hal/stm32f4xx_hal_rcc.o
 .ARM.attributes
                0x00000000000000b8       0x2e ./system/src/newlib/_exit.o
 .ARM.attributes
                0x00000000000000e6       0x2e ./system/src/newlib/_sbrk.o
 .ARM.attributes
                0x0000000000000114       0x2e ./system/src/newlib/_startup.o
 .ARM.attributes
                0x0000000000000142       0x2e ./system/src/newlib/_syscalls.o
 .ARM.attributes
                0x0000000000000170       0x2e ./system/src/newlib/assert.o
 .ARM.attributes
                0x000000000000019e       0x2e ./system/src/diag/Trace.o
 .ARM.attributes
                0x00000000000001cc       0x2e ./system/src/diag/trace_impl.o
 .ARM.attributes
                0x00000000000001fa       0x2e ./system/src/cortexm/_initialize_hardware.o
 .ARM.attributes
                0x0000000000000228       0x2e ./system/src/cortexm/exception_handlers.o
 .ARM.attributes
                0x0000000000000256       0x2e ./system/src/cmsis/system_stm32f4xx.o
 .ARM.attributes
                0x0000000000000284       0x2e ./system/src/cmsis/vectors_stm32f4xx.o
 .ARM.attributes
                0x00000000000002b2       0x2e ./src/BlinkLed.o
 .ARM.attributes
                0x00000000000002e0       0x2e ./src/FreeRTOS_helper.o
 .ARM.attributes
                0x000000000000030e       0x2e ./src/_initialize_hardware.o
 .ARM.attributes
                0x000000000000033c       0x2e ./src/main.o
 .ARM.attributes
                0x000000000000036a       0x2e ./freertos/portable/MemMang/heap_2.o
 .ARM.attributes
                0x0000000000000398       0x2e ./freertos/portable/GCC/ARM_CM3/port.o
 .ARM.attributes
                0x00000000000003c6       0x2e ./freertos/list.o
 .ARM.attributes
                0x00000000000003f4       0x2e ./freertos/queue.o
 .ARM.attributes
                0x0000000000000422       0x2e ./freertos/tasks.o
 .ARM.attributes
                0x0000000000000450       0x2e ./freertos/timers.o
 .ARM.attributes
                0x000000000000047e       0x2e /home/vlad/opt/gcc-arm-none-eabi-10-2020-q4-major/bin/../lib/gcc/arm-none-eabi/10.2.1/../../../../arm-none-eabi/lib/thumb/v7e-m/nofp/libg_nano.a(lib_a-errno.o)
 .ARM.attributes
                0x00000000000004ac       0x2e /home/vlad/opt/gcc-arm-none-eabi-10-2020-q4-major/bin/../lib/gcc/arm-none-eabi/10.2.1/../../../../arm-none-eabi/lib/thumb/v7e-m/nofp/libg_nano.a(lib_a-impure.o)
 .ARM.attributes
                0x00000000000004da       0x2e /home/vlad/opt/gcc-arm-none-eabi-10-2020-q4-major/bin/../lib/gcc/arm-none-eabi/10.2.1/../../../../arm-none-eabi/lib/thumb/v7e-m/nofp/libg_nano.a(lib_a-memcmp.o)
 .ARM.attributes
                0x0000000000000508       0x2e /home/vlad/opt/gcc-arm-none-eabi-10-2020-q4-major/bin/../lib/gcc/arm-none-eabi/10.2.1/../../../../arm-none-eabi/lib/thumb/v7e-m/nofp/libg_nano.a(lib_a-memcpy-stub.o)
 .ARM.attributes
                0x0000000000000536       0x2e /home/vlad/opt/gcc-arm-none-eabi-10-2020-q4-major/bin/../lib/gcc/arm-none-eabi/10.2.1/../../../../arm-none-eabi/lib/thumb/v7e-m/nofp/libg_nano.a(lib_a-memset.o)
 .ARM.attributes
                0x0000000000000564       0x17 /home/vlad/opt/gcc-arm-none-eabi-10-2020-q4-major/bin/../lib/gcc/arm-none-eabi/10.2.1/../../../../arm-none-eabi/lib/thumb/v7e-m/nofp/libg_nano.a(lib_a-strlen.o)
 .ARM.attributes
                0x000000000000057b       0x2e /home/vlad/opt/gcc-arm-none-eabi-10-2020-q4-major/bin/../lib/gcc/arm-none-eabi/10.2.1/../../../../arm-none-eabi/lib/thumb/v7e-m/nofp/libg_nano.a(lib_a-vsnprintf.o)
 .ARM.attributes
                0x00000000000005a9       0x2e /home/vlad/opt/gcc-arm-none-eabi-10-2020-q4-major/bin/../lib/gcc/arm-none-eabi/10.2.1/../../../../arm-none-eabi/lib/thumb/v7e-m/nofp/libg_nano.a(lib_a-nano-svfprintf.o)
 .ARM.attributes
                0x00000000000005d7       0x2e /home/vlad/opt/gcc-arm-none-eabi-10-2020-q4-major/bin/../lib/gcc/arm-none-eabi/10.2.1/../../../../arm-none-eabi/lib/thumb/v7e-m/nofp/libg_nano.a(lib_a-nano-vfprintf_i.o)
 .ARM.attributes
                0x0000000000000605       0x1c /home/vlad/opt/gcc-arm-none-eabi-10-2020-q4-major/bin/../lib/gcc/arm-none-eabi/10.2.1/../../../../arm-none-eabi/lib/thumb/v7e-m/nofp/libg_nano.a(lib_a-memchr.o)
 .ARM.attributes
                0x0000000000000621       0x2e /home/vlad/opt/gcc-arm-none-eabi-10-2020-q4-major/bin/../lib/gcc/arm-none-eabi/10.2.1/../../../../arm-none-eabi/lib/thumb/v7e-m/nofp/libg_nano.a(lib_a-memmove.o)
 .ARM.attributes
                0x000000000000064f       0x2e /home/vlad/opt/gcc-arm-none-eabi-10-2020-q4-major/bin/../lib/gcc/arm-none-eabi/10.2.1/../../../../arm-none-eabi/lib/thumb/v7e-m/nofp/libg_nano.a(lib_a-nano-freer.o)
 .ARM.attributes
                0x000000000000067d       0x2e /home/vlad/opt/gcc-arm-none-eabi-10-2020-q4-major/bin/../lib/gcc/arm-none-eabi/10.2.1/../../../../arm-none-eabi/lib/thumb/v7e-m/nofp/libg_nano.a(lib_a-nano-mallocr.o)
 .ARM.attributes
                0x00000000000006ab       0x2e /home/vlad/opt/gcc-arm-none-eabi-10-2020-q4-major/bin/../lib/gcc/arm-none-eabi/10.2.1/../../../../arm-none-eabi/lib/thumb/v7e-m/nofp/libg_nano.a(lib_a-nano-reallocr.o)
 .ARM.attributes
                0x00000000000006d9       0x2e /home/vlad/opt/gcc-arm-none-eabi-10-2020-q4-major/bin/../lib/gcc/arm-none-eabi/10.2.1/../../../../arm-none-eabi/lib/thumb/v7e-m/nofp/libg_nano.a(lib_a-sbrkr.o)
 .ARM.attributes
                0x0000000000000707       0x2e /home/vlad/opt/gcc-arm-none-eabi-10-2020-q4-major/bin/../lib/gcc/arm-none-eabi/10.2.1/../../../../arm-none-eabi/lib/thumb/v7e-m/nofp/libg_nano.a(lib_a-mlock.o)
 .ARM.attributes
                0x0000000000000735       0x2e /home/vlad/opt/gcc-arm-none-eabi-10-2020-q4-major/bin/../lib/gcc/arm-none-eabi/10.2.1/../../../../arm-none-eabi/lib/thumb/v7e-m/nofp/libg_nano.a(lib_a-nano-msizer.o)
 .ARM.attributes
                0x0000000000000763       0x2e /home/vlad/opt/gcc-arm-none-eabi-10-2020-q4-major/bin/../lib/gcc/arm-none-eabi/10.2.1/../../../../arm-none-eabi/lib/thumb/v7e-m/nofp/libg_nano.a(lib_a-lock.o)

.debug
 *(.debug)

.line
 *(.line)

.debug_srcinfo
 *(.debug_srcinfo)

.debug_sfnames
 *(.debug_sfnames)

.debug_aranges  0x0000000000000000      0x970
 *(.debug_aranges)
 .debug_aranges
                0x0000000000000000       0xc0 ./system/src/stm32f4-hal/stm32f4xx_hal.o
 .debug_aranges
                0x00000000000000c0       0x90 ./system/src/stm32f4-hal/stm32f4xx_hal_cortex.o
 .debug_aranges
                0x0000000000000150       0x58 ./system/src/stm32f4-hal/stm32f4xx_hal_gpio.o
 .debug_aranges
                0x00000000000001a8       0x88 ./system/src/stm32f4-hal/stm32f4xx_hal_rcc.o
 .debug_aranges
                0x0000000000000230       0x28 ./system/src/newlib/_exit.o
 .debug_aranges
                0x0000000000000258       0x20 ./system/src/newlib/_sbrk.o
 .debug_aranges
                0x0000000000000278       0x40 ./system/src/newlib/_startup.o
 .debug_aranges
                0x00000000000002b8       0x30 ./system/src/newlib/_syscalls.o
 .debug_aranges
                0x00000000000002e8       0x28 ./system/src/newlib/assert.o
 .debug_aranges
                0x0000000000000310       0x38 ./system/src/diag/Trace.o
 .debug_aranges
                0x0000000000000348       0x30 ./system/src/diag/trace_impl.o
 .debug_aranges
                0x0000000000000378       0x28 ./system/src/cortexm/_initialize_hardware.o
 .debug_aranges
                0x00000000000003a0       0x90 ./system/src/cortexm/exception_handlers.o
 .debug_aranges
                0x0000000000000430       0x28 ./system/src/cmsis/system_stm32f4xx.o
 .debug_aranges
                0x0000000000000458       0x20 ./system/src/cmsis/vectors_stm32f4xx.o
 .debug_aranges
                0x0000000000000478       0x20 ./src/BlinkLed.o
 .debug_aranges
                0x0000000000000498       0x30 ./src/FreeRTOS_helper.o
 .debug_aranges
                0x00000000000004c8       0x28 ./src/_initialize_hardware.o
 .debug_aranges
                0x00000000000004f0       0x38 ./src/main.o
 .debug_aranges
                0x0000000000000528       0x40 ./freertos/portable/MemMang/heap_2.o
 .debug_aranges
                0x0000000000000568       0x98 ./freertos/portable/GCC/ARM_CM3/port.o
 .debug_aranges
                0x0000000000000600       0x40 ./freertos/list.o
 .debug_aranges
                0x0000000000000640       0xd0 ./freertos/queue.o
 .debug_aranges
                0x0000000000000710      0x1b8 ./freertos/tasks.o
 .debug_aranges
                0x00000000000008c8       0xa8 ./freertos/timers.o

.debug_pubnames
 *(.debug_pubnames)

.debug_info     0x0000000000000000     0xc696
 *(.debug_info .gnu.linkonce.wi.*)
 .debug_info    0x0000000000000000      0x9d9 ./system/src/stm32f4-hal/stm32f4xx_hal.o
 .debug_info    0x00000000000009d9      0xf7a ./system/src/stm32f4-hal/stm32f4xx_hal_cortex.o
 .debug_info    0x0000000000001953      0x914 ./system/src/stm32f4-hal/stm32f4xx_hal_gpio.o
 .debug_info    0x0000000000002267     0x144a ./system/src/stm32f4-hal/stm32f4xx_hal_rcc.o
 .debug_info    0x00000000000036b1       0xf2 ./system/src/newlib/_exit.o
 .debug_info    0x00000000000037a3      0x112 ./system/src/newlib/_sbrk.o
 .debug_info    0x00000000000038b5      0x570 ./system/src/newlib/_startup.o
 .debug_info    0x0000000000003e25      0x1c1 ./system/src/newlib/_syscalls.o
 .debug_info    0x0000000000003fe6      0x1c1 ./system/src/newlib/assert.o
 .debug_info    0x00000000000041a7      0x30b ./system/src/diag/Trace.o
 .debug_info    0x00000000000044b2      0x31f ./system/src/diag/trace_impl.o
 .debug_info    0x00000000000047d1      0x2ba ./system/src/cortexm/_initialize_hardware.o
 .debug_info    0x0000000000004a8b      0x983 ./system/src/cortexm/exception_handlers.o
 .debug_info    0x000000000000540e      0x4f9 ./system/src/cmsis/system_stm32f4xx.o
 .debug_info    0x0000000000005907       0xd1 ./system/src/cmsis/vectors_stm32f4xx.o
 .debug_info    0x00000000000059d8      0x409 ./src/BlinkLed.o
 .debug_info    0x0000000000005de1      0x191 ./src/FreeRTOS_helper.o
 .debug_info    0x0000000000005f72      0x50f ./src/_initialize_hardware.o
 .debug_info    0x0000000000006481      0x622 ./src/main.o
 .debug_info    0x0000000000006aa3      0x371 ./freertos/portable/MemMang/heap_2.o
 .debug_info    0x0000000000006e14      0x5cf ./freertos/portable/GCC/ARM_CM3/port.o
 .debug_info    0x00000000000073e3      0x2cd ./freertos/list.o
 .debug_info    0x00000000000076b0     0x16e6 ./freertos/queue.o
 .debug_info    0x0000000000008d96     0x2755 ./freertos/tasks.o
 .debug_info    0x000000000000b4eb     0x11ab ./freertos/timers.o

.debug_abbrev   0x0000000000000000     0x29d8
 *(.debug_abbrev)
 .debug_abbrev  0x0000000000000000      0x270 ./system/src/stm32f4-hal/stm32f4xx_hal.o
 .debug_abbrev  0x0000000000000270      0x34d ./system/src/stm32f4-hal/stm32f4xx_hal_cortex.o
 .debug_abbrev  0x00000000000005bd      0x22e ./system/src/stm32f4-hal/stm32f4xx_hal_gpio.o
 .debug_abbrev  0x00000000000007eb      0x2b2 ./system/src/stm32f4-hal/stm32f4xx_hal_rcc.o
 .debug_abbrev  0x0000000000000a9d       0x97 ./system/src/newlib/_exit.o
 .debug_abbrev  0x0000000000000b34       0xcd ./system/src/newlib/_sbrk.o
 .debug_abbrev  0x0000000000000c01      0x222 ./system/src/newlib/_startup.o
 .debug_abbrev  0x0000000000000e23      0x107 ./system/src/newlib/_syscalls.o
 .debug_abbrev  0x0000000000000f2a       0xb6 ./system/src/newlib/assert.o
 .debug_abbrev  0x0000000000000fe0      0x173 ./system/src/diag/Trace.o
 .debug_abbrev  0x0000000000001153      0x1d5 ./system/src/diag/trace_impl.o
 .debug_abbrev  0x0000000000001328       0xe9 ./system/src/cortexm/_initialize_hardware.o
 .debug_abbrev  0x0000000000001411      0x267 ./system/src/cortexm/exception_handlers.o
 .debug_abbrev  0x0000000000001678      0x12f ./system/src/cmsis/system_stm32f4xx.o
 .debug_abbrev  0x00000000000017a7       0xa5 ./system/src/cmsis/vectors_stm32f4xx.o
 .debug_abbrev  0x000000000000184c      0x164 ./src/BlinkLed.o
 .debug_abbrev  0x00000000000019b0       0xc0 ./src/FreeRTOS_helper.o
 .debug_abbrev  0x0000000000001a70      0x153 ./src/_initialize_hardware.o
 .debug_abbrev  0x0000000000001bc3      0x1fa ./src/main.o
 .debug_abbrev  0x0000000000001dbd      0x1c0 ./freertos/portable/MemMang/heap_2.o
 .debug_abbrev  0x0000000000001f7d      0x251 ./freertos/portable/GCC/ARM_CM3/port.o
 .debug_abbrev  0x00000000000021ce      0x102 ./freertos/list.o
 .debug_abbrev  0x00000000000022d0      0x209 ./freertos/queue.o
 .debug_abbrev  0x00000000000024d9      0x2da ./freertos/tasks.o
 .debug_abbrev  0x00000000000027b3      0x225 ./freertos/timers.o

.debug_line     0x0000000000000000     0xfd65
 *(.debug_line)
 .debug_line    0x0000000000000000      0xc2a ./system/src/stm32f4-hal/stm32f4xx_hal.o
 .debug_line    0x0000000000000c2a      0xe6d ./system/src/stm32f4-hal/stm32f4xx_hal_cortex.o
 .debug_line    0x0000000000001a97      0xfef ./system/src/stm32f4-hal/stm32f4xx_hal_gpio.o
 .debug_line    0x0000000000002a86     0x1733 ./system/src/stm32f4-hal/stm32f4xx_hal_rcc.o
 .debug_line    0x00000000000041b9      0x359 ./system/src/newlib/_exit.o
 .debug_line    0x0000000000004512      0x344 ./system/src/newlib/_sbrk.o
 .debug_line    0x0000000000004856      0x630 ./system/src/newlib/_startup.o
 .debug_line    0x0000000000004e86      0x450 ./system/src/newlib/_syscalls.o
 .debug_line    0x00000000000052d6      0x395 ./system/src/newlib/assert.o
 .debug_line    0x000000000000566b      0x433 ./system/src/diag/Trace.o
 .debug_line    0x0000000000005a9e      0xac0 ./system/src/diag/trace_impl.o
 .debug_line    0x000000000000655e      0x9bc ./system/src/cortexm/_initialize_hardware.o
 .debug_line    0x0000000000006f1a      0xce0 ./system/src/cortexm/exception_handlers.o
 .debug_line    0x0000000000007bfa      0xa7d ./system/src/cmsis/system_stm32f4xx.o
 .debug_line    0x0000000000008677      0x114 ./system/src/cmsis/vectors_stm32f4xx.o
 .debug_line    0x000000000000878b      0x9b6 ./src/BlinkLed.o
 .debug_line    0x0000000000009141      0xaef ./src/FreeRTOS_helper.o
 .debug_line    0x0000000000009c30      0xa1a ./src/_initialize_hardware.o
 .debug_line    0x000000000000a64a      0xc40 ./src/main.o
 .debug_line    0x000000000000b28a      0x5bd ./freertos/portable/MemMang/heap_2.o
 .debug_line    0x000000000000b847      0x657 ./freertos/portable/GCC/ARM_CM3/port.o
 .debug_line    0x000000000000be9e      0x524 ./freertos/list.o
 .debug_line    0x000000000000c3c2     0x109e ./freertos/queue.o
 .debug_line    0x000000000000d460     0x1e95 ./freertos/tasks.o
 .debug_line    0x000000000000f2f5      0xa70 ./freertos/timers.o

.debug_frame    0x0000000000000000     0x1a94
 *(.debug_frame)
 .debug_frame   0x0000000000000000      0x188 ./system/src/stm32f4-hal/stm32f4xx_hal.o
 .debug_frame   0x0000000000000188      0x164 ./system/src/stm32f4-hal/stm32f4xx_hal_cortex.o
 .debug_frame   0x00000000000002ec       0xfc ./system/src/stm32f4-hal/stm32f4xx_hal_gpio.o
 .debug_frame   0x00000000000003e8      0x144 ./system/src/stm32f4-hal/stm32f4xx_hal_rcc.o
 .debug_frame   0x000000000000052c       0x38 ./system/src/newlib/_exit.o
 .debug_frame   0x0000000000000564       0x28 ./system/src/newlib/_sbrk.o
 .debug_frame   0x000000000000058c       0x7c ./system/src/newlib/_startup.o
 .debug_frame   0x0000000000000608       0x50 ./system/src/newlib/_syscalls.o
 .debug_frame   0x0000000000000658       0x40 ./system/src/newlib/assert.o
 .debug_frame   0x0000000000000698       0x94 ./system/src/diag/Trace.o
 .debug_frame   0x000000000000072c       0x64 ./system/src/diag/trace_impl.o
 .debug_frame   0x0000000000000790       0x40 ./system/src/cortexm/_initialize_hardware.o
 .debug_frame   0x00000000000007d0      0x158 ./system/src/cortexm/exception_handlers.o
 .debug_frame   0x0000000000000928       0x30 ./system/src/cmsis/system_stm32f4xx.o
 .debug_frame   0x0000000000000958       0x20 ./system/src/cmsis/vectors_stm32f4xx.o
 .debug_frame   0x0000000000000978       0x30 ./src/BlinkLed.o
 .debug_frame   0x00000000000009a8       0x48 ./src/FreeRTOS_helper.o
 .debug_frame   0x00000000000009f0       0x48 ./src/_initialize_hardware.o
 .debug_frame   0x0000000000000a38       0x74 ./src/main.o
 .debug_frame   0x0000000000000aac       0x80 ./freertos/portable/MemMang/heap_2.o
 .debug_frame   0x0000000000000b2c      0x154 ./freertos/portable/GCC/ARM_CM3/port.o
 .debug_frame   0x0000000000000c80       0x70 ./freertos/list.o
 .debug_frame   0x0000000000000cf0      0x27c ./freertos/queue.o
 .debug_frame   0x0000000000000f6c      0x54c ./freertos/tasks.o
 .debug_frame   0x00000000000014b8      0x218 ./freertos/timers.o
 .debug_frame   0x00000000000016d0       0x20 /home/vlad/opt/gcc-arm-none-eabi-10-2020-q4-major/bin/../lib/gcc/arm-none-eabi/10.2.1/../../../../arm-none-eabi/lib/thumb/v7e-m/nofp/libg_nano.a(lib_a-errno.o)
 .debug_frame   0x00000000000016f0       0x28 /home/vlad/opt/gcc-arm-none-eabi-10-2020-q4-major/bin/../lib/gcc/arm-none-eabi/10.2.1/../../../../arm-none-eabi/lib/thumb/v7e-m/nofp/libg_nano.a(lib_a-memcmp.o)
 .debug_frame   0x0000000000001718       0x28 /home/vlad/opt/gcc-arm-none-eabi-10-2020-q4-major/bin/../lib/gcc/arm-none-eabi/10.2.1/../../../../arm-none-eabi/lib/thumb/v7e-m/nofp/libg_nano.a(lib_a-memcpy-stub.o)
 .debug_frame   0x0000000000001740       0x20 /home/vlad/opt/gcc-arm-none-eabi-10-2020-q4-major/bin/../lib/gcc/arm-none-eabi/10.2.1/../../../../arm-none-eabi/lib/thumb/v7e-m/nofp/libg_nano.a(lib_a-memset.o)
 .debug_frame   0x0000000000001760       0x4c /home/vlad/opt/gcc-arm-none-eabi-10-2020-q4-major/bin/../lib/gcc/arm-none-eabi/10.2.1/../../../../arm-none-eabi/lib/thumb/v7e-m/nofp/libg_nano.a(lib_a-vsnprintf.o)
 .debug_frame   0x00000000000017ac       0x90 /home/vlad/opt/gcc-arm-none-eabi-10-2020-q4-major/bin/../lib/gcc/arm-none-eabi/10.2.1/../../../../arm-none-eabi/lib/thumb/v7e-m/nofp/libg_nano.a(lib_a-nano-svfprintf.o)
 .debug_frame   0x000000000000183c       0x60 /home/vlad/opt/gcc-arm-none-eabi-10-2020-q4-major/bin/../lib/gcc/arm-none-eabi/10.2.1/../../../../arm-none-eabi/lib/thumb/v7e-m/nofp/libg_nano.a(lib_a-nano-vfprintf_i.o)
 .debug_frame   0x000000000000189c       0x28 /home/vlad/opt/gcc-arm-none-eabi-10-2020-q4-major/bin/../lib/gcc/arm-none-eabi/10.2.1/../../../../arm-none-eabi/lib/thumb/v7e-m/nofp/libg_nano.a(lib_a-memmove.o)
 .debug_frame   0x00000000000018c4       0x38 /home/vlad/opt/gcc-arm-none-eabi-10-2020-q4-major/bin/../lib/gcc/arm-none-eabi/10.2.1/../../../../arm-none-eabi/lib/thumb/v7e-m/nofp/libg_nano.a(lib_a-nano-freer.o)
 .debug_frame   0x00000000000018fc       0x30 /home/vlad/opt/gcc-arm-none-eabi-10-2020-q4-major/bin/../lib/gcc/arm-none-eabi/10.2.1/../../../../arm-none-eabi/lib/thumb/v7e-m/nofp/libg_nano.a(lib_a-nano-mallocr.o)
 .debug_frame   0x000000000000192c       0x3c /home/vlad/opt/gcc-arm-none-eabi-10-2020-q4-major/bin/../lib/gcc/arm-none-eabi/10.2.1/../../../../arm-none-eabi/lib/thumb/v7e-m/nofp/libg_nano.a(lib_a-nano-reallocr.o)
 .debug_frame   0x0000000000001968       0x2c /home/vlad/opt/gcc-arm-none-eabi-10-2020-q4-major/bin/../lib/gcc/arm-none-eabi/10.2.1/../../../../arm-none-eabi/lib/thumb/v7e-m/nofp/libg_nano.a(lib_a-sbrkr.o)
 .debug_frame   0x0000000000001994       0x30 /home/vlad/opt/gcc-arm-none-eabi-10-2020-q4-major/bin/../lib/gcc/arm-none-eabi/10.2.1/../../../../arm-none-eabi/lib/thumb/v7e-m/nofp/libg_nano.a(lib_a-mlock.o)
 .debug_frame   0x00000000000019c4       0x20 /home/vlad/opt/gcc-arm-none-eabi-10-2020-q4-major/bin/../lib/gcc/arm-none-eabi/10.2.1/../../../../arm-none-eabi/lib/thumb/v7e-m/nofp/libg_nano.a(lib_a-nano-msizer.o)
 .debug_frame   0x00000000000019e4       0xb0 /home/vlad/opt/gcc-arm-none-eabi-10-2020-q4-major/bin/../lib/gcc/arm-none-eabi/10.2.1/../../../../arm-none-eabi/lib/thumb/v7e-m/nofp/libg_nano.a(lib_a-lock.o)

.debug_str      0x0000000000000000    0xa560b
 *(.debug_str)
 .debug_str     0x0000000000000000    0x9a002 ./system/src/stm32f4-hal/stm32f4xx_hal.o
                                      0x9a400 (size before relaxing)
 .debug_str     0x000000000009a002      0x2ad ./system/src/stm32f4-hal/stm32f4xx_hal_cortex.o
                                      0x9a15a (size before relaxing)
 .debug_str     0x000000000009a2af      0x2de ./system/src/stm32f4-hal/stm32f4xx_hal_gpio.o
                                      0x99c6c (size before relaxing)
 .debug_str     0x000000000009a58d      0x393 ./system/src/stm32f4-hal/stm32f4xx_hal_rcc.o
                                      0x99e17 (size before relaxing)
 .debug_str     0x000000000009a920     0x10cf ./system/src/newlib/_exit.o
                                       0x7707 (size before relaxing)
 .debug_str     0x000000000009b9ef      0x366 ./system/src/newlib/_sbrk.o
                                       0x6ae8 (size before relaxing)
 .debug_str     0x000000000009bd55      0x2cc ./system/src/newlib/_startup.o
                                       0x6354 (size before relaxing)
 .debug_str     0x000000000009c021     0x14f8 ./system/src/newlib/_syscalls.o
                                       0x8028 (size before relaxing)
 .debug_str     0x000000000009d519       0xd5 ./system/src/newlib/assert.o
                                       0x820c (size before relaxing)
 .debug_str     0x000000000009d5ee      0x176 ./system/src/diag/Trace.o
                                       0x7e8d (size before relaxing)
 .debug_str     0x000000000009d764      0x37b ./system/src/diag/trace_impl.o
                                      0x9ab5b (size before relaxing)
 .debug_str     0x000000000009dadf       0x5e ./system/src/cortexm/_initialize_hardware.o
                                      0x99923 (size before relaxing)
 .debug_str     0x000000000009db3d      0x182 ./system/src/cortexm/exception_handlers.o
                                      0x9acf2 (size before relaxing)
 .debug_str     0x000000000009dcbf       0x46 ./system/src/cmsis/system_stm32f4xx.o
                                      0x99a02 (size before relaxing)
 .debug_str     0x000000000009dd05       0x57 ./system/src/cmsis/vectors_stm32f4xx.o
                                       0x3840 (size before relaxing)
 .debug_str     0x000000000009dd5c      0x12f ./src/BlinkLed.o
                                      0x99ad8 (size before relaxing)
 .debug_str     0x000000000009de8b     0x312c ./src/FreeRTOS_helper.o
                                      0x9c96f (size before relaxing)
 .debug_str     0x00000000000a0fb7       0x31 ./src/_initialize_hardware.o
                                      0x99b08 (size before relaxing)
 .debug_str     0x00000000000a0fe8     0x1340 ./src/main.o
                                      0x9ee4a (size before relaxing)
 .debug_str     0x00000000000a2328      0x3c8 ./freertos/portable/MemMang/heap_2.o
                                       0x9b43 (size before relaxing)
 .debug_str     0x00000000000a26f0      0x881 ./freertos/portable/GCC/ARM_CM3/port.o
                                       0x7438 (size before relaxing)
 .debug_str     0x00000000000a2f71      0x125 ./freertos/list.o
                                       0x9301 (size before relaxing)
 .debug_str     0x00000000000a3096      0x6fb ./freertos/queue.o
                                       0xab17 (size before relaxing)
 .debug_str     0x00000000000a3791     0x1a08 ./freertos/tasks.o
                                       0xb6fb (size before relaxing)
 .debug_str     0x00000000000a5199      0x472 ./freertos/timers.o
                                       0xb0af (size before relaxing)

.debug_loc      0x0000000000000000     0x6d6c
 *(.debug_loc)
 .debug_loc     0x0000000000000000      0x12f ./system/src/stm32f4-hal/stm32f4xx_hal.o
 .debug_loc     0x000000000000012f      0x883 ./system/src/stm32f4-hal/stm32f4xx_hal_cortex.o
 .debug_loc     0x00000000000009b2      0x6ab ./system/src/stm32f4-hal/stm32f4xx_hal_gpio.o
 .debug_loc     0x000000000000105d      0xaca ./system/src/stm32f4-hal/stm32f4xx_hal_rcc.o
 .debug_loc     0x0000000000001b27       0x15 ./system/src/newlib/_exit.o
 .debug_loc     0x0000000000001b3c       0x97 ./system/src/newlib/_sbrk.o
 .debug_loc     0x0000000000001bd3      0x49b ./system/src/newlib/_startup.o
 .debug_loc     0x000000000000206e       0x6f ./system/src/newlib/_syscalls.o
 .debug_loc     0x00000000000020dd      0x17d ./system/src/newlib/assert.o
 .debug_loc     0x000000000000225a      0x118 ./system/src/diag/Trace.o
 .debug_loc     0x0000000000002372      0x194 ./system/src/diag/trace_impl.o
 .debug_loc     0x0000000000002506      0x35c ./system/src/cortexm/exception_handlers.o
 .debug_loc     0x0000000000002862      0x158 ./system/src/cmsis/system_stm32f4xx.o
 .debug_loc     0x00000000000029ba       0x54 ./src/FreeRTOS_helper.o
 .debug_loc     0x0000000000002a0e       0x94 ./src/main.o
 .debug_loc     0x0000000000002aa2      0x241 ./freertos/portable/MemMang/heap_2.o
 .debug_loc     0x0000000000002ce3      0x1f4 ./freertos/portable/GCC/ARM_CM3/port.o
 .debug_loc     0x0000000000002ed7       0xad ./freertos/list.o
 .debug_loc     0x0000000000002f84     0x1316 ./freertos/queue.o
 .debug_loc     0x000000000000429a     0x1e2b ./freertos/tasks.o
 .debug_loc     0x00000000000060c5      0xca7 ./freertos/timers.o

.debug_macinfo
 *(.debug_macinfo)

.debug_weaknames
 *(.debug_weaknames)

.debug_funcnames
 *(.debug_funcnames)

.debug_typenames
 *(.debug_typenames)

.debug_varnames
 *(.debug_varnames)
OUTPUT(f407-disc-freertos.elf elf32-littlearm)
LOAD linker stubs

.debug_ranges   0x0000000000000000      0x9c8
 .debug_ranges  0x0000000000000000       0xb0 ./system/src/stm32f4-hal/stm32f4xx_hal.o
 .debug_ranges  0x00000000000000b0       0xe0 ./system/src/stm32f4-hal/stm32f4xx_hal_cortex.o
 .debug_ranges  0x0000000000000190       0x48 ./system/src/stm32f4-hal/stm32f4xx_hal_gpio.o
 .debug_ranges  0x00000000000001d8       0x78 ./system/src/stm32f4-hal/stm32f4xx_hal_rcc.o
 .debug_ranges  0x0000000000000250       0x18 ./system/src/newlib/_exit.o
 .debug_ranges  0x0000000000000268       0x10 ./system/src/newlib/_sbrk.o
 .debug_ranges  0x0000000000000278       0x78 ./system/src/newlib/_startup.o
 .debug_ranges  0x00000000000002f0       0x20 ./system/src/newlib/_syscalls.o
 .debug_ranges  0x0000000000000310       0x18 ./system/src/newlib/assert.o
 .debug_ranges  0x0000000000000328       0x28 ./system/src/diag/Trace.o
 .debug_ranges  0x0000000000000350       0x38 ./system/src/diag/trace_impl.o
 .debug_ranges  0x0000000000000388       0x18 ./system/src/cortexm/_initialize_hardware.o
 .debug_ranges  0x00000000000003a0       0x98 ./system/src/cortexm/exception_handlers.o
 .debug_ranges  0x0000000000000438       0x18 ./system/src/cmsis/system_stm32f4xx.o
 .debug_ranges  0x0000000000000450       0x10 ./system/src/cmsis/vectors_stm32f4xx.o
 .debug_ranges  0x0000000000000460       0x10 ./src/BlinkLed.o
 .debug_ranges  0x0000000000000470       0x20 ./src/FreeRTOS_helper.o
 .debug_ranges  0x0000000000000490       0x18 ./src/_initialize_hardware.o
 .debug_ranges  0x00000000000004a8       0x28 ./src/main.o
 .debug_ranges  0x00000000000004d0       0x30 ./freertos/portable/MemMang/heap_2.o
 .debug_ranges  0x0000000000000500       0x88 ./freertos/portable/GCC/ARM_CM3/port.o
 .debug_ranges  0x0000000000000588       0x30 ./freertos/list.o
 .debug_ranges  0x00000000000005b8       0xc0 ./freertos/queue.o
 .debug_ranges  0x0000000000000678      0x2b8 ./freertos/tasks.o
 .debug_ranges  0x0000000000000930       0x98 ./freertos/timers.o

.debug_macro    0x0000000000000000    0x1c046
 .debug_macro   0x0000000000000000      0x4f7 ./system/src/stm32f4-hal/stm32f4xx_hal.o
 .debug_macro   0x00000000000004f7      0xa7e ./system/src/stm32f4-hal/stm32f4xx_hal.o
 .debug_macro   0x0000000000000f75      0x250 ./system/src/stm32f4-hal/stm32f4xx_hal.o
 .debug_macro   0x00000000000011c5       0x2e ./system/src/stm32f4-hal/stm32f4xx_hal.o
 .debug_macro   0x00000000000011f3       0x28 ./system/src/stm32f4-hal/stm32f4xx_hal.o
 .debug_macro   0x000000000000121b       0x3b ./system/src/stm32f4-hal/stm32f4xx_hal.o
 .debug_macro   0x0000000000001256      0x34e ./system/src/stm32f4-hal/stm32f4xx_hal.o
 .debug_macro   0x00000000000015a4       0x2d ./system/src/stm32f4-hal/stm32f4xx_hal.o
 .debug_macro   0x00000000000015d1       0x26 ./system/src/stm32f4-hal/stm32f4xx_hal.o
 .debug_macro   0x00000000000015f7      0xd39 ./system/src/stm32f4-hal/stm32f4xx_hal.o
 .debug_macro   0x0000000000002330     0x9255 ./system/src/stm32f4-hal/stm32f4xx_hal.o
 .debug_macro   0x000000000000b585       0x43 ./system/src/stm32f4-hal/stm32f4xx_hal.o
 .debug_macro   0x000000000000b5c8     0x296e ./system/src/stm32f4-hal/stm32f4xx_hal.o
 .debug_macro   0x000000000000df36       0x22 ./system/src/stm32f4-hal/stm32f4xx_hal.o
 .debug_macro   0x000000000000df58       0x5e ./system/src/stm32f4-hal/stm32f4xx_hal.o
 .debug_macro   0x000000000000dfb6       0x18 ./system/src/stm32f4-hal/stm32f4xx_hal.o
 .debug_macro   0x000000000000dfce       0x94 ./system/src/stm32f4-hal/stm32f4xx_hal.o
 .debug_macro   0x000000000000e062       0x35 ./system/src/stm32f4-hal/stm32f4xx_hal.o
 .debug_macro   0x000000000000e097       0x34 ./system/src/stm32f4-hal/stm32f4xx_hal.o
 .debug_macro   0x000000000000e0cb       0x16 ./system/src/stm32f4-hal/stm32f4xx_hal.o
 .debug_macro   0x000000000000e0e1       0x57 ./system/src/stm32f4-hal/stm32f4xx_hal.o
 .debug_macro   0x000000000000e138       0x97 ./system/src/stm32f4-hal/stm32f4xx_hal.o
 .debug_macro   0x000000000000e1cf      0x333 ./system/src/stm32f4-hal/stm32f4xx_hal.o
 .debug_macro   0x000000000000e502       0xfd ./system/src/stm32f4-hal/stm32f4xx_hal.o
 .debug_macro   0x000000000000e5ff       0x10 ./system/src/stm32f4-hal/stm32f4xx_hal.o
 .debug_macro   0x000000000000e60f       0x16 ./system/src/stm32f4-hal/stm32f4xx_hal.o
 .debug_macro   0x000000000000e625       0x43 ./system/src/stm32f4-hal/stm32f4xx_hal.o
 .debug_macro   0x000000000000e668       0x34 ./system/src/stm32f4-hal/stm32f4xx_hal.o
 .debug_macro   0x000000000000e69c       0x10 ./system/src/stm32f4-hal/stm32f4xx_hal.o
 .debug_macro   0x000000000000e6ac       0x58 ./system/src/stm32f4-hal/stm32f4xx_hal.o
 .debug_macro   0x000000000000e704      0x182 ./system/src/stm32f4-hal/stm32f4xx_hal.o
 .debug_macro   0x000000000000e886       0x10 ./system/src/stm32f4-hal/stm32f4xx_hal.o
 .debug_macro   0x000000000000e896       0x6a ./system/src/stm32f4-hal/stm32f4xx_hal.o
 .debug_macro   0x000000000000e900       0x1c ./system/src/stm32f4-hal/stm32f4xx_hal.o
 .debug_macro   0x000000000000e91c       0x52 ./system/src/stm32f4-hal/stm32f4xx_hal.o
 .debug_macro   0x000000000000e96e       0x22 ./system/src/stm32f4-hal/stm32f4xx_hal.o
 .debug_macro   0x000000000000e990       0x10 ./system/src/stm32f4-hal/stm32f4xx_hal.o
 .debug_macro   0x000000000000e9a0       0x40 ./system/src/stm32f4-hal/stm32f4xx_hal.o
 .debug_macro   0x000000000000e9e0       0xd5 ./system/src/stm32f4-hal/stm32f4xx_hal.o
 .debug_macro   0x000000000000eab5       0x1c ./system/src/stm32f4-hal/stm32f4xx_hal.o
 .debug_macro   0x000000000000ead1       0x3d ./system/src/stm32f4-hal/stm32f4xx_hal.o
 .debug_macro   0x000000000000eb0e       0x16 ./system/src/stm32f4-hal/stm32f4xx_hal.o
 .debug_macro   0x000000000000eb24      0x16f ./system/src/stm32f4-hal/stm32f4xx_hal.o
 .debug_macro   0x000000000000ec93       0x57 ./system/src/stm32f4-hal/stm32f4xx_hal.o
 .debug_macro   0x000000000000ecea      0x432 ./system/src/stm32f4-hal/stm32f4xx_hal.o
 .debug_macro   0x000000000000f11c      0xbb0 ./system/src/stm32f4-hal/stm32f4xx_hal.o
 .debug_macro   0x000000000000fccc      0x11e ./system/src/stm32f4-hal/stm32f4xx_hal.o
 .debug_macro   0x000000000000fdea      0x13e ./system/src/stm32f4-hal/stm32f4xx_hal.o
 .debug_macro   0x000000000000ff28       0x27 ./system/src/stm32f4-hal/stm32f4xx_hal.o
 .debug_macro   0x000000000000ff4f      0x272 ./system/src/stm32f4-hal/stm32f4xx_hal.o
 .debug_macro   0x00000000000101c1       0x5f ./system/src/stm32f4-hal/stm32f4xx_hal.o
 .debug_macro   0x0000000000010220       0x5d ./system/src/stm32f4-hal/stm32f4xx_hal.o
 .debug_macro   0x000000000001027d      0x31a ./system/src/stm32f4-hal/stm32f4xx_hal.o
 .debug_macro   0x0000000000010597      0x15b ./system/src/stm32f4-hal/stm32f4xx_hal.o
 .debug_macro   0x00000000000106f2       0xd6 ./system/src/stm32f4-hal/stm32f4xx_hal.o
 .debug_macro   0x00000000000107c8      0x360 ./system/src/stm32f4-hal/stm32f4xx_hal.o
 .debug_macro   0x0000000000010b28       0x23 ./system/src/stm32f4-hal/stm32f4xx_hal.o
 .debug_macro   0x0000000000010b4b       0xe6 ./system/src/stm32f4-hal/stm32f4xx_hal.o
 .debug_macro   0x0000000000010c31       0xa1 ./system/src/stm32f4-hal/stm32f4xx_hal.o
 .debug_macro   0x0000000000010cd2       0x3c ./system/src/stm32f4-hal/stm32f4xx_hal.o
 .debug_macro   0x0000000000010d0e      0x1af ./system/src/stm32f4-hal/stm32f4xx_hal.o
 .debug_macro   0x0000000000010ebd      0xda8 ./system/src/stm32f4-hal/stm32f4xx_hal.o
 .debug_macro   0x0000000000011c65      0x133 ./system/src/stm32f4-hal/stm32f4xx_hal.o
 .debug_macro   0x0000000000011d98      0x217 ./system/src/stm32f4-hal/stm32f4xx_hal.o
 .debug_macro   0x0000000000011faf       0x2e ./system/src/stm32f4-hal/stm32f4xx_hal.o
 .debug_macro   0x0000000000011fdd      0x4ef ./system/src/stm32f4-hal/stm32f4xx_hal.o
 .debug_macro   0x00000000000124cc       0x88 ./system/src/stm32f4-hal/stm32f4xx_hal.o
 .debug_macro   0x0000000000012554       0xd5 ./system/src/stm32f4-hal/stm32f4xx_hal.o
 .debug_macro   0x0000000000012629      0x183 ./system/src/stm32f4-hal/stm32f4xx_hal.o
 .debug_macro   0x00000000000127ac      0x17d ./system/src/stm32f4-hal/stm32f4xx_hal.o
 .debug_macro   0x0000000000012929       0x9e ./system/src/stm32f4-hal/stm32f4xx_hal.o
 .debug_macro   0x00000000000129c7      0x1a7 ./system/src/stm32f4-hal/stm32f4xx_hal.o
 .debug_macro   0x0000000000012b6e       0x43 ./system/src/stm32f4-hal/stm32f4xx_hal.o
 .debug_macro   0x0000000000012bb1       0x97 ./system/src/stm32f4-hal/stm32f4xx_hal.o
 .debug_macro   0x0000000000012c48      0x12c ./system/src/stm32f4-hal/stm32f4xx_hal.o
 .debug_macro   0x0000000000012d74       0x71 ./system/src/stm32f4-hal/stm32f4xx_hal.o
 .debug_macro   0x0000000000012de5       0x90 ./system/src/stm32f4-hal/stm32f4xx_hal.o
 .debug_macro   0x0000000000012e75       0x7c ./system/src/stm32f4-hal/stm32f4xx_hal.o
 .debug_macro   0x0000000000012ef1      0x31a ./system/src/stm32f4-hal/stm32f4xx_hal.o
 .debug_macro   0x000000000001320b      0x409 ./system/src/stm32f4-hal/stm32f4xx_hal.o
 .debug_macro   0x0000000000013614       0xe4 ./system/src/stm32f4-hal/stm32f4xx_hal.o
 .debug_macro   0x00000000000136f8      0x48d ./system/src/stm32f4-hal/stm32f4xx_hal.o
 .debug_macro   0x0000000000013b85      0x22b ./system/src/stm32f4-hal/stm32f4xx_hal.o
 .debug_macro   0x0000000000013db0      0x202 ./system/src/stm32f4-hal/stm32f4xx_hal.o
 .debug_macro   0x0000000000013fb2      0x6d9 ./system/src/stm32f4-hal/stm32f4xx_hal.o
 .debug_macro   0x000000000001468b       0x59 ./system/src/stm32f4-hal/stm32f4xx_hal.o
 .debug_macro   0x00000000000146e4      0x14d ./system/src/stm32f4-hal/stm32f4xx_hal.o
 .debug_macro   0x0000000000014831      0x287 ./system/src/stm32f4-hal/stm32f4xx_hal.o
 .debug_macro   0x0000000000014ab8      0x225 ./system/src/stm32f4-hal/stm32f4xx_hal.o
 .debug_macro   0x0000000000014cdd      0x1b5 ./system/src/stm32f4-hal/stm32f4xx_hal.o
 .debug_macro   0x0000000000014e92      0x2db ./system/src/stm32f4-hal/stm32f4xx_hal.o
 .debug_macro   0x000000000001516d       0x94 ./system/src/stm32f4-hal/stm32f4xx_hal.o
 .debug_macro   0x0000000000015201      0x1df ./system/src/stm32f4-hal/stm32f4xx_hal.o
 .debug_macro   0x00000000000153e0      0x10b ./system/src/stm32f4-hal/stm32f4xx_hal.o
 .debug_macro   0x00000000000154eb       0x75 ./system/src/stm32f4-hal/stm32f4xx_hal.o
 .debug_macro   0x0000000000015560      0x126 ./system/src/stm32f4-hal/stm32f4xx_hal.o
 .debug_macro   0x0000000000015686      0x4a9 ./system/src/stm32f4-hal/stm32f4xx_hal_cortex.o
 .debug_macro   0x0000000000015b2f      0x4e1 ./system/src/stm32f4-hal/stm32f4xx_hal_gpio.o
 .debug_macro   0x0000000000016010      0x4d3 ./system/src/stm32f4-hal/stm32f4xx_hal_rcc.o
 .debug_macro   0x00000000000164e3      0x1ae ./system/src/newlib/_exit.o
 .debug_macro   0x0000000000016691      0x10e ./system/src/newlib/_exit.o
 .debug_macro   0x000000000001679f       0x8d ./system/src/newlib/_exit.o
 .debug_macro   0x000000000001682c       0x35 ./system/src/newlib/_exit.o
 .debug_macro   0x0000000000016861      0x163 ./system/src/newlib/_sbrk.o
 .debug_macro   0x00000000000169c4      0x174 ./system/src/newlib/_sbrk.o
 .debug_macro   0x0000000000016b38       0x10 ./system/src/newlib/_sbrk.o
 .debug_macro   0x0000000000016b48      0x23b ./system/src/newlib/_sbrk.o
 .debug_macro   0x0000000000016d83      0x15f ./system/src/newlib/_startup.o
 .debug_macro   0x0000000000016ee2      0xa84 ./system/src/newlib/_startup.o
 .debug_macro   0x0000000000017966      0x220 ./system/src/newlib/_syscalls.o
 .debug_macro   0x0000000000017b86       0x1c ./system/src/newlib/_syscalls.o
 .debug_macro   0x0000000000017ba2       0x10 ./system/src/newlib/_syscalls.o
 .debug_macro   0x0000000000017bb2       0x10 ./system/src/newlib/_syscalls.o
 .debug_macro   0x0000000000017bc2       0x10 ./system/src/newlib/_syscalls.o
 .debug_macro   0x0000000000017bd2       0x35 ./system/src/newlib/_syscalls.o
 .debug_macro   0x0000000000017c07      0x12c ./system/src/newlib/_syscalls.o
 .debug_macro   0x0000000000017d33       0xce ./system/src/newlib/_syscalls.o
 .debug_macro   0x0000000000017e01       0x7c ./system/src/newlib/_syscalls.o
 .debug_macro   0x0000000000017e7d       0x17 ./system/src/newlib/_syscalls.o
 .debug_macro   0x0000000000017e94      0x118 ./system/src/newlib/_syscalls.o
 .debug_macro   0x0000000000017fac      0x189 ./system/src/newlib/_syscalls.o
 .debug_macro   0x0000000000018135       0x16 ./system/src/newlib/_syscalls.o
 .debug_macro   0x000000000001814b      0x1ca ./system/src/newlib/assert.o
 .debug_macro   0x0000000000018315       0x1c ./system/src/newlib/assert.o
 .debug_macro   0x0000000000018331      0x1f5 ./system/src/diag/Trace.o
 .debug_macro   0x0000000000018526       0x4c ./system/src/diag/Trace.o
 .debug_macro   0x0000000000018572       0x16 ./system/src/diag/Trace.o
 .debug_macro   0x0000000000018588      0x4ef ./system/src/diag/trace_impl.o
 .debug_macro   0x0000000000018a77       0x22 ./system/src/diag/trace_impl.o
 .debug_macro   0x0000000000018a99      0x4b3 ./system/src/cortexm/_initialize_hardware.o
 .debug_macro   0x0000000000018f4c      0x521 ./system/src/cortexm/exception_handlers.o
 .debug_macro   0x000000000001946d      0x4af ./system/src/cmsis/system_stm32f4xx.o
 .debug_macro   0x000000000001991c       0x34 ./system/src/cmsis/vectors_stm32f4xx.o
 .debug_macro   0x0000000000019950      0x4b8 ./src/BlinkLed.o
 .debug_macro   0x0000000000019e08       0x28 ./src/BlinkLed.o
 .debug_macro   0x0000000000019e30      0x511 ./src/FreeRTOS_helper.o
 .debug_macro   0x000000000001a341      0x175 ./src/FreeRTOS_helper.o
 .debug_macro   0x000000000001a4b6      0x15d ./src/FreeRTOS_helper.o
 .debug_macro   0x000000000001a613       0xd2 ./src/FreeRTOS_helper.o
 .debug_macro   0x000000000001a6e5       0x10 ./src/FreeRTOS_helper.o
 .debug_macro   0x000000000001a6f5       0x1f ./src/FreeRTOS_helper.o
 .debug_macro   0x000000000001a714      0x288 ./src/FreeRTOS_helper.o
 .debug_macro   0x000000000001a99c       0xc0 ./src/FreeRTOS_helper.o
 .debug_macro   0x000000000001aa5c       0x8c ./src/FreeRTOS_helper.o
 .debug_macro   0x000000000001aae8      0x4a9 ./src/_initialize_hardware.o
 .debug_macro   0x000000000001af91      0x5a7 ./src/main.o
 .debug_macro   0x000000000001b538       0xb0 ./src/main.o
 .debug_macro   0x000000000001b5e8       0x7f ./src/main.o
 .debug_macro   0x000000000001b667      0x18f ./freertos/portable/MemMang/heap_2.o
 .debug_macro   0x000000000001b7f6      0x130 ./freertos/portable/GCC/ARM_CM3/port.o
 .debug_macro   0x000000000001b926      0x161 ./freertos/list.o
 .debug_macro   0x000000000001ba87      0x1e7 ./freertos/queue.o
 .debug_macro   0x000000000001bc6e      0x223 ./freertos/tasks.o
 .debug_macro   0x000000000001be91       0x17 ./freertos/tasks.o
 .debug_macro   0x000000000001bea8      0x19e ./freertos/timers.o